Archive member included to satisfy reference by file (symbol)

../interlock_bsp/\libhal_bsp.a(alt_getchar.o)
                              obj/default/hello_world_small.o (alt_getchar)
../interlock_bsp/\libhal_bsp.a(alt_load.o)
                              ../interlock_bsp//obj/HAL/src/crt0.o (alt_load)
../interlock_bsp/\libhal_bsp.a(alt_main.o)
                              ../interlock_bsp//obj/HAL/src/crt0.o (alt_main)
../interlock_bsp/\libhal_bsp.a(alt_printf.o)
                              obj/default/hello_world_small.o (alt_printf)
../interlock_bsp/\libhal_bsp.a(alt_putchar.o)
                              ../interlock_bsp/\libhal_bsp.a(alt_printf.o) (alt_putchar)
../interlock_bsp/\libhal_bsp.a(alt_putstr.o)
                              obj/default/hello_world_small.o (alt_putstr)
../interlock_bsp/\libhal_bsp.a(alt_usleep.o)
                              obj/default/hello_world_small.o (usleep)
../interlock_bsp/\libhal_bsp.a(alt_sys_init.o)
                              ../interlock_bsp/\libhal_bsp.a(alt_main.o) (alt_irq_init)
../interlock_bsp/\libhal_bsp.a(altera_avalon_jtag_uart_read.o)
                              ../interlock_bsp/\libhal_bsp.a(alt_getchar.o) (altera_avalon_jtag_uart_read)
../interlock_bsp/\libhal_bsp.a(altera_avalon_jtag_uart_write.o)
                              ../interlock_bsp/\libhal_bsp.a(alt_putchar.o) (altera_avalon_jtag_uart_write)
../interlock_bsp/\libhal_bsp.a(alt_busy_sleep.o)
                              ../interlock_bsp/\libhal_bsp.a(alt_usleep.o) (alt_busy_sleep)
../interlock_bsp/\libhal_bsp.a(alt_dcache_flush_all.o)
                              ../interlock_bsp/\libhal_bsp.a(alt_load.o) (alt_dcache_flush_all)
../interlock_bsp/\libhal_bsp.a(alt_dev.o)
                              ../interlock_bsp/\libhal_bsp.a(alt_getchar.o) (alt_fd_list)
../interlock_bsp/\libhal_bsp.a(alt_icache_flush_all.o)
                              ../interlock_bsp/\libhal_bsp.a(alt_load.o) (alt_icache_flush_all)
../interlock_bsp/\libhal_bsp.a(altera_nios2_gen2_irq.o)
                              ../interlock_bsp/\libhal_bsp.a(alt_sys_init.o) (altera_nios2_gen2_irq_init)
c:/altera/15.1/nios2eds/bin/gnu/h-x86_64-mingw32/bin/../lib/gcc/nios2-elf/4.9.2/../../../../../H-x86_64-mingw32/nios2-elf/lib/mno-hw-mul\libsmallc.a(lib_a-strlen.o)
                              ../interlock_bsp/\libhal_bsp.a(alt_putstr.o) (strlen)
c:/altera/15.1/nios2eds/bin/gnu/h-x86_64-mingw32/bin/../lib/gcc/nios2-elf/4.9.2/mno-hw-mul\libgcc.a(lib2-divmod.o)
                              ../interlock_bsp/\libhal_bsp.a(alt_busy_sleep.o) (__udivsi3)
c:/altera/15.1/nios2eds/bin/gnu/h-x86_64-mingw32/bin/../lib/gcc/nios2-elf/4.9.2/mno-hw-mul\libgcc.a(lib2-mul.o)
                              ../interlock_bsp/\libhal_bsp.a(alt_busy_sleep.o) (__mulsi3)

Memory Configuration

Name             Origin             Length             Attributes
reset            0x0000000000001000 0x0000000000000020
onchip_memory    0x0000000000001020 0x0000000000000fe0
*default*        0x0000000000000000 0xffffffffffffffff

Linker script and memory map

LOAD ../interlock_bsp//obj/HAL/src/crt0.o
LOAD obj/default/hello_world_small.o
LOAD c:/altera/15.1/nios2eds/bin/gnu/h-x86_64-mingw32/bin/../lib/gcc/nios2-elf/4.9.2/../../../../../H-x86_64-mingw32/nios2-elf/lib/mno-hw-mul\libstdc++.a
LOAD c:/altera/15.1/nios2eds/bin/gnu/h-x86_64-mingw32/bin/../lib/gcc/nios2-elf/4.9.2/../../../../../H-x86_64-mingw32/nios2-elf/lib/mno-hw-mul\libm.a
LOAD c:/altera/15.1/nios2eds/bin/gnu/h-x86_64-mingw32/bin/../lib/gcc/nios2-elf/4.9.2/mno-hw-mul\libgcc.a
START GROUP
LOAD c:/altera/15.1/nios2eds/bin/gnu/h-x86_64-mingw32/bin/../lib/gcc/nios2-elf/4.9.2/../../../../../H-x86_64-mingw32/nios2-elf/lib/mno-hw-mul\libsmallc.a
LOAD c:/altera/15.1/nios2eds/bin/gnu/h-x86_64-mingw32/bin/../lib/gcc/nios2-elf/4.9.2/mno-hw-mul\libgcc.a
LOAD ../interlock_bsp/\libhal_bsp.a
LOAD c:/altera/15.1/nios2eds/bin/gnu/h-x86_64-mingw32/bin/../lib/gcc/nios2-elf/4.9.2/../../../../../H-x86_64-mingw32/nios2-elf/lib/mno-hw-mul\libm.a
END GROUP
LOAD c:/altera/15.1/nios2eds/bin/gnu/h-x86_64-mingw32/bin/../lib/gcc/nios2-elf/4.9.2/mno-hw-mul\libgcc.a
                0x0000000000001000                __alt_mem_onchip_memory = 0x1000

.entry          0x0000000000001000       0x20
 *(.entry)
 .entry         0x0000000000001000       0x20 ../interlock_bsp//obj/HAL/src/crt0.o
                0x0000000000001000                __reset
                0x000000000000100c                _exit

.exceptions     0x0000000000001020        0x0
                0x0000000000001020                PROVIDE (__ram_exceptions_start, ABSOLUTE (.))
                0x0000000000001020                . = ALIGN (0x20)
 *(.irq)
 *(.exceptions.entry.label)
 *(.exceptions.entry.user)
 *(.exceptions.entry.ecc_fatal)
 *(.exceptions.entry)
 *(.exceptions.irqtest.user)
 *(.exceptions.irqtest)
 *(.exceptions.irqhandler.user)
 *(.exceptions.irqhandler)
 *(.exceptions.irqreturn.user)
 *(.exceptions.irqreturn)
 *(.exceptions.notirq.label)
 *(.exceptions.notirq.user)
 *(.exceptions.notirq)
 *(.exceptions.soft.user)
 *(.exceptions.soft)
 *(.exceptions.unknown.user)
 *(.exceptions.unknown)
 *(.exceptions.exit.label)
 *(.exceptions.exit.user)
 *(.exceptions.exit)
 *(.exceptions)
                0x0000000000001020                PROVIDE (__ram_exceptions_end, ABSOLUTE (.))
                0x0000000000001020                PROVIDE (__flash_exceptions_start, LOADADDR (.exceptions))

.text           0x0000000000001020      0x778
                0x0000000000001020                PROVIDE (stext, ABSOLUTE (.))
 *(.interp)
 *(.hash)
 *(.dynsym)
 *(.dynstr)
 *(.gnu.version)
 *(.gnu.version_d)
 *(.gnu.version_r)
 *(.rel.init)
 *(.rela.init)
 *(.rel.text .rel.text.* .rel.gnu.linkonce.t.*)
 *(.rela.text .rela.text.* .rela.gnu.linkonce.t.*)
 *(.rel.fini)
 *(.rela.fini)
 *(.rel.rodata .rel.rodata.* .rel.gnu.linkonce.r.*)
 *(.rela.rodata .rela.rodata.* .rela.gnu.linkonce.r.*)
 *(.rel.data .rel.data.* .rel.gnu.linkonce.d.*)
 *(.rela.data .rela.data.* .rela.gnu.linkonce.d.*)
 *(.rel.tdata .rel.tdata.* .rel.gnu.linkonce.td.*)
 *(.rela.tdata .rela.tdata.* .rela.gnu.linkonce.td.*)
 *(.rel.tbss .rel.tbss.* .rel.gnu.linkonce.tb.*)
 *(.rela.tbss .rela.tbss.* .rela.gnu.linkonce.tb.*)
 *(.rel.ctors)
 *(.rela.ctors)
 *(.rel.dtors)
 *(.rela.dtors)
 *(.rel.got)
 *(.rela.got)
 *(.rel.sdata .rel.sdata.* .rel.gnu.linkonce.s.*)
 *(.rela.sdata .rela.sdata.* .rela.gnu.linkonce.s.*)
 *(.rel.sbss .rel.sbss.* .rel.gnu.linkonce.sb.*)
 *(.rela.sbss .rela.sbss.* .rela.gnu.linkonce.sb.*)
 *(.rel.sdata2 .rel.sdata2.* .rel.gnu.linkonce.s2.*)
 *(.rela.sdata2 .rela.sdata2.* .rela.gnu.linkonce.s2.*)
 *(.rel.sbss2 .rel.sbss2.* .rel.gnu.linkonce.sb2.*)
 *(.rela.sbss2 .rela.sbss2.* .rela.gnu.linkonce.sb2.*)
 *(.rel.bss .rel.bss.* .rel.gnu.linkonce.b.*)
 *(.rela.bss .rela.bss.* .rela.gnu.linkonce.b.*)
 *(.rel.plt)
 *(.rela.plt)
 *(.rel.dyn)
 *(.init)
 *(.plt)
 *(.text .stub .text.* .gnu.linkonce.t.*)
 .text          0x0000000000001020       0x3c ../interlock_bsp//obj/HAL/src/crt0.o
                0x0000000000001020                _start
 .text          0x000000000000105c        0x0 obj/default/hello_world_small.o
 .text.startup  0x000000000000105c      0x120 obj/default/hello_world_small.o
                0x000000000000105c                main
 .text          0x000000000000117c       0x44 ../interlock_bsp/\libhal_bsp.a(alt_getchar.o)
                0x000000000000117c                alt_getchar
 .text          0x00000000000011c0       0xf8 ../interlock_bsp/\libhal_bsp.a(alt_load.o)
                0x00000000000011c0                alt_load
 .text          0x00000000000012b8       0x2c ../interlock_bsp/\libhal_bsp.a(alt_main.o)
                0x00000000000012b8                alt_main
 .text          0x00000000000012e4      0x16c ../interlock_bsp/\libhal_bsp.a(alt_printf.o)
                0x00000000000012e4                alt_printf
 .text          0x0000000000001450       0x48 ../interlock_bsp/\libhal_bsp.a(alt_putchar.o)
                0x0000000000001450                alt_putchar
 .text          0x0000000000001498       0x38 ../interlock_bsp/\libhal_bsp.a(alt_putstr.o)
                0x0000000000001498                alt_putstr
 .text          0x00000000000014d0        0x4 ../interlock_bsp/\libhal_bsp.a(alt_usleep.o)
                0x00000000000014d0                usleep
 .text          0x00000000000014d4       0x24 ../interlock_bsp/\libhal_bsp.a(alt_sys_init.o)
                0x00000000000014d4                alt_irq_init
                0x00000000000014f4                alt_sys_init
 .text          0x00000000000014f8       0x5c ../interlock_bsp/\libhal_bsp.a(altera_avalon_jtag_uart_read.o)
                0x00000000000014f8                altera_avalon_jtag_uart_read
 .text          0x0000000000001554       0x34 ../interlock_bsp/\libhal_bsp.a(altera_avalon_jtag_uart_write.o)
                0x0000000000001554                altera_avalon_jtag_uart_write
 .text          0x0000000000001588       0x88 ../interlock_bsp/\libhal_bsp.a(alt_busy_sleep.o)
                0x0000000000001588                alt_busy_sleep
 .text          0x0000000000001610        0x4 ../interlock_bsp/\libhal_bsp.a(alt_dcache_flush_all.o)
                0x0000000000001610                alt_dcache_flush_all
 .text          0x0000000000001614        0x8 ../interlock_bsp/\libhal_bsp.a(alt_dev.o)
 .text          0x000000000000161c        0x4 ../interlock_bsp/\libhal_bsp.a(alt_icache_flush_all.o)
                0x000000000000161c                alt_icache_flush_all
 .text          0x0000000000001620        0x8 ../interlock_bsp/\libhal_bsp.a(altera_nios2_gen2_irq.o)
                0x0000000000001620                altera_nios2_gen2_irq_init
 .text          0x0000000000001628        0x0 c:/altera/15.1/nios2eds/bin/gnu/h-x86_64-mingw32/bin/../lib/gcc/nios2-elf/4.9.2/../../../../../H-x86_64-mingw32/nios2-elf/lib/mno-hw-mul\libsmallc.a(lib_a-strlen.o)
 .text.strlen   0x0000000000001628       0x1c c:/altera/15.1/nios2eds/bin/gnu/h-x86_64-mingw32/bin/../lib/gcc/nios2-elf/4.9.2/../../../../../H-x86_64-mingw32/nios2-elf/lib/mno-hw-mul\libsmallc.a(lib_a-strlen.o)
                0x0000000000001628                strlen
 .text          0x0000000000001644      0x12c c:/altera/15.1/nios2eds/bin/gnu/h-x86_64-mingw32/bin/../lib/gcc/nios2-elf/4.9.2/mno-hw-mul\libgcc.a(lib2-divmod.o)
                0x00000000000016b0                __divsi3
                0x0000000000001704                __modsi3
                0x0000000000001760                __udivsi3
                0x0000000000001768                __umodsi3
 .text          0x0000000000001770       0x28 c:/altera/15.1/nios2eds/bin/gnu/h-x86_64-mingw32/bin/../lib/gcc/nios2-elf/4.9.2/mno-hw-mul\libgcc.a(lib2-mul.o)
                0x0000000000001770                __mulsi3
 *(.gnu.warning.*)
 *(.fini)
                0x0000000000001798                PROVIDE (__etext, ABSOLUTE (.))
                0x0000000000001798                PROVIDE (_etext, ABSOLUTE (.))
                0x0000000000001798                PROVIDE (etext, ABSOLUTE (.))
 *(.eh_frame_hdr)
                0x0000000000001798                . = ALIGN (0x4)
                0x0000000000001798                PROVIDE (__preinit_array_start, ABSOLUTE (.))
 *(.preinit_array)
                0x0000000000001798                PROVIDE (__preinit_array_end, ABSOLUTE (.))
                0x0000000000001798                PROVIDE (__init_array_start, ABSOLUTE (.))
 *(.init_array)
                0x0000000000001798                PROVIDE (__init_array_end, ABSOLUTE (.))
                0x0000000000001798                PROVIDE (__fini_array_start, ABSOLUTE (.))
 *(.fini_array)
                0x0000000000001798                PROVIDE (__fini_array_end, ABSOLUTE (.))
 *(.eh_frame)
 *(.gcc_except_table .gcc_except_table.*)
 *(.dynamic)
                0x0000000000001798                PROVIDE (__CTOR_LIST__, ABSOLUTE (.))
 *(.ctors)
 *(SORT(.ctors.*))
                0x0000000000001798                PROVIDE (__CTOR_END__, ABSOLUTE (.))
                0x0000000000001798                PROVIDE (__DTOR_LIST__, ABSOLUTE (.))
 *(.dtors)
 *(SORT(.dtors.*))
                0x0000000000001798                PROVIDE (__DTOR_END__, ABSOLUTE (.))
 *(.jcr)
                0x0000000000001798                . = ALIGN (0x4)

.rodata         0x0000000000001798       0xd0
                0x0000000000001798                PROVIDE (__ram_rodata_start, ABSOLUTE (.))
                0x0000000000001798                . = ALIGN (0x4)
 *(.rodata .rodata.* .gnu.linkonce.r.*)
 .rodata.str1.4
                0x0000000000001798       0xc4 obj/default/hello_world_small.o
 .rodata.str1.4
                0x000000000000185c        0xc ../interlock_bsp/\libhal_bsp.a(alt_dev.o)
 *(.rodata1)
                0x0000000000001868                . = ALIGN (0x4)
                0x0000000000001868                PROVIDE (__ram_rodata_end, ABSOLUTE (.))
                0x0000000000001798                PROVIDE (__flash_rodata_start, LOADADDR (.rodata))

.rwdata         0x0000000000001868       0x70 load address 0x00000000000018d8
                0x0000000000001868                PROVIDE (__ram_rwdata_start, ABSOLUTE (.))
                0x0000000000001868                . = ALIGN (0x4)
 *(.got.plt)
 *(.got)
 *(.data1)
 *(.data .data.* .gnu.linkonce.d.*)
 .data          0x0000000000001868        0x0 ../interlock_bsp//obj/HAL/src/crt0.o
 .data          0x0000000000001868        0x0 obj/default/hello_world_small.o
 .data          0x0000000000001868        0x0 ../interlock_bsp/\libhal_bsp.a(alt_getchar.o)
 .data          0x0000000000001868        0x0 ../interlock_bsp/\libhal_bsp.a(alt_load.o)
 .data          0x0000000000001868        0x0 ../interlock_bsp/\libhal_bsp.a(alt_main.o)
 .data          0x0000000000001868        0x0 ../interlock_bsp/\libhal_bsp.a(alt_printf.o)
 .data          0x0000000000001868        0x0 ../interlock_bsp/\libhal_bsp.a(alt_putchar.o)
 .data          0x0000000000001868        0x0 ../interlock_bsp/\libhal_bsp.a(alt_putstr.o)
 .data          0x0000000000001868        0x0 ../interlock_bsp/\libhal_bsp.a(alt_usleep.o)
 .data          0x0000000000001868        0x0 ../interlock_bsp/\libhal_bsp.a(alt_sys_init.o)
 .data          0x0000000000001868        0x0 ../interlock_bsp/\libhal_bsp.a(altera_avalon_jtag_uart_read.o)
 .data          0x0000000000001868        0x0 ../interlock_bsp/\libhal_bsp.a(altera_avalon_jtag_uart_write.o)
 .data          0x0000000000001868        0x0 ../interlock_bsp/\libhal_bsp.a(alt_busy_sleep.o)
 .data          0x0000000000001868        0x0 ../interlock_bsp/\libhal_bsp.a(alt_dcache_flush_all.o)
 .data          0x0000000000001868       0x58 ../interlock_bsp/\libhal_bsp.a(alt_dev.o)
                0x0000000000001868                alt_fd_list
                0x0000000000001898                alt_dev_null
 .data          0x00000000000018c0        0x0 ../interlock_bsp/\libhal_bsp.a(alt_icache_flush_all.o)
 .data          0x00000000000018c0        0x0 ../interlock_bsp/\libhal_bsp.a(altera_nios2_gen2_irq.o)
 .data          0x00000000000018c0        0x0 c:/altera/15.1/nios2eds/bin/gnu/h-x86_64-mingw32/bin/../lib/gcc/nios2-elf/4.9.2/../../../../../H-x86_64-mingw32/nios2-elf/lib/mno-hw-mul\libsmallc.a(lib_a-strlen.o)
 .data          0x00000000000018c0        0x0 c:/altera/15.1/nios2eds/bin/gnu/h-x86_64-mingw32/bin/../lib/gcc/nios2-elf/4.9.2/mno-hw-mul\libgcc.a(lib2-divmod.o)
 .data          0x00000000000018c0        0x0 c:/altera/15.1/nios2eds/bin/gnu/h-x86_64-mingw32/bin/../lib/gcc/nios2-elf/4.9.2/mno-hw-mul\libgcc.a(lib2-mul.o)
                0x00000000000098c0                _gp = ABSOLUTE ((. + 0x8000))
                0x00000000000098c0                PROVIDE (gp, _gp)
 *(.rwdata .rwdata.*)
 *(.sdata .sdata.* .gnu.linkonce.s.*)
 .sdata         0x00000000000018c0        0x4 ../interlock_bsp/\libhal_bsp.a(alt_sys_init.o)
                0x00000000000018c0                jtag_uart
 .sdata         0x00000000000018c4       0x14 ../interlock_bsp/\libhal_bsp.a(alt_dev.o)
                0x00000000000018c4                alt_max_fd
                0x00000000000018c8                alt_dev_list
                0x00000000000018d0                alt_fs_list
 *(.sdata2 .sdata2.* .gnu.linkonce.s2.*)
                0x00000000000018d8                . = ALIGN (0x4)
                0x00000000000018d8                _edata = ABSOLUTE (.)
                0x00000000000018d8                PROVIDE (edata, ABSOLUTE (.))
                0x00000000000018d8                PROVIDE (__ram_rwdata_end, ABSOLUTE (.))
                0x00000000000018d8                PROVIDE (__flash_rwdata_start, LOADADDR (.rwdata))

.bss            0x0000000000001948        0xc
                0x0000000000001948                __bss_start = ABSOLUTE (.)
                0x0000000000001948                PROVIDE (__sbss_start, ABSOLUTE (.))
                0x0000000000001948                PROVIDE (___sbss_start, ABSOLUTE (.))
 *(.dynsbss)
 *(.sbss .sbss.* .gnu.linkonce.sb.*)
 .sbss          0x0000000000001948        0xc ../interlock_bsp/\libhal_bsp.a(alt_main.o)
                0x0000000000001948                alt_envp
                0x000000000000194c                alt_argv
                0x0000000000001950                alt_argc
 *(.sbss2 .sbss2.* .gnu.linkonce.sb2.*)
 *(.scommon)
                0x0000000000001954                PROVIDE (__sbss_end, ABSOLUTE (.))
                0x0000000000001954                PROVIDE (___sbss_end, ABSOLUTE (.))
 *(.dynbss)
 *(.bss .bss.* .gnu.linkonce.b.*)
 .bss           0x0000000000001954        0x0 ../interlock_bsp//obj/HAL/src/crt0.o
 .bss           0x0000000000001954        0x0 obj/default/hello_world_small.o
 .bss           0x0000000000001954        0x0 ../interlock_bsp/\libhal_bsp.a(alt_getchar.o)
 .bss           0x0000000000001954        0x0 ../interlock_bsp/\libhal_bsp.a(alt_load.o)
 .bss           0x0000000000001954        0x0 ../interlock_bsp/\libhal_bsp.a(alt_main.o)
 .bss           0x0000000000001954        0x0 ../interlock_bsp/\libhal_bsp.a(alt_printf.o)
 .bss           0x0000000000001954        0x0 ../interlock_bsp/\libhal_bsp.a(alt_putchar.o)
 .bss           0x0000000000001954        0x0 ../interlock_bsp/\libhal_bsp.a(alt_putstr.o)
 .bss           0x0000000000001954        0x0 ../interlock_bsp/\libhal_bsp.a(alt_usleep.o)
 .bss           0x0000000000001954        0x0 ../interlock_bsp/\libhal_bsp.a(alt_sys_init.o)
 .bss           0x0000000000001954        0x0 ../interlock_bsp/\libhal_bsp.a(altera_avalon_jtag_uart_read.o)
 .bss           0x0000000000001954        0x0 ../interlock_bsp/\libhal_bsp.a(altera_avalon_jtag_uart_write.o)
 .bss           0x0000000000001954        0x0 ../interlock_bsp/\libhal_bsp.a(alt_busy_sleep.o)
 .bss           0x0000000000001954        0x0 ../interlock_bsp/\libhal_bsp.a(alt_dcache_flush_all.o)
 .bss           0x0000000000001954        0x0 ../interlock_bsp/\libhal_bsp.a(alt_dev.o)
 .bss           0x0000000000001954        0x0 ../interlock_bsp/\libhal_bsp.a(alt_icache_flush_all.o)
 .bss           0x0000000000001954        0x0 ../interlock_bsp/\libhal_bsp.a(altera_nios2_gen2_irq.o)
 .bss           0x0000000000001954        0x0 c:/altera/15.1/nios2eds/bin/gnu/h-x86_64-mingw32/bin/../lib/gcc/nios2-elf/4.9.2/../../../../../H-x86_64-mingw32/nios2-elf/lib/mno-hw-mul\libsmallc.a(lib_a-strlen.o)
 .bss           0x0000000000001954        0x0 c:/altera/15.1/nios2eds/bin/gnu/h-x86_64-mingw32/bin/../lib/gcc/nios2-elf/4.9.2/mno-hw-mul\libgcc.a(lib2-divmod.o)
 .bss           0x0000000000001954        0x0 c:/altera/15.1/nios2eds/bin/gnu/h-x86_64-mingw32/bin/../lib/gcc/nios2-elf/4.9.2/mno-hw-mul\libgcc.a(lib2-mul.o)
 *(COMMON)
                0x0000000000001954                . = ALIGN (0x4)
                0x0000000000001954                __bss_end = ABSOLUTE (.)

.onchip_memory  0x0000000000001954        0x0
                0x0000000000001954                PROVIDE (_alt_partition_onchip_memory_start, ABSOLUTE (.))
 *(.onchip_memory .onchip_memory. onchip_memory.*)
                0x0000000000001954                . = ALIGN (0x4)
                0x0000000000001954                PROVIDE (_alt_partition_onchip_memory_end, ABSOLUTE (.))
                0x0000000000001954                _end = ABSOLUTE (.)
                0x0000000000001954                end = ABSOLUTE (.)
                0x0000000000001954                __alt_stack_base = ABSOLUTE (.)
                0x0000000000001954                PROVIDE (_alt_partition_onchip_memory_load_addr, LOADADDR (.onchip_memory))

.stab
 *(.stab)

.stabstr
 *(.stabstr)

.stab.excl
 *(.stab.excl)

.stab.exclstr
 *(.stab.exclstr)

.stab.index
 *(.stab.index)

.stab.indexstr
 *(.stab.indexstr)

.comment        0x0000000000000000       0x23
 *(.comment)
 .comment       0x0000000000000000       0x23 obj/default/hello_world_small.o
                                         0x24 (size before relaxing)
 .comment       0x0000000000000000       0x24 ../interlock_bsp/\libhal_bsp.a(alt_getchar.o)
 .comment       0x0000000000000000       0x24 ../interlock_bsp/\libhal_bsp.a(alt_load.o)
 .comment       0x0000000000000000       0x24 ../interlock_bsp/\libhal_bsp.a(alt_main.o)
 .comment       0x0000000000000000       0x24 ../interlock_bsp/\libhal_bsp.a(alt_printf.o)
 .comment       0x0000000000000000       0x24 ../interlock_bsp/\libhal_bsp.a(alt_putchar.o)
 .comment       0x0000000000000000       0x24 ../interlock_bsp/\libhal_bsp.a(alt_putstr.o)
 .comment       0x0000000000000000       0x24 ../interlock_bsp/\libhal_bsp.a(alt_usleep.o)
 .comment       0x0000000000000000       0x24 ../interlock_bsp/\libhal_bsp.a(alt_sys_init.o)
 .comment       0x0000000000000000       0x24 ../interlock_bsp/\libhal_bsp.a(altera_avalon_jtag_uart_read.o)
 .comment       0x0000000000000000       0x24 ../interlock_bsp/\libhal_bsp.a(altera_avalon_jtag_uart_write.o)
 .comment       0x0000000000000000       0x24 ../interlock_bsp/\libhal_bsp.a(alt_busy_sleep.o)
 .comment       0x0000000000000000       0x24 ../interlock_bsp/\libhal_bsp.a(alt_dcache_flush_all.o)
 .comment       0x0000000000000000       0x24 ../interlock_bsp/\libhal_bsp.a(alt_dev.o)
 .comment       0x0000000000000000       0x24 ../interlock_bsp/\libhal_bsp.a(alt_icache_flush_all.o)
 .comment       0x0000000000000000       0x24 ../interlock_bsp/\libhal_bsp.a(altera_nios2_gen2_irq.o)
 .comment       0x0000000000000000       0x24 c:/altera/15.1/nios2eds/bin/gnu/h-x86_64-mingw32/bin/../lib/gcc/nios2-elf/4.9.2/../../../../../H-x86_64-mingw32/nios2-elf/lib/mno-hw-mul\libsmallc.a(lib_a-strlen.o)
 .comment       0x0000000000000000       0x24 c:/altera/15.1/nios2eds/bin/gnu/h-x86_64-mingw32/bin/../lib/gcc/nios2-elf/4.9.2/mno-hw-mul\libgcc.a(lib2-divmod.o)
 .comment       0x0000000000000000       0x24 c:/altera/15.1/nios2eds/bin/gnu/h-x86_64-mingw32/bin/../lib/gcc/nios2-elf/4.9.2/mno-hw-mul\libgcc.a(lib2-mul.o)

.debug
 *(.debug)

.line
 *(.line)

.debug_srcinfo
 *(.debug_srcinfo)

.debug_sfnames
 *(.debug_sfnames)

.debug_aranges  0x0000000000000000      0x288
 *(.debug_aranges)
 .debug_aranges
                0x0000000000000000       0x28 ../interlock_bsp//obj/HAL/src/crt0.o
 .debug_aranges
                0x0000000000000028       0x20 obj/default/hello_world_small.o
 .debug_aranges
                0x0000000000000048       0x20 ../interlock_bsp/\libhal_bsp.a(alt_getchar.o)
 .debug_aranges
                0x0000000000000068       0x20 ../interlock_bsp/\libhal_bsp.a(alt_load.o)
 .debug_aranges
                0x0000000000000088       0x20 ../interlock_bsp/\libhal_bsp.a(alt_main.o)
 .debug_aranges
                0x00000000000000a8       0x20 ../interlock_bsp/\libhal_bsp.a(alt_printf.o)
 .debug_aranges
                0x00000000000000c8       0x20 ../interlock_bsp/\libhal_bsp.a(alt_putchar.o)
 .debug_aranges
                0x00000000000000e8       0x20 ../interlock_bsp/\libhal_bsp.a(alt_putstr.o)
 .debug_aranges
                0x0000000000000108       0x20 ../interlock_bsp/\libhal_bsp.a(alt_usleep.o)
 .debug_aranges
                0x0000000000000128       0x20 ../interlock_bsp/\libhal_bsp.a(alt_sys_init.o)
 .debug_aranges
                0x0000000000000148       0x20 ../interlock_bsp/\libhal_bsp.a(altera_avalon_jtag_uart_read.o)
 .debug_aranges
                0x0000000000000168       0x20 ../interlock_bsp/\libhal_bsp.a(altera_avalon_jtag_uart_write.o)
 .debug_aranges
                0x0000000000000188       0x20 ../interlock_bsp/\libhal_bsp.a(alt_busy_sleep.o)
 .debug_aranges
                0x00000000000001a8       0x20 ../interlock_bsp/\libhal_bsp.a(alt_dcache_flush_all.o)
 .debug_aranges
                0x00000000000001c8       0x20 ../interlock_bsp/\libhal_bsp.a(alt_dev.o)
 .debug_aranges
                0x00000000000001e8       0x20 ../interlock_bsp/\libhal_bsp.a(alt_icache_flush_all.o)
 .debug_aranges
                0x0000000000000208       0x20 ../interlock_bsp/\libhal_bsp.a(altera_nios2_gen2_irq.o)
 .debug_aranges
                0x0000000000000228       0x20 c:/altera/15.1/nios2eds/bin/gnu/h-x86_64-mingw32/bin/../lib/gcc/nios2-elf/4.9.2/../../../../../H-x86_64-mingw32/nios2-elf/lib/mno-hw-mul\libsmallc.a(lib_a-strlen.o)
 .debug_aranges
                0x0000000000000248       0x20 c:/altera/15.1/nios2eds/bin/gnu/h-x86_64-mingw32/bin/../lib/gcc/nios2-elf/4.9.2/mno-hw-mul\libgcc.a(lib2-divmod.o)
 .debug_aranges
                0x0000000000000268       0x20 c:/altera/15.1/nios2eds/bin/gnu/h-x86_64-mingw32/bin/../lib/gcc/nios2-elf/4.9.2/mno-hw-mul\libgcc.a(lib2-mul.o)

.debug_pubnames
 *(.debug_pubnames)

.debug_info     0x0000000000000000     0x1cb4
 *(.debug_info .gnu.linkonce.wi.*)
 .debug_info    0x0000000000000000       0x79 ../interlock_bsp//obj/HAL/src/crt0.o
 .debug_info    0x0000000000000079      0x1ae obj/default/hello_world_small.o
 .debug_info    0x0000000000000227      0x33b ../interlock_bsp/\libhal_bsp.a(alt_getchar.o)
 .debug_info    0x0000000000000562      0x1ba ../interlock_bsp/\libhal_bsp.a(alt_load.o)
 .debug_info    0x000000000000071c      0x17b ../interlock_bsp/\libhal_bsp.a(alt_main.o)
 .debug_info    0x0000000000000897      0x153 ../interlock_bsp/\libhal_bsp.a(alt_printf.o)
 .debug_info    0x00000000000009ea      0x138 ../interlock_bsp/\libhal_bsp.a(alt_putchar.o)
 .debug_info    0x0000000000000b22      0x15d ../interlock_bsp/\libhal_bsp.a(alt_putstr.o)
 .debug_info    0x0000000000000c7f       0xd0 ../interlock_bsp/\libhal_bsp.a(alt_usleep.o)
 .debug_info    0x0000000000000d4f      0x17a ../interlock_bsp/\libhal_bsp.a(alt_sys_init.o)
 .debug_info    0x0000000000000ec9      0x1ad ../interlock_bsp/\libhal_bsp.a(altera_avalon_jtag_uart_read.o)
 .debug_info    0x0000000000001076      0x190 ../interlock_bsp/\libhal_bsp.a(altera_avalon_jtag_uart_write.o)
 .debug_info    0x0000000000001206       0xd1 ../interlock_bsp/\libhal_bsp.a(alt_busy_sleep.o)
 .debug_info    0x00000000000012d7       0x8b ../interlock_bsp/\libhal_bsp.a(alt_dcache_flush_all.o)
 .debug_info    0x0000000000001362      0x492 ../interlock_bsp/\libhal_bsp.a(alt_dev.o)
 .debug_info    0x00000000000017f4       0x8b ../interlock_bsp/\libhal_bsp.a(alt_icache_flush_all.o)
 .debug_info    0x000000000000187f       0x8b ../interlock_bsp/\libhal_bsp.a(altera_nios2_gen2_irq.o)
 .debug_info    0x000000000000190a       0xc2 c:/altera/15.1/nios2eds/bin/gnu/h-x86_64-mingw32/bin/../lib/gcc/nios2-elf/4.9.2/../../../../../H-x86_64-mingw32/nios2-elf/lib/mno-hw-mul\libsmallc.a(lib_a-strlen.o)
 .debug_info    0x00000000000019cc      0x234 c:/altera/15.1/nios2eds/bin/gnu/h-x86_64-mingw32/bin/../lib/gcc/nios2-elf/4.9.2/mno-hw-mul\libgcc.a(lib2-divmod.o)
 .debug_info    0x0000000000001c00       0xb4 c:/altera/15.1/nios2eds/bin/gnu/h-x86_64-mingw32/bin/../lib/gcc/nios2-elf/4.9.2/mno-hw-mul\libgcc.a(lib2-mul.o)

.debug_abbrev   0x0000000000000000      0xe0e
 *(.debug_abbrev)
 .debug_abbrev  0x0000000000000000       0x12 ../interlock_bsp//obj/HAL/src/crt0.o
 .debug_abbrev  0x0000000000000012       0xea obj/default/hello_world_small.o
 .debug_abbrev  0x00000000000000fc      0x11f ../interlock_bsp/\libhal_bsp.a(alt_getchar.o)
 .debug_abbrev  0x000000000000021b       0xd8 ../interlock_bsp/\libhal_bsp.a(alt_load.o)
 .debug_abbrev  0x00000000000002f3      0x120 ../interlock_bsp/\libhal_bsp.a(alt_main.o)
 .debug_abbrev  0x0000000000000413       0xde ../interlock_bsp/\libhal_bsp.a(alt_printf.o)
 .debug_abbrev  0x00000000000004f1       0xd4 ../interlock_bsp/\libhal_bsp.a(alt_putchar.o)
 .debug_abbrev  0x00000000000005c5       0xe2 ../interlock_bsp/\libhal_bsp.a(alt_putstr.o)
 .debug_abbrev  0x00000000000006a7       0x96 ../interlock_bsp/\libhal_bsp.a(alt_usleep.o)
 .debug_abbrev  0x000000000000073d      0x107 ../interlock_bsp/\libhal_bsp.a(alt_sys_init.o)
 .debug_abbrev  0x0000000000000844      0x102 ../interlock_bsp/\libhal_bsp.a(altera_avalon_jtag_uart_read.o)
 .debug_abbrev  0x0000000000000946       0xd5 ../interlock_bsp/\libhal_bsp.a(altera_avalon_jtag_uart_write.o)
 .debug_abbrev  0x0000000000000a1b       0x8d ../interlock_bsp/\libhal_bsp.a(alt_busy_sleep.o)
 .debug_abbrev  0x0000000000000aa8       0x42 ../interlock_bsp/\libhal_bsp.a(alt_dcache_flush_all.o)
 .debug_abbrev  0x0000000000000aea       0xd9 ../interlock_bsp/\libhal_bsp.a(alt_dev.o)
 .debug_abbrev  0x0000000000000bc3       0x42 ../interlock_bsp/\libhal_bsp.a(alt_icache_flush_all.o)
 .debug_abbrev  0x0000000000000c05       0x42 ../interlock_bsp/\libhal_bsp.a(altera_nios2_gen2_irq.o)
 .debug_abbrev  0x0000000000000c47       0x7f c:/altera/15.1/nios2eds/bin/gnu/h-x86_64-mingw32/bin/../lib/gcc/nios2-elf/4.9.2/../../../../../H-x86_64-mingw32/nios2-elf/lib/mno-hw-mul\libsmallc.a(lib_a-strlen.o)
 .debug_abbrev  0x0000000000000cc6       0xd9 c:/altera/15.1/nios2eds/bin/gnu/h-x86_64-mingw32/bin/../lib/gcc/nios2-elf/4.9.2/mno-hw-mul\libgcc.a(lib2-divmod.o)
 .debug_abbrev  0x0000000000000d9f       0x6f c:/altera/15.1/nios2eds/bin/gnu/h-x86_64-mingw32/bin/../lib/gcc/nios2-elf/4.9.2/mno-hw-mul\libgcc.a(lib2-mul.o)

.debug_line     0x0000000000000000      0xe60
 *(.debug_line)
 .debug_line    0x0000000000000000       0x66 ../interlock_bsp//obj/HAL/src/crt0.o
 .debug_line    0x0000000000000066       0x9e obj/default/hello_world_small.o
 .debug_line    0x0000000000000104       0xb7 ../interlock_bsp/\libhal_bsp.a(alt_getchar.o)
 .debug_line    0x00000000000001bb       0xa6 ../interlock_bsp/\libhal_bsp.a(alt_load.o)
 .debug_line    0x0000000000000261       0xbd ../interlock_bsp/\libhal_bsp.a(alt_main.o)
 .debug_line    0x000000000000031e      0x108 ../interlock_bsp/\libhal_bsp.a(alt_printf.o)
 .debug_line    0x0000000000000426       0x55 ../interlock_bsp/\libhal_bsp.a(alt_putchar.o)
 .debug_line    0x000000000000047b       0xf5 ../interlock_bsp/\libhal_bsp.a(alt_putstr.o)
 .debug_line    0x0000000000000570       0xc7 ../interlock_bsp/\libhal_bsp.a(alt_usleep.o)
 .debug_line    0x0000000000000637      0x101 ../interlock_bsp/\libhal_bsp.a(alt_sys_init.o)
 .debug_line    0x0000000000000738       0xfb ../interlock_bsp/\libhal_bsp.a(altera_avalon_jtag_uart_read.o)
 .debug_line    0x0000000000000833       0xf0 ../interlock_bsp/\libhal_bsp.a(altera_avalon_jtag_uart_write.o)
 .debug_line    0x0000000000000923       0xc0 ../interlock_bsp/\libhal_bsp.a(alt_busy_sleep.o)
 .debug_line    0x00000000000009e3       0x4e ../interlock_bsp/\libhal_bsp.a(alt_dcache_flush_all.o)
 .debug_line    0x0000000000000a31       0xee ../interlock_bsp/\libhal_bsp.a(alt_dev.o)
 .debug_line    0x0000000000000b1f       0x4e ../interlock_bsp/\libhal_bsp.a(alt_icache_flush_all.o)
 .debug_line    0x0000000000000b6d       0x50 ../interlock_bsp/\libhal_bsp.a(altera_nios2_gen2_irq.o)
 .debug_line    0x0000000000000bbd      0x15c c:/altera/15.1/nios2eds/bin/gnu/h-x86_64-mingw32/bin/../lib/gcc/nios2-elf/4.9.2/../../../../../H-x86_64-mingw32/nios2-elf/lib/mno-hw-mul\libsmallc.a(lib_a-strlen.o)
 .debug_line    0x0000000000000d19       0xc7 c:/altera/15.1/nios2eds/bin/gnu/h-x86_64-mingw32/bin/../lib/gcc/nios2-elf/4.9.2/mno-hw-mul\libgcc.a(lib2-divmod.o)
 .debug_line    0x0000000000000de0       0x80 c:/altera/15.1/nios2eds/bin/gnu/h-x86_64-mingw32/bin/../lib/gcc/nios2-elf/4.9.2/mno-hw-mul\libgcc.a(lib2-mul.o)

.debug_frame    0x0000000000000000      0x380
 *(.debug_frame)
 .debug_frame   0x0000000000000000       0x2c obj/default/hello_world_small.o
 .debug_frame   0x000000000000002c       0x2c ../interlock_bsp/\libhal_bsp.a(alt_getchar.o)
 .debug_frame   0x0000000000000058       0x30 ../interlock_bsp/\libhal_bsp.a(alt_load.o)
 .debug_frame   0x0000000000000088       0x2c ../interlock_bsp/\libhal_bsp.a(alt_main.o)
 .debug_frame   0x00000000000000b4       0x54 ../interlock_bsp/\libhal_bsp.a(alt_printf.o)
 .debug_frame   0x0000000000000108       0x30 ../interlock_bsp/\libhal_bsp.a(alt_putchar.o)
 .debug_frame   0x0000000000000138       0x30 ../interlock_bsp/\libhal_bsp.a(alt_putstr.o)
 .debug_frame   0x0000000000000168       0x20 ../interlock_bsp/\libhal_bsp.a(alt_usleep.o)
 .debug_frame   0x0000000000000188       0x3c ../interlock_bsp/\libhal_bsp.a(alt_sys_init.o)
 .debug_frame   0x00000000000001c4       0x20 ../interlock_bsp/\libhal_bsp.a(altera_avalon_jtag_uart_read.o)
 .debug_frame   0x00000000000001e4       0x20 ../interlock_bsp/\libhal_bsp.a(altera_avalon_jtag_uart_write.o)
 .debug_frame   0x0000000000000204       0x30 ../interlock_bsp/\libhal_bsp.a(alt_busy_sleep.o)
 .debug_frame   0x0000000000000234       0x20 ../interlock_bsp/\libhal_bsp.a(alt_dcache_flush_all.o)
 .debug_frame   0x0000000000000254       0x20 ../interlock_bsp/\libhal_bsp.a(alt_dev.o)
 .debug_frame   0x0000000000000274       0x20 ../interlock_bsp/\libhal_bsp.a(alt_icache_flush_all.o)
 .debug_frame   0x0000000000000294       0x20 ../interlock_bsp/\libhal_bsp.a(altera_nios2_gen2_irq.o)
 .debug_frame   0x00000000000002b4       0x20 c:/altera/15.1/nios2eds/bin/gnu/h-x86_64-mingw32/bin/../lib/gcc/nios2-elf/4.9.2/../../../../../H-x86_64-mingw32/nios2-elf/lib/mno-hw-mul\libsmallc.a(lib_a-strlen.o)
 .debug_frame   0x00000000000002d4       0x8c c:/altera/15.1/nios2eds/bin/gnu/h-x86_64-mingw32/bin/../lib/gcc/nios2-elf/4.9.2/mno-hw-mul\libgcc.a(lib2-divmod.o)
 .debug_frame   0x0000000000000360       0x20 c:/altera/15.1/nios2eds/bin/gnu/h-x86_64-mingw32/bin/../lib/gcc/nios2-elf/4.9.2/mno-hw-mul\libgcc.a(lib2-mul.o)

.debug_str      0x0000000000000000      0xa41
 *(.debug_str)
 .debug_str     0x0000000000000000      0x115 obj/default/hello_world_small.o
                                        0x153 (size before relaxing)
 .debug_str     0x0000000000000115      0x138 ../interlock_bsp/\libhal_bsp.a(alt_getchar.o)
                                        0x224 (size before relaxing)
 .debug_str     0x000000000000024d      0x11b ../interlock_bsp/\libhal_bsp.a(alt_load.o)
                                        0x22a (size before relaxing)
 .debug_str     0x0000000000000368       0x5e ../interlock_bsp/\libhal_bsp.a(alt_main.o)
                                        0x1a3 (size before relaxing)
 .debug_str     0x00000000000003c6       0x59 ../interlock_bsp/\libhal_bsp.a(alt_printf.o)
                                        0x100 (size before relaxing)
 .debug_str     0x000000000000041f       0x34 ../interlock_bsp/\libhal_bsp.a(alt_putchar.o)
                                        0x179 (size before relaxing)
 .debug_str     0x0000000000000453       0x23 ../interlock_bsp/\libhal_bsp.a(alt_putstr.o)
                                        0x185 (size before relaxing)
 .debug_str     0x0000000000000476       0x2f ../interlock_bsp/\libhal_bsp.a(alt_usleep.o)
                                        0x145 (size before relaxing)
 .debug_str     0x00000000000004a5       0x86 ../interlock_bsp/\libhal_bsp.a(alt_sys_init.o)
                                        0x212 (size before relaxing)
 .debug_str     0x000000000000052b       0x3d ../interlock_bsp/\libhal_bsp.a(altera_avalon_jtag_uart_read.o)
                                        0x20d (size before relaxing)
 .debug_str     0x0000000000000568       0x32 ../interlock_bsp/\libhal_bsp.a(altera_avalon_jtag_uart_write.o)
                                        0x203 (size before relaxing)
 .debug_str     0x000000000000059a       0x33 ../interlock_bsp/\libhal_bsp.a(alt_busy_sleep.o)
                                        0x159 (size before relaxing)
 .debug_str     0x00000000000005cd       0x1f ../interlock_bsp/\libhal_bsp.a(alt_dcache_flush_all.o)
                                        0x143 (size before relaxing)
 .debug_str     0x00000000000005ec      0x120 ../interlock_bsp/\libhal_bsp.a(alt_dev.o)
                                        0x2f3 (size before relaxing)
 .debug_str     0x000000000000070c       0x1f ../interlock_bsp/\libhal_bsp.a(alt_icache_flush_all.o)
                                        0x143 (size before relaxing)
 .debug_str     0x000000000000072b       0x20 ../interlock_bsp/\libhal_bsp.a(altera_nios2_gen2_irq.o)
                                        0x14a (size before relaxing)
 .debug_str     0x000000000000074b      0x131 c:/altera/15.1/nios2eds/bin/gnu/h-x86_64-mingw32/bin/../lib/gcc/nios2-elf/4.9.2/../../../../../H-x86_64-mingw32/nios2-elf/lib/mno-hw-mul\libsmallc.a(lib_a-strlen.o)
                                        0x1d7 (size before relaxing)
 .debug_str     0x000000000000087c      0x185 c:/altera/15.1/nios2eds/bin/gnu/h-x86_64-mingw32/bin/../lib/gcc/nios2-elf/4.9.2/mno-hw-mul\libgcc.a(lib2-divmod.o)
                                        0x1d0 (size before relaxing)
 .debug_str     0x0000000000000a01       0x40 c:/altera/15.1/nios2eds/bin/gnu/h-x86_64-mingw32/bin/../lib/gcc/nios2-elf/4.9.2/mno-hw-mul\libgcc.a(lib2-mul.o)
                                        0x191 (size before relaxing)

.debug_loc      0x0000000000000000      0x778
 *(.debug_loc)
 .debug_loc     0x0000000000000000       0x2a obj/default/hello_world_small.o
 .debug_loc     0x000000000000002a      0x1c6 ../interlock_bsp/\libhal_bsp.a(alt_printf.o)
 .debug_loc     0x00000000000001f0       0x2c ../interlock_bsp/\libhal_bsp.a(alt_putchar.o)
 .debug_loc     0x000000000000021c       0x37 ../interlock_bsp/\libhal_bsp.a(alt_putstr.o)
 .debug_loc     0x0000000000000253       0x21 ../interlock_bsp/\libhal_bsp.a(alt_usleep.o)
 .debug_loc     0x0000000000000274       0x21 ../interlock_bsp/\libhal_bsp.a(alt_sys_init.o)
 .debug_loc     0x0000000000000295       0xcd ../interlock_bsp/\libhal_bsp.a(altera_avalon_jtag_uart_read.o)
 .debug_loc     0x0000000000000362       0x8b ../interlock_bsp/\libhal_bsp.a(altera_avalon_jtag_uart_write.o)
 .debug_loc     0x00000000000003ed       0x67 ../interlock_bsp/\libhal_bsp.a(alt_busy_sleep.o)
 .debug_loc     0x0000000000000454       0x1e c:/altera/15.1/nios2eds/bin/gnu/h-x86_64-mingw32/bin/../lib/gcc/nios2-elf/4.9.2/../../../../../H-x86_64-mingw32/nios2-elf/lib/mno-hw-mul\libsmallc.a(lib_a-strlen.o)
 .debug_loc     0x0000000000000472      0x273 c:/altera/15.1/nios2eds/bin/gnu/h-x86_64-mingw32/bin/../lib/gcc/nios2-elf/4.9.2/mno-hw-mul\libgcc.a(lib2-divmod.o)
 .debug_loc     0x00000000000006e5       0x93 c:/altera/15.1/nios2eds/bin/gnu/h-x86_64-mingw32/bin/../lib/gcc/nios2-elf/4.9.2/mno-hw-mul\libgcc.a(lib2-mul.o)

.debug_macinfo
 *(.debug_macinfo)

.debug_weaknames
 *(.debug_weaknames)

.debug_funcnames
 *(.debug_funcnames)

.debug_typenames
 *(.debug_typenames)

.debug_varnames
 *(.debug_varnames)

.debug_alt_sim_info
                0x0000000000000000       0x40
 *(.debug_alt_sim_info)
 .debug_alt_sim_info
                0x0000000000000000       0x10 ../interlock_bsp//obj/HAL/src/crt0.o
 .debug_alt_sim_info
                0x0000000000000010       0x30 ../interlock_bsp/\libhal_bsp.a(alt_busy_sleep.o)
                0x0000000000002000                __alt_data_end = 0x2000
                0x0000000000002000                PROVIDE (__alt_stack_pointer, __alt_data_end)
                0x0000000000001954                PROVIDE (__alt_stack_limit, __alt_stack_base)
                0x0000000000001954                PROVIDE (__alt_heap_start, end)
                0x0000000000002000                PROVIDE (__alt_heap_limit, 0x2000)
OUTPUT(interlock.elf elf32-littlenios2)

.debug_ranges   0x0000000000000000       0xc0
 .debug_ranges  0x0000000000000000       0x20 ../interlock_bsp//obj/HAL/src/crt0.o
 .debug_ranges  0x0000000000000020       0x10 obj/default/hello_world_small.o
 .debug_ranges  0x0000000000000030       0x48 ../interlock_bsp/\libhal_bsp.a(alt_load.o)
 .debug_ranges  0x0000000000000078       0x18 ../interlock_bsp/\libhal_bsp.a(alt_printf.o)
 .debug_ranges  0x0000000000000090       0x20 ../interlock_bsp/\libhal_bsp.a(altera_avalon_jtag_uart_read.o)
 .debug_ranges  0x00000000000000b0       0x10 c:/altera/15.1/nios2eds/bin/gnu/h-x86_64-mingw32/bin/../lib/gcc/nios2-elf/4.9.2/../../../../../H-x86_64-mingw32/nios2-elf/lib/mno-hw-mul\libsmallc.a(lib_a-strlen.o)
