Archive member included to satisfy reference by file (symbol)

../receive_bsp/\libhal_bsp.a(alt_load.o)
                              ../receive_bsp//obj/HAL/src/crt0.o (alt_load)
../receive_bsp/\libhal_bsp.a(alt_main.o)
                              ../receive_bsp//obj/HAL/src/crt0.o (alt_main)
../receive_bsp/\libhal_bsp.a(alt_putchar.o)
                              obj/default/hello_world_small.o (alt_putchar)
../receive_bsp/\libhal_bsp.a(alt_putstr.o)
                              obj/default/hello_world_small.o (alt_putstr)
../receive_bsp/\libhal_bsp.a(alt_sys_init.o)
                              ../receive_bsp/\libhal_bsp.a(alt_main.o) (alt_irq_init)
../receive_bsp/\libhal_bsp.a(altera_avalon_jtag_uart_write.o)
                              ../receive_bsp/\libhal_bsp.a(alt_putchar.o) (altera_avalon_jtag_uart_write)
../receive_bsp/\libhal_bsp.a(alt_dcache_flush_all.o)
                              ../receive_bsp/\libhal_bsp.a(alt_load.o) (alt_dcache_flush_all)
../receive_bsp/\libhal_bsp.a(alt_icache_flush_all.o)
                              ../receive_bsp/\libhal_bsp.a(alt_load.o) (alt_icache_flush_all)
../receive_bsp/\libhal_bsp.a(altera_nios2_gen2_irq.o)
                              ../receive_bsp/\libhal_bsp.a(alt_sys_init.o) (altera_nios2_gen2_irq_init)
c:/altera/15.1/nios2eds/bin/gnu/h-x86_64-mingw32/bin/../lib/gcc/nios2-elf/4.9.2/../../../../../H-x86_64-mingw32/nios2-elf/lib/mno-hw-mul\libsmallc.a(lib_a-strlen.o)
                              ../receive_bsp/\libhal_bsp.a(alt_putstr.o) (strlen)

Memory Configuration

Name             Origin             Length             Attributes
reset            0x0000000000001000 0x0000000000000020
onchip_memory    0x0000000000001020 0x0000000000000fe0
*default*        0x0000000000000000 0xffffffffffffffff

Linker script and memory map

LOAD ../receive_bsp//obj/HAL/src/crt0.o
LOAD obj/default/hello_world_small.o
LOAD c:/altera/15.1/nios2eds/bin/gnu/h-x86_64-mingw32/bin/../lib/gcc/nios2-elf/4.9.2/../../../../../H-x86_64-mingw32/nios2-elf/lib/mno-hw-mul\libstdc++.a
LOAD c:/altera/15.1/nios2eds/bin/gnu/h-x86_64-mingw32/bin/../lib/gcc/nios2-elf/4.9.2/../../../../../H-x86_64-mingw32/nios2-elf/lib/mno-hw-mul\libm.a
LOAD c:/altera/15.1/nios2eds/bin/gnu/h-x86_64-mingw32/bin/../lib/gcc/nios2-elf/4.9.2/mno-hw-mul\libgcc.a
START GROUP
LOAD c:/altera/15.1/nios2eds/bin/gnu/h-x86_64-mingw32/bin/../lib/gcc/nios2-elf/4.9.2/../../../../../H-x86_64-mingw32/nios2-elf/lib/mno-hw-mul\libsmallc.a
LOAD c:/altera/15.1/nios2eds/bin/gnu/h-x86_64-mingw32/bin/../lib/gcc/nios2-elf/4.9.2/mno-hw-mul\libgcc.a
LOAD ../receive_bsp/\libhal_bsp.a
LOAD c:/altera/15.1/nios2eds/bin/gnu/h-x86_64-mingw32/bin/../lib/gcc/nios2-elf/4.9.2/../../../../../H-x86_64-mingw32/nios2-elf/lib/mno-hw-mul\libm.a
END GROUP
LOAD c:/altera/15.1/nios2eds/bin/gnu/h-x86_64-mingw32/bin/../lib/gcc/nios2-elf/4.9.2/mno-hw-mul\libgcc.a
                0x0000000000001000                __alt_mem_onchip_memory = 0x1000

.entry          0x0000000000001000       0x20
 *(.entry)
 .entry         0x0000000000001000       0x20 ../receive_bsp//obj/HAL/src/crt0.o
                0x0000000000001000                __reset
                0x000000000000100c                _exit

.exceptions     0x0000000000001020        0x0
                0x0000000000001020                PROVIDE (__ram_exceptions_start, ABSOLUTE (.))
                0x0000000000001020                . = ALIGN (0x20)
 *(.irq)
 *(.exceptions.entry.label)
 *(.exceptions.entry.user)
 *(.exceptions.entry.ecc_fatal)
 *(.exceptions.entry)
 *(.exceptions.irqtest.user)
 *(.exceptions.irqtest)
 *(.exceptions.irqhandler.user)
 *(.exceptions.irqhandler)
 *(.exceptions.irqreturn.user)
 *(.exceptions.irqreturn)
 *(.exceptions.notirq.label)
 *(.exceptions.notirq.user)
 *(.exceptions.notirq)
 *(.exceptions.soft.user)
 *(.exceptions.soft)
 *(.exceptions.unknown.user)
 *(.exceptions.unknown)
 *(.exceptions.exit.label)
 *(.exceptions.exit.user)
 *(.exceptions.exit)
 *(.exceptions)
                0x0000000000001020                PROVIDE (__ram_exceptions_end, ABSOLUTE (.))
                0x0000000000001020                PROVIDE (__flash_exceptions_start, LOADADDR (.exceptions))

.text           0x0000000000001020      0x2b4
                0x0000000000001020                PROVIDE (stext, ABSOLUTE (.))
 *(.interp)
 *(.hash)
 *(.dynsym)
 *(.dynstr)
 *(.gnu.version)
 *(.gnu.version_d)
 *(.gnu.version_r)
 *(.rel.init)
 *(.rela.init)
 *(.rel.text .rel.text.* .rel.gnu.linkonce.t.*)
 *(.rela.text .rela.text.* .rela.gnu.linkonce.t.*)
 *(.rel.fini)
 *(.rela.fini)
 *(.rel.rodata .rel.rodata.* .rel.gnu.linkonce.r.*)
 *(.rela.rodata .rela.rodata.* .rela.gnu.linkonce.r.*)
 *(.rel.data .rel.data.* .rel.gnu.linkonce.d.*)
 *(.rela.data .rela.data.* .rela.gnu.linkonce.d.*)
 *(.rel.tdata .rel.tdata.* .rel.gnu.linkonce.td.*)
 *(.rela.tdata .rela.tdata.* .rela.gnu.linkonce.td.*)
 *(.rel.tbss .rel.tbss.* .rel.gnu.linkonce.tb.*)
 *(.rela.tbss .rela.tbss.* .rela.gnu.linkonce.tb.*)
 *(.rel.ctors)
 *(.rela.ctors)
 *(.rel.dtors)
 *(.rela.dtors)
 *(.rel.got)
 *(.rela.got)
 *(.rel.sdata .rel.sdata.* .rel.gnu.linkonce.s.*)
 *(.rela.sdata .rela.sdata.* .rela.gnu.linkonce.s.*)
 *(.rel.sbss .rel.sbss.* .rel.gnu.linkonce.sb.*)
 *(.rela.sbss .rela.sbss.* .rela.gnu.linkonce.sb.*)
 *(.rel.sdata2 .rel.sdata2.* .rel.gnu.linkonce.s2.*)
 *(.rela.sdata2 .rela.sdata2.* .rela.gnu.linkonce.s2.*)
 *(.rel.sbss2 .rel.sbss2.* .rel.gnu.linkonce.sb2.*)
 *(.rela.sbss2 .rela.sbss2.* .rela.gnu.linkonce.sb2.*)
 *(.rel.bss .rel.bss.* .rel.gnu.linkonce.b.*)
 *(.rela.bss .rela.bss.* .rela.gnu.linkonce.b.*)
 *(.rel.plt)
 *(.rela.plt)
 *(.rel.dyn)
 *(.init)
 *(.plt)
 *(.text .stub .text.* .gnu.linkonce.t.*)
 .text          0x0000000000001020       0x3c ../receive_bsp//obj/HAL/src/crt0.o
                0x0000000000001020                _start
 .text          0x000000000000105c        0x0 obj/default/hello_world_small.o
 .text.startup  0x000000000000105c       0x50 obj/default/hello_world_small.o
                0x000000000000105c                main
 .text          0x00000000000010ac       0xf8 ../receive_bsp/\libhal_bsp.a(alt_load.o)
                0x00000000000010ac                alt_load
 .text          0x00000000000011a4       0x2c ../receive_bsp/\libhal_bsp.a(alt_main.o)
                0x00000000000011a4                alt_main
 .text          0x00000000000011d0       0x48 ../receive_bsp/\libhal_bsp.a(alt_putchar.o)
                0x00000000000011d0                alt_putchar
 .text          0x0000000000001218       0x38 ../receive_bsp/\libhal_bsp.a(alt_putstr.o)
                0x0000000000001218                alt_putstr
 .text          0x0000000000001250       0x24 ../receive_bsp/\libhal_bsp.a(alt_sys_init.o)
                0x0000000000001250                alt_irq_init
                0x0000000000001270                alt_sys_init
 .text          0x0000000000001274       0x34 ../receive_bsp/\libhal_bsp.a(altera_avalon_jtag_uart_write.o)
                0x0000000000001274                altera_avalon_jtag_uart_write
 .text          0x00000000000012a8        0x4 ../receive_bsp/\libhal_bsp.a(alt_dcache_flush_all.o)
                0x00000000000012a8                alt_dcache_flush_all
 .text          0x00000000000012ac        0x4 ../receive_bsp/\libhal_bsp.a(alt_icache_flush_all.o)
                0x00000000000012ac                alt_icache_flush_all
 .text          0x00000000000012b0        0x8 ../receive_bsp/\libhal_bsp.a(altera_nios2_gen2_irq.o)
                0x00000000000012b0                altera_nios2_gen2_irq_init
 .text          0x00000000000012b8        0x0 c:/altera/15.1/nios2eds/bin/gnu/h-x86_64-mingw32/bin/../lib/gcc/nios2-elf/4.9.2/../../../../../H-x86_64-mingw32/nios2-elf/lib/mno-hw-mul\libsmallc.a(lib_a-strlen.o)
 .text.strlen   0x00000000000012b8       0x1c c:/altera/15.1/nios2eds/bin/gnu/h-x86_64-mingw32/bin/../lib/gcc/nios2-elf/4.9.2/../../../../../H-x86_64-mingw32/nios2-elf/lib/mno-hw-mul\libsmallc.a(lib_a-strlen.o)
                0x00000000000012b8                strlen
 *(.gnu.warning.*)
 *(.fini)
                0x00000000000012d4                PROVIDE (__etext, ABSOLUTE (.))
                0x00000000000012d4                PROVIDE (_etext, ABSOLUTE (.))
                0x00000000000012d4                PROVIDE (etext, ABSOLUTE (.))
 *(.eh_frame_hdr)
                0x00000000000012d4                . = ALIGN (0x4)
                0x00000000000012d4                PROVIDE (__preinit_array_start, ABSOLUTE (.))
 *(.preinit_array)
                0x00000000000012d4                PROVIDE (__preinit_array_end, ABSOLUTE (.))
                0x00000000000012d4                PROVIDE (__init_array_start, ABSOLUTE (.))
 *(.init_array)
                0x00000000000012d4                PROVIDE (__init_array_end, ABSOLUTE (.))
                0x00000000000012d4                PROVIDE (__fini_array_start, ABSOLUTE (.))
 *(.fini_array)
                0x00000000000012d4                PROVIDE (__fini_array_end, ABSOLUTE (.))
 *(.eh_frame)
 *(.gcc_except_table .gcc_except_table.*)
 *(.dynamic)
                0x00000000000012d4                PROVIDE (__CTOR_LIST__, ABSOLUTE (.))
 *(.ctors)
 *(SORT(.ctors.*))
                0x00000000000012d4                PROVIDE (__CTOR_END__, ABSOLUTE (.))
                0x00000000000012d4                PROVIDE (__DTOR_LIST__, ABSOLUTE (.))
 *(.dtors)
 *(SORT(.dtors.*))
                0x00000000000012d4                PROVIDE (__DTOR_END__, ABSOLUTE (.))
 *(.jcr)
                0x00000000000012d4                . = ALIGN (0x4)

.rodata         0x00000000000012d4       0x18
                0x00000000000012d4                PROVIDE (__ram_rodata_start, ABSOLUTE (.))
                0x00000000000012d4                . = ALIGN (0x4)
 *(.rodata .rodata.* .gnu.linkonce.r.*)
 .rodata.str1.4
                0x00000000000012d4       0x18 obj/default/hello_world_small.o
 *(.rodata1)
                0x00000000000012ec                . = ALIGN (0x4)
                0x00000000000012ec                PROVIDE (__ram_rodata_end, ABSOLUTE (.))
                0x00000000000012d4                PROVIDE (__flash_rodata_start, LOADADDR (.rodata))

.rwdata         0x00000000000012ec        0x4 load address 0x00000000000012f0
                0x00000000000012ec                PROVIDE (__ram_rwdata_start, ABSOLUTE (.))
                0x00000000000012ec                . = ALIGN (0x4)
 *(.got.plt)
 *(.got)
 *(.data1)
 *(.data .data.* .gnu.linkonce.d.*)
 .data          0x00000000000012ec        0x0 ../receive_bsp//obj/HAL/src/crt0.o
 .data          0x00000000000012ec        0x0 obj/default/hello_world_small.o
 .data          0x00000000000012ec        0x0 ../receive_bsp/\libhal_bsp.a(alt_load.o)
 .data          0x00000000000012ec        0x0 ../receive_bsp/\libhal_bsp.a(alt_main.o)
 .data          0x00000000000012ec        0x0 ../receive_bsp/\libhal_bsp.a(alt_putchar.o)
 .data          0x00000000000012ec        0x0 ../receive_bsp/\libhal_bsp.a(alt_putstr.o)
 .data          0x00000000000012ec        0x0 ../receive_bsp/\libhal_bsp.a(alt_sys_init.o)
 .data          0x00000000000012ec        0x0 ../receive_bsp/\libhal_bsp.a(altera_avalon_jtag_uart_write.o)
 .data          0x00000000000012ec        0x0 ../receive_bsp/\libhal_bsp.a(alt_dcache_flush_all.o)
 .data          0x00000000000012ec        0x0 ../receive_bsp/\libhal_bsp.a(alt_icache_flush_all.o)
 .data          0x00000000000012ec        0x0 ../receive_bsp/\libhal_bsp.a(altera_nios2_gen2_irq.o)
 .data          0x00000000000012ec        0x0 c:/altera/15.1/nios2eds/bin/gnu/h-x86_64-mingw32/bin/../lib/gcc/nios2-elf/4.9.2/../../../../../H-x86_64-mingw32/nios2-elf/lib/mno-hw-mul\libsmallc.a(lib_a-strlen.o)
                0x00000000000092ec                _gp = ABSOLUTE ((. + 0x8000))
                0x00000000000092ec                PROVIDE (gp, _gp)
 *(.rwdata .rwdata.*)
 *(.sdata .sdata.* .gnu.linkonce.s.*)
 .sdata         0x00000000000012ec        0x4 ../receive_bsp/\libhal_bsp.a(alt_sys_init.o)
                0x00000000000012ec                jtag_uart
 *(.sdata2 .sdata2.* .gnu.linkonce.s2.*)
                0x00000000000012f0                . = ALIGN (0x4)
                0x00000000000012f0                _edata = ABSOLUTE (.)
                0x00000000000012f0                PROVIDE (edata, ABSOLUTE (.))
                0x00000000000012f0                PROVIDE (__ram_rwdata_end, ABSOLUTE (.))
                0x00000000000012f0                PROVIDE (__flash_rwdata_start, LOADADDR (.rwdata))

.bss            0x00000000000012f4        0xc
                0x00000000000012f4                __bss_start = ABSOLUTE (.)
                0x00000000000012f4                PROVIDE (__sbss_start, ABSOLUTE (.))
                0x00000000000012f4                PROVIDE (___sbss_start, ABSOLUTE (.))
 *(.dynsbss)
 *(.sbss .sbss.* .gnu.linkonce.sb.*)
 .sbss          0x00000000000012f4        0xc ../receive_bsp/\libhal_bsp.a(alt_main.o)
                0x00000000000012f4                alt_envp
                0x00000000000012f8                alt_argv
                0x00000000000012fc                alt_argc
 *(.sbss2 .sbss2.* .gnu.linkonce.sb2.*)
 *(.scommon)
                0x0000000000001300                PROVIDE (__sbss_end, ABSOLUTE (.))
                0x0000000000001300                PROVIDE (___sbss_end, ABSOLUTE (.))
 *(.dynbss)
 *(.bss .bss.* .gnu.linkonce.b.*)
 .bss           0x0000000000001300        0x0 ../receive_bsp//obj/HAL/src/crt0.o
 .bss           0x0000000000001300        0x0 obj/default/hello_world_small.o
 .bss           0x0000000000001300        0x0 ../receive_bsp/\libhal_bsp.a(alt_load.o)
 .bss           0x0000000000001300        0x0 ../receive_bsp/\libhal_bsp.a(alt_main.o)
 .bss           0x0000000000001300        0x0 ../receive_bsp/\libhal_bsp.a(alt_putchar.o)
 .bss           0x0000000000001300        0x0 ../receive_bsp/\libhal_bsp.a(alt_putstr.o)
 .bss           0x0000000000001300        0x0 ../receive_bsp/\libhal_bsp.a(alt_sys_init.o)
 .bss           0x0000000000001300        0x0 ../receive_bsp/\libhal_bsp.a(altera_avalon_jtag_uart_write.o)
 .bss           0x0000000000001300        0x0 ../receive_bsp/\libhal_bsp.a(alt_dcache_flush_all.o)
 .bss           0x0000000000001300        0x0 ../receive_bsp/\libhal_bsp.a(alt_icache_flush_all.o)
 .bss           0x0000000000001300        0x0 ../receive_bsp/\libhal_bsp.a(altera_nios2_gen2_irq.o)
 .bss           0x0000000000001300        0x0 c:/altera/15.1/nios2eds/bin/gnu/h-x86_64-mingw32/bin/../lib/gcc/nios2-elf/4.9.2/../../../../../H-x86_64-mingw32/nios2-elf/lib/mno-hw-mul\libsmallc.a(lib_a-strlen.o)
 *(COMMON)
                0x0000000000001300                . = ALIGN (0x4)
                0x0000000000001300                __bss_end = ABSOLUTE (.)

.onchip_memory  0x0000000000001300        0x0
                0x0000000000001300                PROVIDE (_alt_partition_onchip_memory_start, ABSOLUTE (.))
 *(.onchip_memory .onchip_memory. onchip_memory.*)
                0x0000000000001300                . = ALIGN (0x4)
                0x0000000000001300                PROVIDE (_alt_partition_onchip_memory_end, ABSOLUTE (.))
                0x0000000000001300                _end = ABSOLUTE (.)
                0x0000000000001300                end = ABSOLUTE (.)
                0x0000000000001300                __alt_stack_base = ABSOLUTE (.)
                0x0000000000001300                PROVIDE (_alt_partition_onchip_memory_load_addr, LOADADDR (.onchip_memory))

.stab
 *(.stab)

.stabstr
 *(.stabstr)

.stab.excl
 *(.stab.excl)

.stab.exclstr
 *(.stab.exclstr)

.stab.index
 *(.stab.index)

.stab.indexstr
 *(.stab.indexstr)

.comment        0x0000000000000000       0x23
 *(.comment)
 .comment       0x0000000000000000       0x23 obj/default/hello_world_small.o
                                         0x24 (size before relaxing)
 .comment       0x0000000000000000       0x24 ../receive_bsp/\libhal_bsp.a(alt_load.o)
 .comment       0x0000000000000000       0x24 ../receive_bsp/\libhal_bsp.a(alt_main.o)
 .comment       0x0000000000000000       0x24 ../receive_bsp/\libhal_bsp.a(alt_putchar.o)
 .comment       0x0000000000000000       0x24 ../receive_bsp/\libhal_bsp.a(alt_putstr.o)
 .comment       0x0000000000000000       0x24 ../receive_bsp/\libhal_bsp.a(alt_sys_init.o)
 .comment       0x0000000000000000       0x24 ../receive_bsp/\libhal_bsp.a(altera_avalon_jtag_uart_write.o)
 .comment       0x0000000000000000       0x24 ../receive_bsp/\libhal_bsp.a(alt_dcache_flush_all.o)
 .comment       0x0000000000000000       0x24 ../receive_bsp/\libhal_bsp.a(alt_icache_flush_all.o)
 .comment       0x0000000000000000       0x24 ../receive_bsp/\libhal_bsp.a(altera_nios2_gen2_irq.o)
 .comment       0x0000000000000000       0x24 c:/altera/15.1/nios2eds/bin/gnu/h-x86_64-mingw32/bin/../lib/gcc/nios2-elf/4.9.2/../../../../../H-x86_64-mingw32/nios2-elf/lib/mno-hw-mul\libsmallc.a(lib_a-strlen.o)

.debug
 *(.debug)

.line
 *(.line)

.debug_srcinfo
 *(.debug_srcinfo)

.debug_sfnames
 *(.debug_sfnames)

.debug_aranges  0x0000000000000000      0x188
 *(.debug_aranges)
 .debug_aranges
                0x0000000000000000       0x28 ../receive_bsp//obj/HAL/src/crt0.o
 .debug_aranges
                0x0000000000000028       0x20 obj/default/hello_world_small.o
 .debug_aranges
                0x0000000000000048       0x20 ../receive_bsp/\libhal_bsp.a(alt_load.o)
 .debug_aranges
                0x0000000000000068       0x20 ../receive_bsp/\libhal_bsp.a(alt_main.o)
 .debug_aranges
                0x0000000000000088       0x20 ../receive_bsp/\libhal_bsp.a(alt_putchar.o)
 .debug_aranges
                0x00000000000000a8       0x20 ../receive_bsp/\libhal_bsp.a(alt_putstr.o)
 .debug_aranges
                0x00000000000000c8       0x20 ../receive_bsp/\libhal_bsp.a(alt_sys_init.o)
 .debug_aranges
                0x00000000000000e8       0x20 ../receive_bsp/\libhal_bsp.a(altera_avalon_jtag_uart_write.o)
 .debug_aranges
                0x0000000000000108       0x20 ../receive_bsp/\libhal_bsp.a(alt_dcache_flush_all.o)
 .debug_aranges
                0x0000000000000128       0x20 ../receive_bsp/\libhal_bsp.a(alt_icache_flush_all.o)
 .debug_aranges
                0x0000000000000148       0x20 ../receive_bsp/\libhal_bsp.a(altera_nios2_gen2_irq.o)
 .debug_aranges
                0x0000000000000168       0x20 c:/altera/15.1/nios2eds/bin/gnu/h-x86_64-mingw32/bin/../lib/gcc/nios2-elf/4.9.2/../../../../../H-x86_64-mingw32/nios2-elf/lib/mno-hw-mul\libsmallc.a(lib_a-strlen.o)

.debug_pubnames
 *(.debug_pubnames)

.debug_info     0x0000000000000000      0xc3a
 *(.debug_info .gnu.linkonce.wi.*)
 .debug_info    0x0000000000000000       0x64 ../receive_bsp//obj/HAL/src/crt0.o
 .debug_info    0x0000000000000064       0x9f obj/default/hello_world_small.o
 .debug_info    0x0000000000000103      0x1ba ../receive_bsp/\libhal_bsp.a(alt_load.o)
 .debug_info    0x00000000000002bd      0x17b ../receive_bsp/\libhal_bsp.a(alt_main.o)
 .debug_info    0x0000000000000438      0x138 ../receive_bsp/\libhal_bsp.a(alt_putchar.o)
 .debug_info    0x0000000000000570      0x15d ../receive_bsp/\libhal_bsp.a(alt_putstr.o)
 .debug_info    0x00000000000006cd      0x17a ../receive_bsp/\libhal_bsp.a(alt_sys_init.o)
 .debug_info    0x0000000000000847      0x190 ../receive_bsp/\libhal_bsp.a(altera_avalon_jtag_uart_write.o)
 .debug_info    0x00000000000009d7       0x8b ../receive_bsp/\libhal_bsp.a(alt_dcache_flush_all.o)
 .debug_info    0x0000000000000a62       0x8b ../receive_bsp/\libhal_bsp.a(alt_icache_flush_all.o)
 .debug_info    0x0000000000000aed       0x8b ../receive_bsp/\libhal_bsp.a(altera_nios2_gen2_irq.o)
 .debug_info    0x0000000000000b78       0xc2 c:/altera/15.1/nios2eds/bin/gnu/h-x86_64-mingw32/bin/../lib/gcc/nios2-elf/4.9.2/../../../../../H-x86_64-mingw32/nios2-elf/lib/mno-hw-mul\libsmallc.a(lib_a-strlen.o)

.debug_abbrev   0x0000000000000000      0x788
 *(.debug_abbrev)
 .debug_abbrev  0x0000000000000000       0x12 ../receive_bsp//obj/HAL/src/crt0.o
 .debug_abbrev  0x0000000000000012       0xa7 obj/default/hello_world_small.o
 .debug_abbrev  0x00000000000000b9       0xd8 ../receive_bsp/\libhal_bsp.a(alt_load.o)
 .debug_abbrev  0x0000000000000191      0x120 ../receive_bsp/\libhal_bsp.a(alt_main.o)
 .debug_abbrev  0x00000000000002b1       0xd4 ../receive_bsp/\libhal_bsp.a(alt_putchar.o)
 .debug_abbrev  0x0000000000000385       0xe2 ../receive_bsp/\libhal_bsp.a(alt_putstr.o)
 .debug_abbrev  0x0000000000000467      0x107 ../receive_bsp/\libhal_bsp.a(alt_sys_init.o)
 .debug_abbrev  0x000000000000056e       0xd5 ../receive_bsp/\libhal_bsp.a(altera_avalon_jtag_uart_write.o)
 .debug_abbrev  0x0000000000000643       0x42 ../receive_bsp/\libhal_bsp.a(alt_dcache_flush_all.o)
 .debug_abbrev  0x0000000000000685       0x42 ../receive_bsp/\libhal_bsp.a(alt_icache_flush_all.o)
 .debug_abbrev  0x00000000000006c7       0x42 ../receive_bsp/\libhal_bsp.a(altera_nios2_gen2_irq.o)
 .debug_abbrev  0x0000000000000709       0x7f c:/altera/15.1/nios2eds/bin/gnu/h-x86_64-mingw32/bin/../lib/gcc/nios2-elf/4.9.2/../../../../../H-x86_64-mingw32/nios2-elf/lib/mno-hw-mul\libsmallc.a(lib_a-strlen.o)

.debug_line     0x0000000000000000      0x7c5
 *(.debug_line)
 .debug_line    0x0000000000000000       0x66 ../receive_bsp//obj/HAL/src/crt0.o
 .debug_line    0x0000000000000066       0x79 obj/default/hello_world_small.o
 .debug_line    0x00000000000000df       0xa6 ../receive_bsp/\libhal_bsp.a(alt_load.o)
 .debug_line    0x0000000000000185       0xbd ../receive_bsp/\libhal_bsp.a(alt_main.o)
 .debug_line    0x0000000000000242       0x55 ../receive_bsp/\libhal_bsp.a(alt_putchar.o)
 .debug_line    0x0000000000000297       0xf5 ../receive_bsp/\libhal_bsp.a(alt_putstr.o)
 .debug_line    0x000000000000038c      0x101 ../receive_bsp/\libhal_bsp.a(alt_sys_init.o)
 .debug_line    0x000000000000048d       0xf0 ../receive_bsp/\libhal_bsp.a(altera_avalon_jtag_uart_write.o)
 .debug_line    0x000000000000057d       0x4e ../receive_bsp/\libhal_bsp.a(alt_dcache_flush_all.o)
 .debug_line    0x00000000000005cb       0x4e ../receive_bsp/\libhal_bsp.a(alt_icache_flush_all.o)
 .debug_line    0x0000000000000619       0x50 ../receive_bsp/\libhal_bsp.a(altera_nios2_gen2_irq.o)
 .debug_line    0x0000000000000669      0x15c c:/altera/15.1/nios2eds/bin/gnu/h-x86_64-mingw32/bin/../lib/gcc/nios2-elf/4.9.2/../../../../../H-x86_64-mingw32/nios2-elf/lib/mno-hw-mul\libsmallc.a(lib_a-strlen.o)

.debug_frame    0x0000000000000000      0x1c4
 *(.debug_frame)
 .debug_frame   0x0000000000000000       0x2c obj/default/hello_world_small.o
 .debug_frame   0x000000000000002c       0x30 ../receive_bsp/\libhal_bsp.a(alt_load.o)
 .debug_frame   0x000000000000005c       0x2c ../receive_bsp/\libhal_bsp.a(alt_main.o)
 .debug_frame   0x0000000000000088       0x30 ../receive_bsp/\libhal_bsp.a(alt_putchar.o)
 .debug_frame   0x00000000000000b8       0x30 ../receive_bsp/\libhal_bsp.a(alt_putstr.o)
 .debug_frame   0x00000000000000e8       0x3c ../receive_bsp/\libhal_bsp.a(alt_sys_init.o)
 .debug_frame   0x0000000000000124       0x20 ../receive_bsp/\libhal_bsp.a(altera_avalon_jtag_uart_write.o)
 .debug_frame   0x0000000000000144       0x20 ../receive_bsp/\libhal_bsp.a(alt_dcache_flush_all.o)
 .debug_frame   0x0000000000000164       0x20 ../receive_bsp/\libhal_bsp.a(alt_icache_flush_all.o)
 .debug_frame   0x0000000000000184       0x20 ../receive_bsp/\libhal_bsp.a(altera_nios2_gen2_irq.o)
 .debug_frame   0x00000000000001a4       0x20 c:/altera/15.1/nios2eds/bin/gnu/h-x86_64-mingw32/bin/../lib/gcc/nios2-elf/4.9.2/../../../../../H-x86_64-mingw32/nios2-elf/lib/mno-hw-mul\libsmallc.a(lib_a-strlen.o)

.debug_str      0x0000000000000000      0x597
 *(.debug_str)
 .debug_str     0x0000000000000000       0x8f obj/default/hello_world_small.o
                                         0x99 (size before relaxing)
 .debug_str     0x000000000000008f      0x1a4 ../receive_bsp/\libhal_bsp.a(alt_load.o)
                                        0x215 (size before relaxing)
 .debug_str     0x0000000000000233       0x8f ../receive_bsp/\libhal_bsp.a(alt_main.o)
                                        0x18e (size before relaxing)
 .debug_str     0x00000000000002c2       0x5e ../receive_bsp/\libhal_bsp.a(alt_putchar.o)
                                        0x164 (size before relaxing)
 .debug_str     0x0000000000000320       0x23 ../receive_bsp/\libhal_bsp.a(alt_putstr.o)
                                        0x170 (size before relaxing)
 .debug_str     0x0000000000000343       0x86 ../receive_bsp/\libhal_bsp.a(alt_sys_init.o)
                                        0x1fd (size before relaxing)
 .debug_str     0x00000000000003c9       0x3f ../receive_bsp/\libhal_bsp.a(altera_avalon_jtag_uart_write.o)
                                        0x1ee (size before relaxing)
 .debug_str     0x0000000000000408       0x1f ../receive_bsp/\libhal_bsp.a(alt_dcache_flush_all.o)
                                        0x12e (size before relaxing)
 .debug_str     0x0000000000000427       0x1f ../receive_bsp/\libhal_bsp.a(alt_icache_flush_all.o)
                                        0x12e (size before relaxing)
 .debug_str     0x0000000000000446       0x20 ../receive_bsp/\libhal_bsp.a(altera_nios2_gen2_irq.o)
                                        0x135 (size before relaxing)
 .debug_str     0x0000000000000466      0x131 c:/altera/15.1/nios2eds/bin/gnu/h-x86_64-mingw32/bin/../lib/gcc/nios2-elf/4.9.2/../../../../../H-x86_64-mingw32/nios2-elf/lib/mno-hw-mul\libsmallc.a(lib_a-strlen.o)
                                        0x1d7 (size before relaxing)

.debug_loc      0x0000000000000000      0x12d
 *(.debug_loc)
 .debug_loc     0x0000000000000000       0x2c ../receive_bsp/\libhal_bsp.a(alt_putchar.o)
 .debug_loc     0x000000000000002c       0x37 ../receive_bsp/\libhal_bsp.a(alt_putstr.o)
 .debug_loc     0x0000000000000063       0x21 ../receive_bsp/\libhal_bsp.a(alt_sys_init.o)
 .debug_loc     0x0000000000000084       0x8b ../receive_bsp/\libhal_bsp.a(altera_avalon_jtag_uart_write.o)
 .debug_loc     0x000000000000010f       0x1e c:/altera/15.1/nios2eds/bin/gnu/h-x86_64-mingw32/bin/../lib/gcc/nios2-elf/4.9.2/../../../../../H-x86_64-mingw32/nios2-elf/lib/mno-hw-mul\libsmallc.a(lib_a-strlen.o)

.debug_macinfo
 *(.debug_macinfo)

.debug_weaknames
 *(.debug_weaknames)

.debug_funcnames
 *(.debug_funcnames)

.debug_typenames
 *(.debug_typenames)

.debug_varnames
 *(.debug_varnames)

.debug_alt_sim_info
                0x0000000000000000       0x10
 *(.debug_alt_sim_info)
 .debug_alt_sim_info
                0x0000000000000000       0x10 ../receive_bsp//obj/HAL/src/crt0.o
                0x0000000000002000                __alt_data_end = 0x2000
                0x0000000000002000                PROVIDE (__alt_stack_pointer, __alt_data_end)
                0x0000000000001300                PROVIDE (__alt_stack_limit, __alt_stack_base)
                0x0000000000001300                PROVIDE (__alt_heap_start, end)
                0x0000000000002000                PROVIDE (__alt_heap_limit, 0x2000)
OUTPUT(receive.elf elf32-littlenios2)

.debug_ranges   0x0000000000000000       0x88
 .debug_ranges  0x0000000000000000       0x20 ../receive_bsp//obj/HAL/src/crt0.o
 .debug_ranges  0x0000000000000020       0x10 obj/default/hello_world_small.o
 .debug_ranges  0x0000000000000030       0x48 ../receive_bsp/\libhal_bsp.a(alt_load.o)
 .debug_ranges  0x0000000000000078       0x10 c:/altera/15.1/nios2eds/bin/gnu/h-x86_64-mingw32/bin/../lib/gcc/nios2-elf/4.9.2/../../../../../H-x86_64-mingw32/nios2-elf/lib/mno-hw-mul\libsmallc.a(lib_a-strlen.o)
