Archive member included to satisfy reference by file (symbol)

../interlock_bsp/\libhal_bsp.a(alt_load.o)
                              ../interlock_bsp//obj/HAL/src/crt0.o (alt_load)
../interlock_bsp/\libhal_bsp.a(alt_main.o)
                              ../interlock_bsp//obj/HAL/src/crt0.o (alt_main)
../interlock_bsp/\libhal_bsp.a(alt_printf.o)
                              obj/default/hello_world_small.o (alt_printf)
../interlock_bsp/\libhal_bsp.a(alt_putchar.o)
                              ../interlock_bsp/\libhal_bsp.a(alt_printf.o) (alt_putchar)
../interlock_bsp/\libhal_bsp.a(alt_usleep.o)
                              obj/default/hello_world_small.o (usleep)
../interlock_bsp/\libhal_bsp.a(alt_sys_init.o)
                              ../interlock_bsp/\libhal_bsp.a(alt_main.o) (alt_irq_init)
../interlock_bsp/\libhal_bsp.a(altera_avalon_jtag_uart_write.o)
                              ../interlock_bsp/\libhal_bsp.a(alt_putchar.o) (altera_avalon_jtag_uart_write)
../interlock_bsp/\libhal_bsp.a(alt_busy_sleep.o)
                              ../interlock_bsp/\libhal_bsp.a(alt_usleep.o) (alt_busy_sleep)
../interlock_bsp/\libhal_bsp.a(alt_dcache_flush_all.o)
                              ../interlock_bsp/\libhal_bsp.a(alt_load.o) (alt_dcache_flush_all)
../interlock_bsp/\libhal_bsp.a(alt_icache_flush_all.o)
                              ../interlock_bsp/\libhal_bsp.a(alt_load.o) (alt_icache_flush_all)
../interlock_bsp/\libhal_bsp.a(altera_nios2_gen2_irq.o)
                              ../interlock_bsp/\libhal_bsp.a(alt_sys_init.o) (altera_nios2_gen2_irq_init)
../interlock_bsp/\libhal_bsp.a(alt_icache_flush.o)
                              ../interlock_bsp/\libhal_bsp.a(alt_icache_flush_all.o) (alt_icache_flush)
c:/altera/15.1/nios2eds/bin/gnu/h-x86_64-mingw32/bin/../lib/gcc/nios2-elf/4.9.2\libgcc.a(lib2-divmod.o)
                              ../interlock_bsp/\libhal_bsp.a(alt_busy_sleep.o) (__udivsi3)

Memory Configuration

Name             Origin             Length             Attributes
reset            0x0000000000001000 0x0000000000000020
onchip_memory    0x0000000000001020 0x0000000000000fe0
*default*        0x0000000000000000 0xffffffffffffffff

Linker script and memory map

LOAD ../interlock_bsp//obj/HAL/src/crt0.o
LOAD obj/default/hello_world_small.o
LOAD c:/altera/15.1/nios2eds/bin/gnu/h-x86_64-mingw32/bin/../lib/gcc/nios2-elf/4.9.2/../../../../../H-x86_64-mingw32/nios2-elf/lib\libstdc++.a
LOAD c:/altera/15.1/nios2eds/bin/gnu/h-x86_64-mingw32/bin/../lib/gcc/nios2-elf/4.9.2/../../../../../H-x86_64-mingw32/nios2-elf/lib\libm.a
LOAD c:/altera/15.1/nios2eds/bin/gnu/h-x86_64-mingw32/bin/../lib/gcc/nios2-elf/4.9.2\libgcc.a
START GROUP
LOAD c:/altera/15.1/nios2eds/bin/gnu/h-x86_64-mingw32/bin/../lib/gcc/nios2-elf/4.9.2/../../../../../H-x86_64-mingw32/nios2-elf/lib\libsmallc.a
LOAD c:/altera/15.1/nios2eds/bin/gnu/h-x86_64-mingw32/bin/../lib/gcc/nios2-elf/4.9.2\libgcc.a
LOAD ../interlock_bsp/\libhal_bsp.a
LOAD c:/altera/15.1/nios2eds/bin/gnu/h-x86_64-mingw32/bin/../lib/gcc/nios2-elf/4.9.2/../../../../../H-x86_64-mingw32/nios2-elf/lib\libm.a
END GROUP
LOAD c:/altera/15.1/nios2eds/bin/gnu/h-x86_64-mingw32/bin/../lib/gcc/nios2-elf/4.9.2\libgcc.a
                0x0000000000001000                __alt_mem_onchip_memory = 0x1000

.entry          0x0000000000001000       0x20
 *(.entry)
 .entry         0x0000000000001000       0x20 ../interlock_bsp//obj/HAL/src/crt0.o
                0x0000000000001000                __reset
                0x000000000000101c                _exit

.exceptions     0x0000000000001020        0x0
                0x0000000000001020                PROVIDE (__ram_exceptions_start, ABSOLUTE (.))
                0x0000000000001020                . = ALIGN (0x20)
 *(.irq)
 *(.exceptions.entry.label)
 *(.exceptions.entry.user)
 *(.exceptions.entry.ecc_fatal)
 *(.exceptions.entry)
 *(.exceptions.irqtest.user)
 *(.exceptions.irqtest)
 *(.exceptions.irqhandler.user)
 *(.exceptions.irqhandler)
 *(.exceptions.irqreturn.user)
 *(.exceptions.irqreturn)
 *(.exceptions.notirq.label)
 *(.exceptions.notirq.user)
 *(.exceptions.notirq)
 *(.exceptions.soft.user)
 *(.exceptions.soft)
 *(.exceptions.unknown.user)
 *(.exceptions.unknown)
 *(.exceptions.exit.label)
 *(.exceptions.exit.user)
 *(.exceptions.exit)
 *(.exceptions)
                0x0000000000001020                PROVIDE (__ram_exceptions_end, ABSOLUTE (.))
                0x0000000000001020                PROVIDE (__flash_exceptions_start, LOADADDR (.exceptions))

.text           0x0000000000001020      0x648
                0x0000000000001020                PROVIDE (stext, ABSOLUTE (.))
 *(.interp)
 *(.hash)
 *(.dynsym)
 *(.dynstr)
 *(.gnu.version)
 *(.gnu.version_d)
 *(.gnu.version_r)
 *(.rel.init)
 *(.rela.init)
 *(.rel.text .rel.text.* .rel.gnu.linkonce.t.*)
 *(.rela.text .rela.text.* .rela.gnu.linkonce.t.*)
 *(.rel.fini)
 *(.rela.fini)
 *(.rel.rodata .rel.rodata.* .rel.gnu.linkonce.r.*)
 *(.rela.rodata .rela.rodata.* .rela.gnu.linkonce.r.*)
 *(.rel.data .rel.data.* .rel.gnu.linkonce.d.*)
 *(.rela.data .rela.data.* .rela.gnu.linkonce.d.*)
 *(.rel.tdata .rel.tdata.* .rel.gnu.linkonce.td.*)
 *(.rela.tdata .rela.tdata.* .rela.gnu.linkonce.td.*)
 *(.rel.tbss .rel.tbss.* .rel.gnu.linkonce.tb.*)
 *(.rela.tbss .rela.tbss.* .rela.gnu.linkonce.tb.*)
 *(.rel.ctors)
 *(.rela.ctors)
 *(.rel.dtors)
 *(.rela.dtors)
 *(.rel.got)
 *(.rela.got)
 *(.rel.sdata .rel.sdata.* .rel.gnu.linkonce.s.*)
 *(.rela.sdata .rela.sdata.* .rela.gnu.linkonce.s.*)
 *(.rel.sbss .rel.sbss.* .rel.gnu.linkonce.sb.*)
 *(.rela.sbss .rela.sbss.* .rela.gnu.linkonce.sb.*)
 *(.rel.sdata2 .rel.sdata2.* .rel.gnu.linkonce.s2.*)
 *(.rela.sdata2 .rela.sdata2.* .rela.gnu.linkonce.s2.*)
 *(.rel.sbss2 .rel.sbss2.* .rel.gnu.linkonce.sb2.*)
 *(.rela.sbss2 .rela.sbss2.* .rela.gnu.linkonce.sb2.*)
 *(.rel.bss .rel.bss.* .rel.gnu.linkonce.b.*)
 *(.rela.bss .rela.bss.* .rela.gnu.linkonce.b.*)
 *(.rel.plt)
 *(.rela.plt)
 *(.rel.dyn)
 *(.init)
 *(.plt)
 *(.text .stub .text.* .gnu.linkonce.t.*)
 .text          0x0000000000001020       0x4c ../interlock_bsp//obj/HAL/src/crt0.o
                0x0000000000001020                _start
 .text          0x000000000000106c        0x0 obj/default/hello_world_small.o
 .text.startup  0x000000000000106c       0xc0 obj/default/hello_world_small.o
                0x000000000000106c                main
 .text          0x000000000000112c       0xf8 ../interlock_bsp/\libhal_bsp.a(alt_load.o)
                0x000000000000112c                alt_load
 .text          0x0000000000001224       0x2c ../interlock_bsp/\libhal_bsp.a(alt_main.o)
                0x0000000000001224                alt_main
 .text          0x0000000000001250      0x16c ../interlock_bsp/\libhal_bsp.a(alt_printf.o)
                0x0000000000001250                alt_printf
 .text          0x00000000000013bc       0x48 ../interlock_bsp/\libhal_bsp.a(alt_putchar.o)
                0x00000000000013bc                alt_putchar
 .text          0x0000000000001404        0x4 ../interlock_bsp/\libhal_bsp.a(alt_usleep.o)
                0x0000000000001404                usleep
 .text          0x0000000000001408       0x24 ../interlock_bsp/\libhal_bsp.a(alt_sys_init.o)
                0x0000000000001408                alt_irq_init
                0x0000000000001428                alt_sys_init
 .text          0x000000000000142c       0x34 ../interlock_bsp/\libhal_bsp.a(altera_avalon_jtag_uart_write.o)
                0x000000000000142c                altera_avalon_jtag_uart_write
 .text          0x0000000000001460       0x78 ../interlock_bsp/\libhal_bsp.a(alt_busy_sleep.o)
                0x0000000000001460                alt_busy_sleep
 .text          0x00000000000014d8       0x18 ../interlock_bsp/\libhal_bsp.a(alt_dcache_flush_all.o)
                0x00000000000014d8                alt_dcache_flush_all
 .text          0x00000000000014f0        0xc ../interlock_bsp/\libhal_bsp.a(alt_icache_flush_all.o)
                0x00000000000014f0                alt_icache_flush_all
 .text          0x00000000000014fc        0x8 ../interlock_bsp/\libhal_bsp.a(altera_nios2_gen2_irq.o)
                0x00000000000014fc                altera_nios2_gen2_irq_init
 .text          0x0000000000001504       0x38 ../interlock_bsp/\libhal_bsp.a(alt_icache_flush.o)
                0x0000000000001504                alt_icache_flush
 .text          0x000000000000153c      0x12c c:/altera/15.1/nios2eds/bin/gnu/h-x86_64-mingw32/bin/../lib/gcc/nios2-elf/4.9.2\libgcc.a(lib2-divmod.o)
                0x00000000000015a8                __divsi3
                0x00000000000015fc                __modsi3
                0x0000000000001658                __udivsi3
                0x0000000000001660                __umodsi3
 *(.gnu.warning.*)
 *(.fini)
                0x0000000000001668                PROVIDE (__etext, ABSOLUTE (.))
                0x0000000000001668                PROVIDE (_etext, ABSOLUTE (.))
                0x0000000000001668                PROVIDE (etext, ABSOLUTE (.))
 *(.eh_frame_hdr)
                0x0000000000001668                . = ALIGN (0x4)
                0x0000000000001668                PROVIDE (__preinit_array_start, ABSOLUTE (.))
 *(.preinit_array)
                0x0000000000001668                PROVIDE (__preinit_array_end, ABSOLUTE (.))
                0x0000000000001668                PROVIDE (__init_array_start, ABSOLUTE (.))
 *(.init_array)
                0x0000000000001668                PROVIDE (__init_array_end, ABSOLUTE (.))
                0x0000000000001668                PROVIDE (__fini_array_start, ABSOLUTE (.))
 *(.fini_array)
                0x0000000000001668                PROVIDE (__fini_array_end, ABSOLUTE (.))
 *(.eh_frame)
 *(.gcc_except_table .gcc_except_table.*)
 *(.dynamic)
                0x0000000000001668                PROVIDE (__CTOR_LIST__, ABSOLUTE (.))
 *(.ctors)
 *(SORT(.ctors.*))
                0x0000000000001668                PROVIDE (__CTOR_END__, ABSOLUTE (.))
                0x0000000000001668                PROVIDE (__DTOR_LIST__, ABSOLUTE (.))
 *(.dtors)
 *(SORT(.dtors.*))
                0x0000000000001668                PROVIDE (__DTOR_END__, ABSOLUTE (.))
 *(.jcr)
                0x0000000000001668                . = ALIGN (0x4)

.rodata         0x0000000000001668       0x94
                0x0000000000001668                PROVIDE (__ram_rodata_start, ABSOLUTE (.))
                0x0000000000001668                . = ALIGN (0x4)
 *(.rodata .rodata.* .gnu.linkonce.r.*)
 .rodata.str1.4
                0x0000000000001668       0x94 obj/default/hello_world_small.o
 *(.rodata1)
                0x00000000000016fc                . = ALIGN (0x4)
                0x00000000000016fc                PROVIDE (__ram_rodata_end, ABSOLUTE (.))
                0x0000000000001668                PROVIDE (__flash_rodata_start, LOADADDR (.rodata))

.rwdata         0x00000000000016fc        0x4 load address 0x0000000000001700
                0x00000000000016fc                PROVIDE (__ram_rwdata_start, ABSOLUTE (.))
                0x00000000000016fc                . = ALIGN (0x4)
 *(.got.plt)
 *(.got)
 *(.data1)
 *(.data .data.* .gnu.linkonce.d.*)
 .data          0x00000000000016fc        0x0 ../interlock_bsp//obj/HAL/src/crt0.o
 .data          0x00000000000016fc        0x0 obj/default/hello_world_small.o
 .data          0x00000000000016fc        0x0 ../interlock_bsp/\libhal_bsp.a(alt_load.o)
 .data          0x00000000000016fc        0x0 ../interlock_bsp/\libhal_bsp.a(alt_main.o)
 .data          0x00000000000016fc        0x0 ../interlock_bsp/\libhal_bsp.a(alt_printf.o)
 .data          0x00000000000016fc        0x0 ../interlock_bsp/\libhal_bsp.a(alt_putchar.o)
 .data          0x00000000000016fc        0x0 ../interlock_bsp/\libhal_bsp.a(alt_usleep.o)
 .data          0x00000000000016fc        0x0 ../interlock_bsp/\libhal_bsp.a(alt_sys_init.o)
 .data          0x00000000000016fc        0x0 ../interlock_bsp/\libhal_bsp.a(altera_avalon_jtag_uart_write.o)
 .data          0x00000000000016fc        0x0 ../interlock_bsp/\libhal_bsp.a(alt_busy_sleep.o)
 .data          0x00000000000016fc        0x0 ../interlock_bsp/\libhal_bsp.a(alt_dcache_flush_all.o)
 .data          0x00000000000016fc        0x0 ../interlock_bsp/\libhal_bsp.a(alt_icache_flush_all.o)
 .data          0x00000000000016fc        0x0 ../interlock_bsp/\libhal_bsp.a(altera_nios2_gen2_irq.o)
 .data          0x00000000000016fc        0x0 ../interlock_bsp/\libhal_bsp.a(alt_icache_flush.o)
 .data          0x00000000000016fc        0x0 c:/altera/15.1/nios2eds/bin/gnu/h-x86_64-mingw32/bin/../lib/gcc/nios2-elf/4.9.2\libgcc.a(lib2-divmod.o)
                0x00000000000096fc                _gp = ABSOLUTE ((. + 0x8000))
                0x00000000000096fc                PROVIDE (gp, _gp)
 *(.rwdata .rwdata.*)
 *(.sdata .sdata.* .gnu.linkonce.s.*)
 .sdata         0x00000000000016fc        0x4 ../interlock_bsp/\libhal_bsp.a(alt_sys_init.o)
                0x00000000000016fc                jtag_uart
 *(.sdata2 .sdata2.* .gnu.linkonce.s2.*)
                0x0000000000001700                . = ALIGN (0x4)
                0x0000000000001700                _edata = ABSOLUTE (.)
                0x0000000000001700                PROVIDE (edata, ABSOLUTE (.))
                0x0000000000001700                PROVIDE (__ram_rwdata_end, ABSOLUTE (.))
                0x0000000000001700                PROVIDE (__flash_rwdata_start, LOADADDR (.rwdata))

.bss            0x0000000000001704        0xc
                0x0000000000001704                __bss_start = ABSOLUTE (.)
                0x0000000000001704                PROVIDE (__sbss_start, ABSOLUTE (.))
                0x0000000000001704                PROVIDE (___sbss_start, ABSOLUTE (.))
 *(.dynsbss)
 *(.sbss .sbss.* .gnu.linkonce.sb.*)
 .sbss          0x0000000000001704        0xc ../interlock_bsp/\libhal_bsp.a(alt_main.o)
                0x0000000000001704                alt_envp
                0x0000000000001708                alt_argv
                0x000000000000170c                alt_argc
 *(.sbss2 .sbss2.* .gnu.linkonce.sb2.*)
 *(.scommon)
                0x0000000000001710                PROVIDE (__sbss_end, ABSOLUTE (.))
                0x0000000000001710                PROVIDE (___sbss_end, ABSOLUTE (.))
 *(.dynbss)
 *(.bss .bss.* .gnu.linkonce.b.*)
 .bss           0x0000000000001710        0x0 ../interlock_bsp//obj/HAL/src/crt0.o
 .bss           0x0000000000001710        0x0 obj/default/hello_world_small.o
 .bss           0x0000000000001710        0x0 ../interlock_bsp/\libhal_bsp.a(alt_load.o)
 .bss           0x0000000000001710        0x0 ../interlock_bsp/\libhal_bsp.a(alt_main.o)
 .bss           0x0000000000001710        0x0 ../interlock_bsp/\libhal_bsp.a(alt_printf.o)
 .bss           0x0000000000001710        0x0 ../interlock_bsp/\libhal_bsp.a(alt_putchar.o)
 .bss           0x0000000000001710        0x0 ../interlock_bsp/\libhal_bsp.a(alt_usleep.o)
 .bss           0x0000000000001710        0x0 ../interlock_bsp/\libhal_bsp.a(alt_sys_init.o)
 .bss           0x0000000000001710        0x0 ../interlock_bsp/\libhal_bsp.a(altera_avalon_jtag_uart_write.o)
 .bss           0x0000000000001710        0x0 ../interlock_bsp/\libhal_bsp.a(alt_busy_sleep.o)
 .bss           0x0000000000001710        0x0 ../interlock_bsp/\libhal_bsp.a(alt_dcache_flush_all.o)
 .bss           0x0000000000001710        0x0 ../interlock_bsp/\libhal_bsp.a(alt_icache_flush_all.o)
 .bss           0x0000000000001710        0x0 ../interlock_bsp/\libhal_bsp.a(altera_nios2_gen2_irq.o)
 .bss           0x0000000000001710        0x0 ../interlock_bsp/\libhal_bsp.a(alt_icache_flush.o)
 .bss           0x0000000000001710        0x0 c:/altera/15.1/nios2eds/bin/gnu/h-x86_64-mingw32/bin/../lib/gcc/nios2-elf/4.9.2\libgcc.a(lib2-divmod.o)
 *(COMMON)
                0x0000000000001710                . = ALIGN (0x4)
                0x0000000000001710                __bss_end = ABSOLUTE (.)

.onchip_memory  0x0000000000001710        0x0
                0x0000000000001710                PROVIDE (_alt_partition_onchip_memory_start, ABSOLUTE (.))
 *(.onchip_memory .onchip_memory. onchip_memory.*)
                0x0000000000001710                . = ALIGN (0x4)
                0x0000000000001710                PROVIDE (_alt_partition_onchip_memory_end, ABSOLUTE (.))
                0x0000000000001710                _end = ABSOLUTE (.)
                0x0000000000001710                end = ABSOLUTE (.)
                0x0000000000001710                __alt_stack_base = ABSOLUTE (.)
                0x0000000000001710                PROVIDE (_alt_partition_onchip_memory_load_addr, LOADADDR (.onchip_memory))

.stab
 *(.stab)

.stabstr
 *(.stabstr)

.stab.excl
 *(.stab.excl)

.stab.exclstr
 *(.stab.exclstr)

.stab.index
 *(.stab.index)

.stab.indexstr
 *(.stab.indexstr)

.comment        0x0000000000000000       0x23
 *(.comment)
 .comment       0x0000000000000000       0x23 obj/default/hello_world_small.o
                                         0x24 (size before relaxing)
 .comment       0x0000000000000000       0x24 ../interlock_bsp/\libhal_bsp.a(alt_load.o)
 .comment       0x0000000000000000       0x24 ../interlock_bsp/\libhal_bsp.a(alt_main.o)
 .comment       0x0000000000000000       0x24 ../interlock_bsp/\libhal_bsp.a(alt_printf.o)
 .comment       0x0000000000000000       0x24 ../interlock_bsp/\libhal_bsp.a(alt_putchar.o)
 .comment       0x0000000000000000       0x24 ../interlock_bsp/\libhal_bsp.a(alt_usleep.o)
 .comment       0x0000000000000000       0x24 ../interlock_bsp/\libhal_bsp.a(alt_sys_init.o)
 .comment       0x0000000000000000       0x24 ../interlock_bsp/\libhal_bsp.a(altera_avalon_jtag_uart_write.o)
 .comment       0x0000000000000000       0x24 ../interlock_bsp/\libhal_bsp.a(alt_busy_sleep.o)
 .comment       0x0000000000000000       0x24 ../interlock_bsp/\libhal_bsp.a(alt_dcache_flush_all.o)
 .comment       0x0000000000000000       0x24 ../interlock_bsp/\libhal_bsp.a(alt_icache_flush_all.o)
 .comment       0x0000000000000000       0x24 ../interlock_bsp/\libhal_bsp.a(altera_nios2_gen2_irq.o)
 .comment       0x0000000000000000       0x24 ../interlock_bsp/\libhal_bsp.a(alt_icache_flush.o)
 .comment       0x0000000000000000       0x24 c:/altera/15.1/nios2eds/bin/gnu/h-x86_64-mingw32/bin/../lib/gcc/nios2-elf/4.9.2\libgcc.a(lib2-divmod.o)

.debug
 *(.debug)

.line
 *(.line)

.debug_srcinfo
 *(.debug_srcinfo)

.debug_sfnames
 *(.debug_sfnames)

.debug_aranges  0x0000000000000000      0x1e8
 *(.debug_aranges)
 .debug_aranges
                0x0000000000000000       0x28 ../interlock_bsp//obj/HAL/src/crt0.o
 .debug_aranges
                0x0000000000000028       0x20 obj/default/hello_world_small.o
 .debug_aranges
                0x0000000000000048       0x20 ../interlock_bsp/\libhal_bsp.a(alt_load.o)
 .debug_aranges
                0x0000000000000068       0x20 ../interlock_bsp/\libhal_bsp.a(alt_main.o)
 .debug_aranges
                0x0000000000000088       0x20 ../interlock_bsp/\libhal_bsp.a(alt_printf.o)
 .debug_aranges
                0x00000000000000a8       0x20 ../interlock_bsp/\libhal_bsp.a(alt_putchar.o)
 .debug_aranges
                0x00000000000000c8       0x20 ../interlock_bsp/\libhal_bsp.a(alt_usleep.o)
 .debug_aranges
                0x00000000000000e8       0x20 ../interlock_bsp/\libhal_bsp.a(alt_sys_init.o)
 .debug_aranges
                0x0000000000000108       0x20 ../interlock_bsp/\libhal_bsp.a(altera_avalon_jtag_uart_write.o)
 .debug_aranges
                0x0000000000000128       0x20 ../interlock_bsp/\libhal_bsp.a(alt_busy_sleep.o)
 .debug_aranges
                0x0000000000000148       0x20 ../interlock_bsp/\libhal_bsp.a(alt_dcache_flush_all.o)
 .debug_aranges
                0x0000000000000168       0x20 ../interlock_bsp/\libhal_bsp.a(alt_icache_flush_all.o)
 .debug_aranges
                0x0000000000000188       0x20 ../interlock_bsp/\libhal_bsp.a(altera_nios2_gen2_irq.o)
 .debug_aranges
                0x00000000000001a8       0x20 ../interlock_bsp/\libhal_bsp.a(alt_icache_flush.o)
 .debug_aranges
                0x00000000000001c8       0x20 c:/altera/15.1/nios2eds/bin/gnu/h-x86_64-mingw32/bin/../lib/gcc/nios2-elf/4.9.2\libgcc.a(lib2-divmod.o)

.debug_pubnames
 *(.debug_pubnames)

.debug_info     0x0000000000000000     0x117d
 *(.debug_info .gnu.linkonce.wi.*)
 .debug_info    0x0000000000000000       0x7b ../interlock_bsp//obj/HAL/src/crt0.o
 .debug_info    0x000000000000007b      0x19d obj/default/hello_world_small.o
 .debug_info    0x0000000000000218      0x1ba ../interlock_bsp/\libhal_bsp.a(alt_load.o)
 .debug_info    0x00000000000003d2      0x17b ../interlock_bsp/\libhal_bsp.a(alt_main.o)
 .debug_info    0x000000000000054d      0x153 ../interlock_bsp/\libhal_bsp.a(alt_printf.o)
 .debug_info    0x00000000000006a0      0x138 ../interlock_bsp/\libhal_bsp.a(alt_putchar.o)
 .debug_info    0x00000000000007d8       0xd0 ../interlock_bsp/\libhal_bsp.a(alt_usleep.o)
 .debug_info    0x00000000000008a8      0x17a ../interlock_bsp/\libhal_bsp.a(alt_sys_init.o)
 .debug_info    0x0000000000000a22      0x190 ../interlock_bsp/\libhal_bsp.a(altera_avalon_jtag_uart_write.o)
 .debug_info    0x0000000000000bb2       0xd1 ../interlock_bsp/\libhal_bsp.a(alt_busy_sleep.o)
 .debug_info    0x0000000000000c83       0x9f ../interlock_bsp/\libhal_bsp.a(alt_dcache_flush_all.o)
 .debug_info    0x0000000000000d22       0xc5 ../interlock_bsp/\libhal_bsp.a(alt_icache_flush_all.o)
 .debug_info    0x0000000000000de7       0x8b ../interlock_bsp/\libhal_bsp.a(altera_nios2_gen2_irq.o)
 .debug_info    0x0000000000000e72       0xd7 ../interlock_bsp/\libhal_bsp.a(alt_icache_flush.o)
 .debug_info    0x0000000000000f49      0x234 c:/altera/15.1/nios2eds/bin/gnu/h-x86_64-mingw32/bin/../lib/gcc/nios2-elf/4.9.2\libgcc.a(lib2-divmod.o)

.debug_abbrev   0x0000000000000000      0xa10
 *(.debug_abbrev)
 .debug_abbrev  0x0000000000000000       0x12 ../interlock_bsp//obj/HAL/src/crt0.o
 .debug_abbrev  0x0000000000000012       0xbb obj/default/hello_world_small.o
 .debug_abbrev  0x00000000000000cd       0xd8 ../interlock_bsp/\libhal_bsp.a(alt_load.o)
 .debug_abbrev  0x00000000000001a5      0x120 ../interlock_bsp/\libhal_bsp.a(alt_main.o)
 .debug_abbrev  0x00000000000002c5       0xde ../interlock_bsp/\libhal_bsp.a(alt_printf.o)
 .debug_abbrev  0x00000000000003a3       0xd4 ../interlock_bsp/\libhal_bsp.a(alt_putchar.o)
 .debug_abbrev  0x0000000000000477       0x96 ../interlock_bsp/\libhal_bsp.a(alt_usleep.o)
 .debug_abbrev  0x000000000000050d      0x107 ../interlock_bsp/\libhal_bsp.a(alt_sys_init.o)
 .debug_abbrev  0x0000000000000614       0xd5 ../interlock_bsp/\libhal_bsp.a(altera_avalon_jtag_uart_write.o)
 .debug_abbrev  0x00000000000006e9       0x8d ../interlock_bsp/\libhal_bsp.a(alt_busy_sleep.o)
 .debug_abbrev  0x0000000000000776       0x5a ../interlock_bsp/\libhal_bsp.a(alt_dcache_flush_all.o)
 .debug_abbrev  0x00000000000007d0       0x8a ../interlock_bsp/\libhal_bsp.a(alt_icache_flush_all.o)
 .debug_abbrev  0x000000000000085a       0x42 ../interlock_bsp/\libhal_bsp.a(altera_nios2_gen2_irq.o)
 .debug_abbrev  0x000000000000089c       0x9b ../interlock_bsp/\libhal_bsp.a(alt_icache_flush.o)
 .debug_abbrev  0x0000000000000937       0xd9 c:/altera/15.1/nios2eds/bin/gnu/h-x86_64-mingw32/bin/../lib/gcc/nios2-elf/4.9.2\libgcc.a(lib2-divmod.o)

.debug_line     0x0000000000000000      0x9a5
 *(.debug_line)
 .debug_line    0x0000000000000000       0x72 ../interlock_bsp//obj/HAL/src/crt0.o
 .debug_line    0x0000000000000072       0x89 obj/default/hello_world_small.o
 .debug_line    0x00000000000000fb       0xa6 ../interlock_bsp/\libhal_bsp.a(alt_load.o)
 .debug_line    0x00000000000001a1       0xbd ../interlock_bsp/\libhal_bsp.a(alt_main.o)
 .debug_line    0x000000000000025e      0x108 ../interlock_bsp/\libhal_bsp.a(alt_printf.o)
 .debug_line    0x0000000000000366       0x55 ../interlock_bsp/\libhal_bsp.a(alt_putchar.o)
 .debug_line    0x00000000000003bb       0xc7 ../interlock_bsp/\libhal_bsp.a(alt_usleep.o)
 .debug_line    0x0000000000000482      0x101 ../interlock_bsp/\libhal_bsp.a(alt_sys_init.o)
 .debug_line    0x0000000000000583       0xf0 ../interlock_bsp/\libhal_bsp.a(altera_avalon_jtag_uart_write.o)
 .debug_line    0x0000000000000673       0xc0 ../interlock_bsp/\libhal_bsp.a(alt_busy_sleep.o)
 .debug_line    0x0000000000000733       0x5a ../interlock_bsp/\libhal_bsp.a(alt_dcache_flush_all.o)
 .debug_line    0x000000000000078d       0x87 ../interlock_bsp/\libhal_bsp.a(alt_icache_flush_all.o)
 .debug_line    0x0000000000000814       0x50 ../interlock_bsp/\libhal_bsp.a(altera_nios2_gen2_irq.o)
 .debug_line    0x0000000000000864       0x7d ../interlock_bsp/\libhal_bsp.a(alt_icache_flush.o)
 .debug_line    0x00000000000008e1       0xc4 c:/altera/15.1/nios2eds/bin/gnu/h-x86_64-mingw32/bin/../lib/gcc/nios2-elf/4.9.2\libgcc.a(lib2-divmod.o)

.debug_frame    0x0000000000000000      0x2c8
 *(.debug_frame)
 .debug_frame   0x0000000000000000       0x30 obj/default/hello_world_small.o
 .debug_frame   0x0000000000000030       0x30 ../interlock_bsp/\libhal_bsp.a(alt_load.o)
 .debug_frame   0x0000000000000060       0x2c ../interlock_bsp/\libhal_bsp.a(alt_main.o)
 .debug_frame   0x000000000000008c       0x54 ../interlock_bsp/\libhal_bsp.a(alt_printf.o)
 .debug_frame   0x00000000000000e0       0x30 ../interlock_bsp/\libhal_bsp.a(alt_putchar.o)
 .debug_frame   0x0000000000000110       0x20 ../interlock_bsp/\libhal_bsp.a(alt_usleep.o)
 .debug_frame   0x0000000000000130       0x3c ../interlock_bsp/\libhal_bsp.a(alt_sys_init.o)
 .debug_frame   0x000000000000016c       0x20 ../interlock_bsp/\libhal_bsp.a(altera_avalon_jtag_uart_write.o)
 .debug_frame   0x000000000000018c       0x30 ../interlock_bsp/\libhal_bsp.a(alt_busy_sleep.o)
 .debug_frame   0x00000000000001bc       0x20 ../interlock_bsp/\libhal_bsp.a(alt_dcache_flush_all.o)
 .debug_frame   0x00000000000001dc       0x20 ../interlock_bsp/\libhal_bsp.a(alt_icache_flush_all.o)
 .debug_frame   0x00000000000001fc       0x20 ../interlock_bsp/\libhal_bsp.a(altera_nios2_gen2_irq.o)
 .debug_frame   0x000000000000021c       0x20 ../interlock_bsp/\libhal_bsp.a(alt_icache_flush.o)
 .debug_frame   0x000000000000023c       0x8c c:/altera/15.1/nios2eds/bin/gnu/h-x86_64-mingw32/bin/../lib/gcc/nios2-elf/4.9.2\libgcc.a(lib2-divmod.o)

.debug_str      0x0000000000000000      0x6b2
 *(.debug_str)
 .debug_str     0x0000000000000000       0xee obj/default/hello_world_small.o
                                        0x12c (size before relaxing)
 .debug_str     0x00000000000000ee      0x162 ../interlock_bsp/\libhal_bsp.a(alt_load.o)
                                        0x229 (size before relaxing)
 .debug_str     0x0000000000000250       0x8f ../interlock_bsp/\libhal_bsp.a(alt_main.o)
                                        0x1a2 (size before relaxing)
 .debug_str     0x00000000000002df       0x59 ../interlock_bsp/\libhal_bsp.a(alt_printf.o)
                                         0xff (size before relaxing)
 .debug_str     0x0000000000000338       0x5e ../interlock_bsp/\libhal_bsp.a(alt_putchar.o)
                                        0x178 (size before relaxing)
 .debug_str     0x0000000000000396       0x2f ../interlock_bsp/\libhal_bsp.a(alt_usleep.o)
                                        0x144 (size before relaxing)
 .debug_str     0x00000000000003c5       0x86 ../interlock_bsp/\libhal_bsp.a(alt_sys_init.o)
                                        0x211 (size before relaxing)
 .debug_str     0x000000000000044b       0x3f ../interlock_bsp/\libhal_bsp.a(altera_avalon_jtag_uart_write.o)
                                        0x202 (size before relaxing)
 .debug_str     0x000000000000048a       0x33 ../interlock_bsp/\libhal_bsp.a(alt_busy_sleep.o)
                                        0x158 (size before relaxing)
 .debug_str     0x00000000000004bd       0x1f ../interlock_bsp/\libhal_bsp.a(alt_dcache_flush_all.o)
                                        0x142 (size before relaxing)
 .debug_str     0x00000000000004dc       0x30 ../interlock_bsp/\libhal_bsp.a(alt_icache_flush_all.o)
                                        0x15b (size before relaxing)
 .debug_str     0x000000000000050c       0x20 ../interlock_bsp/\libhal_bsp.a(altera_nios2_gen2_irq.o)
                                        0x149 (size before relaxing)
 .debug_str     0x000000000000052c       0x1b ../interlock_bsp/\libhal_bsp.a(alt_icache_flush.o)
                                        0x148 (size before relaxing)
 .debug_str     0x0000000000000547      0x16b c:/altera/15.1/nios2eds/bin/gnu/h-x86_64-mingw32/bin/../lib/gcc/nios2-elf/4.9.2\libgcc.a(lib2-divmod.o)
                                        0x1b6 (size before relaxing)

.debug_loc      0x0000000000000000      0x618
 *(.debug_loc)
 .debug_loc     0x0000000000000000      0x1c6 ../interlock_bsp/\libhal_bsp.a(alt_printf.o)
 .debug_loc     0x00000000000001c6       0x2c ../interlock_bsp/\libhal_bsp.a(alt_putchar.o)
 .debug_loc     0x00000000000001f2       0x21 ../interlock_bsp/\libhal_bsp.a(alt_usleep.o)
 .debug_loc     0x0000000000000213       0x21 ../interlock_bsp/\libhal_bsp.a(alt_sys_init.o)
 .debug_loc     0x0000000000000234       0x8b ../interlock_bsp/\libhal_bsp.a(altera_avalon_jtag_uart_write.o)
 .debug_loc     0x00000000000002bf       0x75 ../interlock_bsp/\libhal_bsp.a(alt_busy_sleep.o)
 .debug_loc     0x0000000000000334       0x1f ../interlock_bsp/\libhal_bsp.a(alt_dcache_flush_all.o)
 .debug_loc     0x0000000000000353       0x52 ../interlock_bsp/\libhal_bsp.a(alt_icache_flush.o)
 .debug_loc     0x00000000000003a5      0x273 c:/altera/15.1/nios2eds/bin/gnu/h-x86_64-mingw32/bin/../lib/gcc/nios2-elf/4.9.2\libgcc.a(lib2-divmod.o)

.debug_macinfo
 *(.debug_macinfo)

.debug_weaknames
 *(.debug_weaknames)

.debug_funcnames
 *(.debug_funcnames)

.debug_typenames
 *(.debug_typenames)

.debug_varnames
 *(.debug_varnames)

.debug_alt_sim_info
                0x0000000000000000       0x60
 *(.debug_alt_sim_info)
 .debug_alt_sim_info
                0x0000000000000000       0x30 ../interlock_bsp//obj/HAL/src/crt0.o
 .debug_alt_sim_info
                0x0000000000000030       0x30 ../interlock_bsp/\libhal_bsp.a(alt_busy_sleep.o)
                0x0000000000002000                __alt_data_end = 0x2000
                0x0000000000002000                PROVIDE (__alt_stack_pointer, __alt_data_end)
                0x0000000000001710                PROVIDE (__alt_stack_limit, __alt_stack_base)
                0x0000000000001710                PROVIDE (__alt_heap_start, end)
                0x0000000000002000                PROVIDE (__alt_heap_limit, 0x2000)
OUTPUT(interlock.elf elf32-littlenios2)

.debug_ranges   0x0000000000000000       0xa0
 .debug_ranges  0x0000000000000000       0x20 ../interlock_bsp//obj/HAL/src/crt0.o
 .debug_ranges  0x0000000000000020       0x10 obj/default/hello_world_small.o
 .debug_ranges  0x0000000000000030       0x48 ../interlock_bsp/\libhal_bsp.a(alt_load.o)
 .debug_ranges  0x0000000000000078       0x18 ../interlock_bsp/\libhal_bsp.a(alt_printf.o)
 .debug_ranges  0x0000000000000090       0x10 ../interlock_bsp/\libhal_bsp.a(alt_icache_flush.o)
