Archive member included to satisfy reference by file (symbol)

c:/altera/16.0/nios2eds/bin/gnu/h-x86_64-mingw32/bin/../lib/gcc/nios2-elf/5.2.0/mno-hw-mul\libgcc.a(lib2-mul.o)
                              obj/default/hello_world_small.o (__mulsi3)
../battleship_bsp/\libhal_bsp.a(alt_getchar.o)
                              obj/default/hello_world_small.o (alt_getchar)
../battleship_bsp/\libhal_bsp.a(alt_load.o)
                              ../battleship_bsp//obj/HAL/src/crt0.o (alt_load)
../battleship_bsp/\libhal_bsp.a(alt_main.o)
                              ../battleship_bsp//obj/HAL/src/crt0.o (alt_main)
../battleship_bsp/\libhal_bsp.a(alt_printf.o)
                              obj/default/hello_world_small.o (alt_printf)
../battleship_bsp/\libhal_bsp.a(alt_putchar.o)
                              obj/default/hello_world_small.o (alt_putchar)
../battleship_bsp/\libhal_bsp.a(alt_putstr.o)
                              obj/default/hello_world_small.o (alt_putstr)
../battleship_bsp/\libhal_bsp.a(alt_usleep.o)
                              obj/default/hello_world_small.o (usleep)
../battleship_bsp/\libhal_bsp.a(alt_sys_init.o)
                              ../battleship_bsp/\libhal_bsp.a(alt_main.o) (alt_irq_init)
../battleship_bsp/\libhal_bsp.a(altera_avalon_jtag_uart_read.o)
                              ../battleship_bsp/\libhal_bsp.a(alt_getchar.o) (altera_avalon_jtag_uart_read)
../battleship_bsp/\libhal_bsp.a(altera_avalon_jtag_uart_write.o)
                              ../battleship_bsp/\libhal_bsp.a(alt_putchar.o) (altera_avalon_jtag_uart_write)
../battleship_bsp/\libhal_bsp.a(alt_busy_sleep.o)
                              ../battleship_bsp/\libhal_bsp.a(alt_usleep.o) (alt_busy_sleep)
../battleship_bsp/\libhal_bsp.a(alt_dcache_flush_all.o)
                              ../battleship_bsp/\libhal_bsp.a(alt_load.o) (alt_dcache_flush_all)
../battleship_bsp/\libhal_bsp.a(alt_dev.o)
                              ../battleship_bsp/\libhal_bsp.a(alt_getchar.o) (alt_fd_list)
../battleship_bsp/\libhal_bsp.a(alt_icache_flush_all.o)
                              ../battleship_bsp/\libhal_bsp.a(alt_load.o) (alt_icache_flush_all)
../battleship_bsp/\libhal_bsp.a(altera_nios2_gen2_irq.o)
                              ../battleship_bsp/\libhal_bsp.a(alt_sys_init.o) (altera_nios2_gen2_irq_init)
c:/altera/16.0/nios2eds/bin/gnu/h-x86_64-mingw32/bin/../lib/gcc/nios2-elf/5.2.0/../../../../../H-x86_64-mingw32/nios2-elf/lib/mno-hw-mul\libsmallc.a(lib_a-strlen.o)
                              ../battleship_bsp/\libhal_bsp.a(alt_putstr.o) (strlen)
c:/altera/16.0/nios2eds/bin/gnu/h-x86_64-mingw32/bin/../lib/gcc/nios2-elf/5.2.0/mno-hw-mul\libgcc.a(lib2-divmod.o)
                              ../battleship_bsp/\libhal_bsp.a(alt_busy_sleep.o) (__udivsi3)

Memory Configuration

Name             Origin             Length             Attributes
reset            0x0000000000001000 0x0000000000000020
onchip_memory    0x0000000000001020 0x0000000000000fe0
*default*        0x0000000000000000 0xffffffffffffffff

Linker script and memory map

LOAD ../battleship_bsp//obj/HAL/src/crt0.o
LOAD obj/default/hello_world_small.o
LOAD c:/altera/16.0/nios2eds/bin/gnu/h-x86_64-mingw32/bin/../lib/gcc/nios2-elf/5.2.0/../../../../../H-x86_64-mingw32/nios2-elf/lib/mno-hw-mul\libstdc++.a
LOAD c:/altera/16.0/nios2eds/bin/gnu/h-x86_64-mingw32/bin/../lib/gcc/nios2-elf/5.2.0/../../../../../H-x86_64-mingw32/nios2-elf/lib/mno-hw-mul\libm.a
LOAD c:/altera/16.0/nios2eds/bin/gnu/h-x86_64-mingw32/bin/../lib/gcc/nios2-elf/5.2.0/mno-hw-mul\libgcc.a
START GROUP
LOAD c:/altera/16.0/nios2eds/bin/gnu/h-x86_64-mingw32/bin/../lib/gcc/nios2-elf/5.2.0/../../../../../H-x86_64-mingw32/nios2-elf/lib/mno-hw-mul\libsmallc.a
LOAD c:/altera/16.0/nios2eds/bin/gnu/h-x86_64-mingw32/bin/../lib/gcc/nios2-elf/5.2.0/mno-hw-mul\libgcc.a
LOAD ../battleship_bsp/\libhal_bsp.a
LOAD c:/altera/16.0/nios2eds/bin/gnu/h-x86_64-mingw32/bin/../lib/gcc/nios2-elf/5.2.0/../../../../../H-x86_64-mingw32/nios2-elf/lib/mno-hw-mul\libm.a
END GROUP
LOAD c:/altera/16.0/nios2eds/bin/gnu/h-x86_64-mingw32/bin/../lib/gcc/nios2-elf/5.2.0/mno-hw-mul\libgcc.a
                0x0000000000001000                __alt_mem_onchip_memory = 0x1000

.entry          0x0000000000001000       0x20
 *(.entry)
 .entry         0x0000000000001000       0x20 ../battleship_bsp//obj/HAL/src/crt0.o
                0x0000000000001000                __reset
                0x000000000000100c                _exit

.exceptions     0x0000000000001020        0x0
                0x0000000000001020                PROVIDE (__ram_exceptions_start, ABSOLUTE (.))
                0x0000000000001020                . = ALIGN (0x20)
 *(.irq)
 *(.exceptions.entry.label)
 *(.exceptions.entry.user)
 *(.exceptions.entry.ecc_fatal)
 *(.exceptions.entry)
 *(.exceptions.irqtest.user)
 *(.exceptions.irqtest)
 *(.exceptions.irqhandler.user)
 *(.exceptions.irqhandler)
 *(.exceptions.irqreturn.user)
 *(.exceptions.irqreturn)
 *(.exceptions.notirq.label)
 *(.exceptions.notirq.user)
 *(.exceptions.notirq)
 *(.exceptions.soft.user)
 *(.exceptions.soft)
 *(.exceptions.unknown.user)
 *(.exceptions.unknown)
 *(.exceptions.exit.label)
 *(.exceptions.exit.user)
 *(.exceptions.exit)
 *(.exceptions)
                0x0000000000001020                PROVIDE (__ram_exceptions_end, ABSOLUTE (.))
                0x0000000000001020                PROVIDE (__flash_exceptions_start, LOADADDR (.exceptions))

.text           0x0000000000001020      0xcb4
                [!provide]                        PROVIDE (stext, ABSOLUTE (.))
 *(.interp)
 *(.hash)
 *(.dynsym)
 *(.dynstr)
 *(.gnu.version)
 *(.gnu.version_d)
 *(.gnu.version_r)
 *(.rel.init)
 *(.rela.init)
 *(.rel.text .rel.text.* .rel.gnu.linkonce.t.*)
 *(.rela.text .rela.text.* .rela.gnu.linkonce.t.*)
 *(.rel.fini)
 *(.rela.fini)
 *(.rel.rodata .rel.rodata.* .rel.gnu.linkonce.r.*)
 *(.rela.rodata .rela.rodata.* .rela.gnu.linkonce.r.*)
 *(.rel.data .rel.data.* .rel.gnu.linkonce.d.*)
 *(.rela.data .rela.data.* .rela.gnu.linkonce.d.*)
 *(.rel.tdata .rel.tdata.* .rel.gnu.linkonce.td.*)
 *(.rela.tdata .rela.tdata.* .rela.gnu.linkonce.td.*)
 *(.rel.tbss .rel.tbss.* .rel.gnu.linkonce.tb.*)
 *(.rela.tbss .rela.tbss.* .rela.gnu.linkonce.tb.*)
 *(.rel.ctors)
 *(.rela.ctors)
 *(.rel.dtors)
 *(.rela.dtors)
 *(.rel.got)
 *(.rela.got)
 *(.rel.sdata .rel.sdata.* .rel.gnu.linkonce.s.*)
 *(.rela.sdata .rela.sdata.* .rela.gnu.linkonce.s.*)
 *(.rel.sbss .rel.sbss.* .rel.gnu.linkonce.sb.*)
 *(.rela.sbss .rela.sbss.* .rela.gnu.linkonce.sb.*)
 *(.rel.sdata2 .rel.sdata2.* .rel.gnu.linkonce.s2.*)
 *(.rela.sdata2 .rela.sdata2.* .rela.gnu.linkonce.s2.*)
 *(.rel.sbss2 .rel.sbss2.* .rel.gnu.linkonce.sb2.*)
 *(.rela.sbss2 .rela.sbss2.* .rela.gnu.linkonce.sb2.*)
 *(.rel.bss .rel.bss.* .rel.gnu.linkonce.b.*)
 *(.rela.bss .rela.bss.* .rela.gnu.linkonce.b.*)
 *(.rel.plt)
 *(.rela.plt)
 *(.rel.dyn)
 *(.init)
 *(.plt)
 *(.text .stub .text.* .gnu.linkonce.t.*)
 .text          0x0000000000001020       0x3c ../battleship_bsp//obj/HAL/src/crt0.o
                0x0000000000001020                _start
 .text          0x000000000000105c      0x1a8 obj/default/hello_world_small.o
                0x000000000000105c                getPlayerNum
                0x0000000000001094                send
                0x000000000000110c                getCoordinates
                0x0000000000001190                receive
 .text.startup  0x0000000000001204      0x440 obj/default/hello_world_small.o
                0x0000000000001204                main
 .text          0x0000000000001644       0x28 c:/altera/16.0/nios2eds/bin/gnu/h-x86_64-mingw32/bin/../lib/gcc/nios2-elf/5.2.0/mno-hw-mul\libgcc.a(lib2-mul.o)
                0x0000000000001644                __mulsi3
 .text          0x000000000000166c       0x44 ../battleship_bsp/\libhal_bsp.a(alt_getchar.o)
                0x000000000000166c                alt_getchar
 .text          0x00000000000016b0       0xe0 ../battleship_bsp/\libhal_bsp.a(alt_load.o)
                0x00000000000016b0                alt_load
 .text          0x0000000000001790       0x2c ../battleship_bsp/\libhal_bsp.a(alt_main.o)
                0x0000000000001790                alt_main
 .text          0x00000000000017bc      0x170 ../battleship_bsp/\libhal_bsp.a(alt_printf.o)
                0x00000000000017bc                alt_printf
 .text          0x000000000000192c       0x48 ../battleship_bsp/\libhal_bsp.a(alt_putchar.o)
                0x000000000000192c                alt_putchar
 .text          0x0000000000001974       0x38 ../battleship_bsp/\libhal_bsp.a(alt_putstr.o)
                0x0000000000001974                alt_putstr
 .text          0x00000000000019ac        0x4 ../battleship_bsp/\libhal_bsp.a(alt_usleep.o)
                0x00000000000019ac                usleep
 .text          0x00000000000019b0       0x24 ../battleship_bsp/\libhal_bsp.a(alt_sys_init.o)
                0x00000000000019b0                alt_irq_init
                0x00000000000019d0                alt_sys_init
 .text          0x00000000000019d4       0x5c ../battleship_bsp/\libhal_bsp.a(altera_avalon_jtag_uart_read.o)
                0x00000000000019d4                altera_avalon_jtag_uart_read
 .text          0x0000000000001a30       0x34 ../battleship_bsp/\libhal_bsp.a(altera_avalon_jtag_uart_write.o)
                0x0000000000001a30                altera_avalon_jtag_uart_write
 .text          0x0000000000001a64       0x88 ../battleship_bsp/\libhal_bsp.a(alt_busy_sleep.o)
                0x0000000000001a64                alt_busy_sleep
 .text          0x0000000000001aec        0x4 ../battleship_bsp/\libhal_bsp.a(alt_dcache_flush_all.o)
                0x0000000000001aec                alt_dcache_flush_all
 .text          0x0000000000001af0        0x8 ../battleship_bsp/\libhal_bsp.a(alt_dev.o)
 .text          0x0000000000001af8        0x4 ../battleship_bsp/\libhal_bsp.a(alt_icache_flush_all.o)
                0x0000000000001af8                alt_icache_flush_all
 .text          0x0000000000001afc        0x8 ../battleship_bsp/\libhal_bsp.a(altera_nios2_gen2_irq.o)
                0x0000000000001afc                altera_nios2_gen2_irq_init
 .text          0x0000000000001b04        0x0 c:/altera/16.0/nios2eds/bin/gnu/h-x86_64-mingw32/bin/../lib/gcc/nios2-elf/5.2.0/../../../../../H-x86_64-mingw32/nios2-elf/lib/mno-hw-mul\libsmallc.a(lib_a-strlen.o)
 .text.strlen   0x0000000000001b04       0x1c c:/altera/16.0/nios2eds/bin/gnu/h-x86_64-mingw32/bin/../lib/gcc/nios2-elf/5.2.0/../../../../../H-x86_64-mingw32/nios2-elf/lib/mno-hw-mul\libsmallc.a(lib_a-strlen.o)
                0x0000000000001b04                strlen
 .text          0x0000000000001b20      0x1b4 c:/altera/16.0/nios2eds/bin/gnu/h-x86_64-mingw32/bin/../lib/gcc/nios2-elf/5.2.0/mno-hw-mul\libgcc.a(lib2-divmod.o)
                0x0000000000001b20                __divsi3
                0x0000000000001ba4                __modsi3
                0x0000000000001c18                __udivsi3
                0x0000000000001c7c                __umodsi3
 *(.gnu.warning.*)
 *(.fini)
                [!provide]                        PROVIDE (__etext, ABSOLUTE (.))
                [!provide]                        PROVIDE (_etext, ABSOLUTE (.))
                [!provide]                        PROVIDE (etext, ABSOLUTE (.))
 *(.eh_frame_hdr)
                0x0000000000001cd4                . = ALIGN (0x4)
                [!provide]                        PROVIDE (__preinit_array_start, ABSOLUTE (.))
 *(.preinit_array)
                [!provide]                        PROVIDE (__preinit_array_end, ABSOLUTE (.))
                [!provide]                        PROVIDE (__init_array_start, ABSOLUTE (.))
 *(.init_array)
                [!provide]                        PROVIDE (__init_array_end, ABSOLUTE (.))
                [!provide]                        PROVIDE (__fini_array_start, ABSOLUTE (.))
 *(.fini_array)
                [!provide]                        PROVIDE (__fini_array_end, ABSOLUTE (.))
 *(.eh_frame)
 *(.gcc_except_table .gcc_except_table.*)
 *(.dynamic)
                [!provide]                        PROVIDE (__CTOR_LIST__, ABSOLUTE (.))
 *(.ctors)
 *(SORT(.ctors.*))
                [!provide]                        PROVIDE (__CTOR_END__, ABSOLUTE (.))
                [!provide]                        PROVIDE (__DTOR_LIST__, ABSOLUTE (.))
 *(.dtors)
 *(SORT(.dtors.*))
                [!provide]                        PROVIDE (__DTOR_END__, ABSOLUTE (.))
 *(.jcr)
                0x0000000000001cd4                . = ALIGN (0x4)

.rodata         0x0000000000001cd4      0x1bc
                0x0000000000001cd4                PROVIDE (__ram_rodata_start, ABSOLUTE (.))
                0x0000000000001cd4                . = ALIGN (0x4)
 *(.rodata .rodata.* .gnu.linkonce.r.*)
 .rodata.str1.4
                0x0000000000001cd4      0x1b0 obj/default/hello_world_small.o
                                        0x1b4 (size before relaxing)
 .rodata.str1.4
                0x0000000000001e84        0xc ../battleship_bsp/\libhal_bsp.a(alt_dev.o)
                                          0xa (size before relaxing)
 *(.rodata1)
                0x0000000000001e90                . = ALIGN (0x4)
                0x0000000000001e90                PROVIDE (__ram_rodata_end, ABSOLUTE (.))
                0x0000000000001cd4                PROVIDE (__flash_rodata_start, LOADADDR (.rodata))

.rwdata         0x0000000000001e90       0x70 load address 0x0000000000001f00
                0x0000000000001e90                PROVIDE (__ram_rwdata_start, ABSOLUTE (.))
                0x0000000000001e90                . = ALIGN (0x4)
 *(.got.plt)
 *(.got)
 *(.data1)
 *(.data .data.* .gnu.linkonce.d.*)
 .data          0x0000000000001e90        0x0 ../battleship_bsp//obj/HAL/src/crt0.o
 .data          0x0000000000001e90        0x0 obj/default/hello_world_small.o
 .data          0x0000000000001e90        0x0 c:/altera/16.0/nios2eds/bin/gnu/h-x86_64-mingw32/bin/../lib/gcc/nios2-elf/5.2.0/mno-hw-mul\libgcc.a(lib2-mul.o)
 .data          0x0000000000001e90        0x0 ../battleship_bsp/\libhal_bsp.a(alt_getchar.o)
 .data          0x0000000000001e90        0x0 ../battleship_bsp/\libhal_bsp.a(alt_load.o)
 .data          0x0000000000001e90        0x0 ../battleship_bsp/\libhal_bsp.a(alt_main.o)
 .data          0x0000000000001e90        0x0 ../battleship_bsp/\libhal_bsp.a(alt_printf.o)
 .data          0x0000000000001e90        0x0 ../battleship_bsp/\libhal_bsp.a(alt_putchar.o)
 .data          0x0000000000001e90        0x0 ../battleship_bsp/\libhal_bsp.a(alt_putstr.o)
 .data          0x0000000000001e90        0x0 ../battleship_bsp/\libhal_bsp.a(alt_usleep.o)
 .data          0x0000000000001e90        0x0 ../battleship_bsp/\libhal_bsp.a(alt_sys_init.o)
 .data          0x0000000000001e90        0x0 ../battleship_bsp/\libhal_bsp.a(altera_avalon_jtag_uart_read.o)
 .data          0x0000000000001e90        0x0 ../battleship_bsp/\libhal_bsp.a(altera_avalon_jtag_uart_write.o)
 .data          0x0000000000001e90        0x0 ../battleship_bsp/\libhal_bsp.a(alt_busy_sleep.o)
 .data          0x0000000000001e90        0x0 ../battleship_bsp/\libhal_bsp.a(alt_dcache_flush_all.o)
 .data          0x0000000000001e90       0x58 ../battleship_bsp/\libhal_bsp.a(alt_dev.o)
                0x0000000000001e90                alt_fd_list
                0x0000000000001ec0                alt_dev_null
 .data          0x0000000000001ee8        0x0 ../battleship_bsp/\libhal_bsp.a(alt_icache_flush_all.o)
 .data          0x0000000000001ee8        0x0 ../battleship_bsp/\libhal_bsp.a(altera_nios2_gen2_irq.o)
 .data          0x0000000000001ee8        0x0 c:/altera/16.0/nios2eds/bin/gnu/h-x86_64-mingw32/bin/../lib/gcc/nios2-elf/5.2.0/../../../../../H-x86_64-mingw32/nios2-elf/lib/mno-hw-mul\libsmallc.a(lib_a-strlen.o)
 .data          0x0000000000001ee8        0x0 c:/altera/16.0/nios2eds/bin/gnu/h-x86_64-mingw32/bin/../lib/gcc/nios2-elf/5.2.0/mno-hw-mul\libgcc.a(lib2-divmod.o)
                0x0000000000009ee8                _gp = ABSOLUTE ((. + 0x8000))
                [!provide]                        PROVIDE (gp, _gp)
 *(.rwdata .rwdata.*)
 *(.sdata .sdata.* .gnu.linkonce.s.*)
 .sdata         0x0000000000001ee8        0x4 ../battleship_bsp/\libhal_bsp.a(alt_sys_init.o)
                0x0000000000001ee8                jtag_uart
 .sdata         0x0000000000001eec       0x14 ../battleship_bsp/\libhal_bsp.a(alt_dev.o)
                0x0000000000001eec                alt_max_fd
                0x0000000000001ef0                alt_dev_list
                0x0000000000001ef8                alt_fs_list
 *(.sdata2 .sdata2.* .gnu.linkonce.s2.*)
                0x0000000000001f00                . = ALIGN (0x4)
                0x0000000000001f00                _edata = ABSOLUTE (.)
                [!provide]                        PROVIDE (edata, ABSOLUTE (.))
                0x0000000000001f00                PROVIDE (__ram_rwdata_end, ABSOLUTE (.))
                0x0000000000001f00                PROVIDE (__flash_rwdata_start, LOADADDR (.rwdata))

.bss            0x0000000000001f70        0xc
                0x0000000000001f70                __bss_start = ABSOLUTE (.)
                [!provide]                        PROVIDE (__sbss_start, ABSOLUTE (.))
                [!provide]                        PROVIDE (___sbss_start, ABSOLUTE (.))
 *(.dynsbss)
 *(.sbss .sbss.* .gnu.linkonce.sb.*)
 .sbss          0x0000000000001f70        0xc ../battleship_bsp/\libhal_bsp.a(alt_main.o)
                0x0000000000001f70                alt_envp
                0x0000000000001f74                alt_argv
                0x0000000000001f78                alt_argc
 *(.sbss2 .sbss2.* .gnu.linkonce.sb2.*)
 *(.scommon)
                [!provide]                        PROVIDE (__sbss_end, ABSOLUTE (.))
                [!provide]                        PROVIDE (___sbss_end, ABSOLUTE (.))
 *(.dynbss)
 *(.bss .bss.* .gnu.linkonce.b.*)
 .bss           0x0000000000001f7c        0x0 ../battleship_bsp//obj/HAL/src/crt0.o
 .bss           0x0000000000001f7c        0x0 obj/default/hello_world_small.o
 .bss           0x0000000000001f7c        0x0 c:/altera/16.0/nios2eds/bin/gnu/h-x86_64-mingw32/bin/../lib/gcc/nios2-elf/5.2.0/mno-hw-mul\libgcc.a(lib2-mul.o)
 .bss           0x0000000000001f7c        0x0 ../battleship_bsp/\libhal_bsp.a(alt_getchar.o)
 .bss           0x0000000000001f7c        0x0 ../battleship_bsp/\libhal_bsp.a(alt_load.o)
 .bss           0x0000000000001f7c        0x0 ../battleship_bsp/\libhal_bsp.a(alt_main.o)
 .bss           0x0000000000001f7c        0x0 ../battleship_bsp/\libhal_bsp.a(alt_printf.o)
 .bss           0x0000000000001f7c        0x0 ../battleship_bsp/\libhal_bsp.a(alt_putchar.o)
 .bss           0x0000000000001f7c        0x0 ../battleship_bsp/\libhal_bsp.a(alt_putstr.o)
 .bss           0x0000000000001f7c        0x0 ../battleship_bsp/\libhal_bsp.a(alt_usleep.o)
 .bss           0x0000000000001f7c        0x0 ../battleship_bsp/\libhal_bsp.a(alt_sys_init.o)
 .bss           0x0000000000001f7c        0x0 ../battleship_bsp/\libhal_bsp.a(altera_avalon_jtag_uart_read.o)
 .bss           0x0000000000001f7c        0x0 ../battleship_bsp/\libhal_bsp.a(altera_avalon_jtag_uart_write.o)
 .bss           0x0000000000001f7c        0x0 ../battleship_bsp/\libhal_bsp.a(alt_busy_sleep.o)
 .bss           0x0000000000001f7c        0x0 ../battleship_bsp/\libhal_bsp.a(alt_dcache_flush_all.o)
 .bss           0x0000000000001f7c        0x0 ../battleship_bsp/\libhal_bsp.a(alt_dev.o)
 .bss           0x0000000000001f7c        0x0 ../battleship_bsp/\libhal_bsp.a(alt_icache_flush_all.o)
 .bss           0x0000000000001f7c        0x0 ../battleship_bsp/\libhal_bsp.a(altera_nios2_gen2_irq.o)
 .bss           0x0000000000001f7c        0x0 c:/altera/16.0/nios2eds/bin/gnu/h-x86_64-mingw32/bin/../lib/gcc/nios2-elf/5.2.0/../../../../../H-x86_64-mingw32/nios2-elf/lib/mno-hw-mul\libsmallc.a(lib_a-strlen.o)
 .bss           0x0000000000001f7c        0x0 c:/altera/16.0/nios2eds/bin/gnu/h-x86_64-mingw32/bin/../lib/gcc/nios2-elf/5.2.0/mno-hw-mul\libgcc.a(lib2-divmod.o)
 *(COMMON)
                0x0000000000001f7c                . = ALIGN (0x4)
                0x0000000000001f7c                __bss_end = ABSOLUTE (.)

.onchip_memory  0x0000000000001f7c        0x0
                [!provide]                        PROVIDE (_alt_partition_onchip_memory_start, ABSOLUTE (.))
 *(.onchip_memory .onchip_memory. onchip_memory.*)
                0x0000000000001f7c                . = ALIGN (0x4)
                [!provide]                        PROVIDE (_alt_partition_onchip_memory_end, ABSOLUTE (.))
                0x0000000000001f7c                _end = ABSOLUTE (.)
                0x0000000000001f7c                end = ABSOLUTE (.)
                0x0000000000001f7c                __alt_stack_base = ABSOLUTE (.)
                [!provide]                        PROVIDE (_alt_partition_onchip_memory_load_addr, LOADADDR (.onchip_memory))

.stab
 *(.stab)

.stabstr
 *(.stabstr)

.stab.excl
 *(.stab.excl)

.stab.exclstr
 *(.stab.exclstr)

.stab.index
 *(.stab.index)

.stab.indexstr
 *(.stab.indexstr)

.comment        0x0000000000000000       0x23
 *(.comment)
 .comment       0x0000000000000000       0x23 obj/default/hello_world_small.o
                                         0x24 (size before relaxing)
 .comment       0x0000000000000023       0x24 c:/altera/16.0/nios2eds/bin/gnu/h-x86_64-mingw32/bin/../lib/gcc/nios2-elf/5.2.0/mno-hw-mul\libgcc.a(lib2-mul.o)
 .comment       0x0000000000000023       0x24 ../battleship_bsp/\libhal_bsp.a(alt_getchar.o)
 .comment       0x0000000000000023       0x24 ../battleship_bsp/\libhal_bsp.a(alt_load.o)
 .comment       0x0000000000000023       0x24 ../battleship_bsp/\libhal_bsp.a(alt_main.o)
 .comment       0x0000000000000023       0x24 ../battleship_bsp/\libhal_bsp.a(alt_printf.o)
 .comment       0x0000000000000023       0x24 ../battleship_bsp/\libhal_bsp.a(alt_putchar.o)
 .comment       0x0000000000000023       0x24 ../battleship_bsp/\libhal_bsp.a(alt_putstr.o)
 .comment       0x0000000000000023       0x24 ../battleship_bsp/\libhal_bsp.a(alt_usleep.o)
 .comment       0x0000000000000023       0x24 ../battleship_bsp/\libhal_bsp.a(alt_sys_init.o)
 .comment       0x0000000000000023       0x24 ../battleship_bsp/\libhal_bsp.a(altera_avalon_jtag_uart_read.o)
 .comment       0x0000000000000023       0x24 ../battleship_bsp/\libhal_bsp.a(altera_avalon_jtag_uart_write.o)
 .comment       0x0000000000000023       0x24 ../battleship_bsp/\libhal_bsp.a(alt_busy_sleep.o)
 .comment       0x0000000000000023       0x24 ../battleship_bsp/\libhal_bsp.a(alt_dcache_flush_all.o)
 .comment       0x0000000000000023       0x24 ../battleship_bsp/\libhal_bsp.a(alt_dev.o)
 .comment       0x0000000000000023       0x24 ../battleship_bsp/\libhal_bsp.a(alt_icache_flush_all.o)
 .comment       0x0000000000000023       0x24 ../battleship_bsp/\libhal_bsp.a(altera_nios2_gen2_irq.o)
 .comment       0x0000000000000023       0x24 c:/altera/16.0/nios2eds/bin/gnu/h-x86_64-mingw32/bin/../lib/gcc/nios2-elf/5.2.0/../../../../../H-x86_64-mingw32/nios2-elf/lib/mno-hw-mul\libsmallc.a(lib_a-strlen.o)
 .comment       0x0000000000000023       0x24 c:/altera/16.0/nios2eds/bin/gnu/h-x86_64-mingw32/bin/../lib/gcc/nios2-elf/5.2.0/mno-hw-mul\libgcc.a(lib2-divmod.o)

.debug
 *(.debug)

.line
 *(.line)

.debug_srcinfo
 *(.debug_srcinfo)

.debug_sfnames
 *(.debug_sfnames)

.debug_aranges  0x0000000000000000      0x290
 *(.debug_aranges)
 .debug_aranges
                0x0000000000000000       0x28 ../battleship_bsp//obj/HAL/src/crt0.o
 .debug_aranges
                0x0000000000000028       0x28 obj/default/hello_world_small.o
 .debug_aranges
                0x0000000000000050       0x20 c:/altera/16.0/nios2eds/bin/gnu/h-x86_64-mingw32/bin/../lib/gcc/nios2-elf/5.2.0/mno-hw-mul\libgcc.a(lib2-mul.o)
 .debug_aranges
                0x0000000000000070       0x20 ../battleship_bsp/\libhal_bsp.a(alt_getchar.o)
 .debug_aranges
                0x0000000000000090       0x20 ../battleship_bsp/\libhal_bsp.a(alt_load.o)
 .debug_aranges
                0x00000000000000b0       0x20 ../battleship_bsp/\libhal_bsp.a(alt_main.o)
 .debug_aranges
                0x00000000000000d0       0x20 ../battleship_bsp/\libhal_bsp.a(alt_printf.o)
 .debug_aranges
                0x00000000000000f0       0x20 ../battleship_bsp/\libhal_bsp.a(alt_putchar.o)
 .debug_aranges
                0x0000000000000110       0x20 ../battleship_bsp/\libhal_bsp.a(alt_putstr.o)
 .debug_aranges
                0x0000000000000130       0x20 ../battleship_bsp/\libhal_bsp.a(alt_usleep.o)
 .debug_aranges
                0x0000000000000150       0x20 ../battleship_bsp/\libhal_bsp.a(alt_sys_init.o)
 .debug_aranges
                0x0000000000000170       0x20 ../battleship_bsp/\libhal_bsp.a(altera_avalon_jtag_uart_read.o)
 .debug_aranges
                0x0000000000000190       0x20 ../battleship_bsp/\libhal_bsp.a(altera_avalon_jtag_uart_write.o)
 .debug_aranges
                0x00000000000001b0       0x20 ../battleship_bsp/\libhal_bsp.a(alt_busy_sleep.o)
 .debug_aranges
                0x00000000000001d0       0x20 ../battleship_bsp/\libhal_bsp.a(alt_dcache_flush_all.o)
 .debug_aranges
                0x00000000000001f0       0x20 ../battleship_bsp/\libhal_bsp.a(alt_dev.o)
 .debug_aranges
                0x0000000000000210       0x20 ../battleship_bsp/\libhal_bsp.a(alt_icache_flush_all.o)
 .debug_aranges
                0x0000000000000230       0x20 ../battleship_bsp/\libhal_bsp.a(altera_nios2_gen2_irq.o)
 .debug_aranges
                0x0000000000000250       0x20 c:/altera/16.0/nios2eds/bin/gnu/h-x86_64-mingw32/bin/../lib/gcc/nios2-elf/5.2.0/../../../../../H-x86_64-mingw32/nios2-elf/lib/mno-hw-mul\libsmallc.a(lib_a-strlen.o)
 .debug_aranges
                0x0000000000000270       0x20 c:/altera/16.0/nios2eds/bin/gnu/h-x86_64-mingw32/bin/../lib/gcc/nios2-elf/5.2.0/mno-hw-mul\libgcc.a(lib2-divmod.o)

.debug_pubnames
 *(.debug_pubnames)

.debug_info     0x0000000000000000     0x21ba
 *(.debug_info .gnu.linkonce.wi.*)
 .debug_info    0x0000000000000000       0x6d ../battleship_bsp//obj/HAL/src/crt0.o
 .debug_info    0x000000000000006d      0x635 obj/default/hello_world_small.o
 .debug_info    0x00000000000006a2       0xb4 c:/altera/16.0/nios2eds/bin/gnu/h-x86_64-mingw32/bin/../lib/gcc/nios2-elf/5.2.0/mno-hw-mul\libgcc.a(lib2-mul.o)
 .debug_info    0x0000000000000756      0x32d ../battleship_bsp/\libhal_bsp.a(alt_getchar.o)
 .debug_info    0x0000000000000a83      0x1c9 ../battleship_bsp/\libhal_bsp.a(alt_load.o)
 .debug_info    0x0000000000000c4c      0x169 ../battleship_bsp/\libhal_bsp.a(alt_main.o)
 .debug_info    0x0000000000000db5      0x14d ../battleship_bsp/\libhal_bsp.a(alt_printf.o)
 .debug_info    0x0000000000000f02      0x12a ../battleship_bsp/\libhal_bsp.a(alt_putchar.o)
 .debug_info    0x000000000000102c      0x13a ../battleship_bsp/\libhal_bsp.a(alt_putstr.o)
 .debug_info    0x0000000000001166       0xd1 ../battleship_bsp/\libhal_bsp.a(alt_usleep.o)
 .debug_info    0x0000000000001237      0x185 ../battleship_bsp/\libhal_bsp.a(alt_sys_init.o)
 .debug_info    0x00000000000013bc      0x1b4 ../battleship_bsp/\libhal_bsp.a(altera_avalon_jtag_uart_read.o)
 .debug_info    0x0000000000001570      0x197 ../battleship_bsp/\libhal_bsp.a(altera_avalon_jtag_uart_write.o)
 .debug_info    0x0000000000001707       0xd8 ../battleship_bsp/\libhal_bsp.a(alt_busy_sleep.o)
 .debug_info    0x00000000000017df       0x92 ../battleship_bsp/\libhal_bsp.a(alt_dcache_flush_all.o)
 .debug_info    0x0000000000001871      0x499 ../battleship_bsp/\libhal_bsp.a(alt_dev.o)
 .debug_info    0x0000000000001d0a       0x92 ../battleship_bsp/\libhal_bsp.a(alt_icache_flush_all.o)
 .debug_info    0x0000000000001d9c       0x92 ../battleship_bsp/\libhal_bsp.a(altera_nios2_gen2_irq.o)
 .debug_info    0x0000000000001e2e       0xc9 c:/altera/16.0/nios2eds/bin/gnu/h-x86_64-mingw32/bin/../lib/gcc/nios2-elf/5.2.0/../../../../../H-x86_64-mingw32/nios2-elf/lib/mno-hw-mul\libsmallc.a(lib_a-strlen.o)
 .debug_info    0x0000000000001ef7      0x2c3 c:/altera/16.0/nios2eds/bin/gnu/h-x86_64-mingw32/bin/../lib/gcc/nios2-elf/5.2.0/mno-hw-mul\libgcc.a(lib2-divmod.o)

.debug_abbrev   0x0000000000000000      0xe82
 *(.debug_abbrev)
 .debug_abbrev  0x0000000000000000       0x12 ../battleship_bsp//obj/HAL/src/crt0.o
 .debug_abbrev  0x0000000000000012      0x180 obj/default/hello_world_small.o
 .debug_abbrev  0x0000000000000192       0x6f c:/altera/16.0/nios2eds/bin/gnu/h-x86_64-mingw32/bin/../lib/gcc/nios2-elf/5.2.0/mno-hw-mul\libgcc.a(lib2-mul.o)
 .debug_abbrev  0x0000000000000201      0x11d ../battleship_bsp/\libhal_bsp.a(alt_getchar.o)
 .debug_abbrev  0x000000000000031e       0xd8 ../battleship_bsp/\libhal_bsp.a(alt_load.o)
 .debug_abbrev  0x00000000000003f6       0xee ../battleship_bsp/\libhal_bsp.a(alt_main.o)
 .debug_abbrev  0x00000000000004e4       0xd5 ../battleship_bsp/\libhal_bsp.a(alt_printf.o)
 .debug_abbrev  0x00000000000005b9       0xd2 ../battleship_bsp/\libhal_bsp.a(alt_putchar.o)
 .debug_abbrev  0x000000000000068b       0xd3 ../battleship_bsp/\libhal_bsp.a(alt_putstr.o)
 .debug_abbrev  0x000000000000075e       0x8d ../battleship_bsp/\libhal_bsp.a(alt_usleep.o)
 .debug_abbrev  0x00000000000007eb      0x107 ../battleship_bsp/\libhal_bsp.a(alt_sys_init.o)
 .debug_abbrev  0x00000000000008f2      0x102 ../battleship_bsp/\libhal_bsp.a(altera_avalon_jtag_uart_read.o)
 .debug_abbrev  0x00000000000009f4       0xd5 ../battleship_bsp/\libhal_bsp.a(altera_avalon_jtag_uart_write.o)
 .debug_abbrev  0x0000000000000ac9       0x8d ../battleship_bsp/\libhal_bsp.a(alt_busy_sleep.o)
 .debug_abbrev  0x0000000000000b56       0x42 ../battleship_bsp/\libhal_bsp.a(alt_dcache_flush_all.o)
 .debug_abbrev  0x0000000000000b98       0xd9 ../battleship_bsp/\libhal_bsp.a(alt_dev.o)
 .debug_abbrev  0x0000000000000c71       0x42 ../battleship_bsp/\libhal_bsp.a(alt_icache_flush_all.o)
 .debug_abbrev  0x0000000000000cb3       0x42 ../battleship_bsp/\libhal_bsp.a(altera_nios2_gen2_irq.o)
 .debug_abbrev  0x0000000000000cf5       0x7f c:/altera/16.0/nios2eds/bin/gnu/h-x86_64-mingw32/bin/../lib/gcc/nios2-elf/5.2.0/../../../../../H-x86_64-mingw32/nios2-elf/lib/mno-hw-mul\libsmallc.a(lib_a-strlen.o)
 .debug_abbrev  0x0000000000000d74      0x10e c:/altera/16.0/nios2eds/bin/gnu/h-x86_64-mingw32/bin/../lib/gcc/nios2-elf/5.2.0/mno-hw-mul\libgcc.a(lib2-divmod.o)

.debug_line     0x0000000000000000      0xf60
 *(.debug_line)
 .debug_line    0x0000000000000000       0x66 ../battleship_bsp//obj/HAL/src/crt0.o
 .debug_line    0x0000000000000066      0x1c7 obj/default/hello_world_small.o
 .debug_line    0x000000000000022d       0x80 c:/altera/16.0/nios2eds/bin/gnu/h-x86_64-mingw32/bin/../lib/gcc/nios2-elf/5.2.0/mno-hw-mul\libgcc.a(lib2-mul.o)
 .debug_line    0x00000000000002ad       0xb7 ../battleship_bsp/\libhal_bsp.a(alt_getchar.o)
 .debug_line    0x0000000000000364       0xa5 ../battleship_bsp/\libhal_bsp.a(alt_load.o)
 .debug_line    0x0000000000000409       0xbd ../battleship_bsp/\libhal_bsp.a(alt_main.o)
 .debug_line    0x00000000000004c6      0x10a ../battleship_bsp/\libhal_bsp.a(alt_printf.o)
 .debug_line    0x00000000000005d0       0x55 ../battleship_bsp/\libhal_bsp.a(alt_putchar.o)
 .debug_line    0x0000000000000625       0x98 ../battleship_bsp/\libhal_bsp.a(alt_putstr.o)
 .debug_line    0x00000000000006bd       0xc7 ../battleship_bsp/\libhal_bsp.a(alt_usleep.o)
 .debug_line    0x0000000000000784      0x101 ../battleship_bsp/\libhal_bsp.a(alt_sys_init.o)
 .debug_line    0x0000000000000885       0xfb ../battleship_bsp/\libhal_bsp.a(altera_avalon_jtag_uart_read.o)
 .debug_line    0x0000000000000980       0xf0 ../battleship_bsp/\libhal_bsp.a(altera_avalon_jtag_uart_write.o)
 .debug_line    0x0000000000000a70       0xb5 ../battleship_bsp/\libhal_bsp.a(alt_busy_sleep.o)
 .debug_line    0x0000000000000b25       0x4e ../battleship_bsp/\libhal_bsp.a(alt_dcache_flush_all.o)
 .debug_line    0x0000000000000b73       0xee ../battleship_bsp/\libhal_bsp.a(alt_dev.o)
 .debug_line    0x0000000000000c61       0x4e ../battleship_bsp/\libhal_bsp.a(alt_icache_flush_all.o)
 .debug_line    0x0000000000000caf       0x50 ../battleship_bsp/\libhal_bsp.a(altera_nios2_gen2_irq.o)
 .debug_line    0x0000000000000cff      0x15c c:/altera/16.0/nios2eds/bin/gnu/h-x86_64-mingw32/bin/../lib/gcc/nios2-elf/5.2.0/../../../../../H-x86_64-mingw32/nios2-elf/lib/mno-hw-mul\libsmallc.a(lib_a-strlen.o)
 .debug_line    0x0000000000000e5b      0x105 c:/altera/16.0/nios2eds/bin/gnu/h-x86_64-mingw32/bin/../lib/gcc/nios2-elf/5.2.0/mno-hw-mul\libgcc.a(lib2-divmod.o)

.debug_frame    0x0000000000000000      0x3f8
 *(.debug_frame)
 .debug_frame   0x0000000000000000       0xe0 obj/default/hello_world_small.o
 .debug_frame   0x00000000000000e0       0x20 c:/altera/16.0/nios2eds/bin/gnu/h-x86_64-mingw32/bin/../lib/gcc/nios2-elf/5.2.0/mno-hw-mul\libgcc.a(lib2-mul.o)
 .debug_frame   0x0000000000000100       0x2c ../battleship_bsp/\libhal_bsp.a(alt_getchar.o)
 .debug_frame   0x000000000000012c       0x30 ../battleship_bsp/\libhal_bsp.a(alt_load.o)
 .debug_frame   0x000000000000015c       0x2c ../battleship_bsp/\libhal_bsp.a(alt_main.o)
 .debug_frame   0x0000000000000188       0x54 ../battleship_bsp/\libhal_bsp.a(alt_printf.o)
 .debug_frame   0x00000000000001dc       0x30 ../battleship_bsp/\libhal_bsp.a(alt_putchar.o)
 .debug_frame   0x000000000000020c       0x30 ../battleship_bsp/\libhal_bsp.a(alt_putstr.o)
 .debug_frame   0x000000000000023c       0x20 ../battleship_bsp/\libhal_bsp.a(alt_usleep.o)
 .debug_frame   0x000000000000025c       0x3c ../battleship_bsp/\libhal_bsp.a(alt_sys_init.o)
 .debug_frame   0x0000000000000298       0x20 ../battleship_bsp/\libhal_bsp.a(altera_avalon_jtag_uart_read.o)
 .debug_frame   0x00000000000002b8       0x20 ../battleship_bsp/\libhal_bsp.a(altera_avalon_jtag_uart_write.o)
 .debug_frame   0x00000000000002d8       0x30 ../battleship_bsp/\libhal_bsp.a(alt_busy_sleep.o)
 .debug_frame   0x0000000000000308       0x20 ../battleship_bsp/\libhal_bsp.a(alt_dcache_flush_all.o)
 .debug_frame   0x0000000000000328       0x20 ../battleship_bsp/\libhal_bsp.a(alt_dev.o)
 .debug_frame   0x0000000000000348       0x20 ../battleship_bsp/\libhal_bsp.a(alt_icache_flush_all.o)
 .debug_frame   0x0000000000000368       0x20 ../battleship_bsp/\libhal_bsp.a(altera_nios2_gen2_irq.o)
 .debug_frame   0x0000000000000388       0x20 c:/altera/16.0/nios2eds/bin/gnu/h-x86_64-mingw32/bin/../lib/gcc/nios2-elf/5.2.0/../../../../../H-x86_64-mingw32/nios2-elf/lib/mno-hw-mul\libsmallc.a(lib_a-strlen.o)
 .debug_frame   0x00000000000003a8       0x50 c:/altera/16.0/nios2eds/bin/gnu/h-x86_64-mingw32/bin/../lib/gcc/nios2-elf/5.2.0/mno-hw-mul\libgcc.a(lib2-divmod.o)

.debug_str      0x0000000000000000      0xb0e
 *(.debug_str)
 .debug_str     0x0000000000000000      0x1b3 obj/default/hello_world_small.o
                                        0x1f1 (size before relaxing)
 .debug_str     0x00000000000001b3      0x148 c:/altera/16.0/nios2eds/bin/gnu/h-x86_64-mingw32/bin/../lib/gcc/nios2-elf/5.2.0/mno-hw-mul\libgcc.a(lib2-mul.o)
                                        0x193 (size before relaxing)
 .debug_str     0x00000000000002fb      0x174 ../battleship_bsp/\libhal_bsp.a(alt_getchar.o)
                                        0x234 (size before relaxing)
 .debug_str     0x000000000000046f      0x11b ../battleship_bsp/\libhal_bsp.a(alt_load.o)
                                        0x23a (size before relaxing)
 .debug_str     0x000000000000058a       0x5e ../battleship_bsp/\libhal_bsp.a(alt_main.o)
                                        0x1b3 (size before relaxing)
 .debug_str     0x00000000000005e8       0x4d ../battleship_bsp/\libhal_bsp.a(alt_printf.o)
                                        0x104 (size before relaxing)
 .debug_str     0x0000000000000635       0x34 ../battleship_bsp/\libhal_bsp.a(alt_putchar.o)
                                        0x189 (size before relaxing)
 .debug_str     0x0000000000000669       0x1c ../battleship_bsp/\libhal_bsp.a(alt_putstr.o)
                                        0x18e (size before relaxing)
 .debug_str     0x0000000000000685       0x2f ../battleship_bsp/\libhal_bsp.a(alt_usleep.o)
                                        0x155 (size before relaxing)
 .debug_str     0x00000000000006b4       0x86 ../battleship_bsp/\libhal_bsp.a(alt_sys_init.o)
                                        0x222 (size before relaxing)
 .debug_str     0x000000000000073a       0x38 ../battleship_bsp/\libhal_bsp.a(altera_avalon_jtag_uart_read.o)
                                        0x21d (size before relaxing)
 .debug_str     0x0000000000000772       0x32 ../battleship_bsp/\libhal_bsp.a(altera_avalon_jtag_uart_write.o)
                                        0x213 (size before relaxing)
 .debug_str     0x00000000000007a4       0x33 ../battleship_bsp/\libhal_bsp.a(alt_busy_sleep.o)
                                        0x169 (size before relaxing)
 .debug_str     0x00000000000007d7       0x1f ../battleship_bsp/\libhal_bsp.a(alt_dcache_flush_all.o)
                                        0x153 (size before relaxing)
 .debug_str     0x00000000000007f6      0x120 ../battleship_bsp/\libhal_bsp.a(alt_dev.o)
                                        0x303 (size before relaxing)
 .debug_str     0x0000000000000916       0x1f ../battleship_bsp/\libhal_bsp.a(alt_icache_flush_all.o)
                                        0x153 (size before relaxing)
 .debug_str     0x0000000000000935       0x20 ../battleship_bsp/\libhal_bsp.a(altera_nios2_gen2_irq.o)
                                        0x15a (size before relaxing)
 .debug_str     0x0000000000000955      0x13a c:/altera/16.0/nios2eds/bin/gnu/h-x86_64-mingw32/bin/../lib/gcc/nios2-elf/5.2.0/../../../../../H-x86_64-mingw32/nios2-elf/lib/mno-hw-mul\libsmallc.a(lib_a-strlen.o)
                                        0x1e5 (size before relaxing)
 .debug_str     0x0000000000000a8f       0x7f c:/altera/16.0/nios2eds/bin/gnu/h-x86_64-mingw32/bin/../lib/gcc/nios2-elf/5.2.0/mno-hw-mul\libgcc.a(lib2-divmod.o)
                                        0x1d2 (size before relaxing)

.debug_loc      0x0000000000000000      0xe3b
 *(.debug_loc)
 .debug_loc     0x0000000000000000      0x49a obj/default/hello_world_small.o
 .debug_loc     0x000000000000049a       0x93 c:/altera/16.0/nios2eds/bin/gnu/h-x86_64-mingw32/bin/../lib/gcc/nios2-elf/5.2.0/mno-hw-mul\libgcc.a(lib2-mul.o)
 .debug_loc     0x000000000000052d      0x1de ../battleship_bsp/\libhal_bsp.a(alt_printf.o)
 .debug_loc     0x000000000000070b       0x2c ../battleship_bsp/\libhal_bsp.a(alt_putchar.o)
 .debug_loc     0x0000000000000737       0x37 ../battleship_bsp/\libhal_bsp.a(alt_putstr.o)
 .debug_loc     0x000000000000076e       0x21 ../battleship_bsp/\libhal_bsp.a(alt_usleep.o)
 .debug_loc     0x000000000000078f       0x21 ../battleship_bsp/\libhal_bsp.a(alt_sys_init.o)
 .debug_loc     0x00000000000007b0       0xcd ../battleship_bsp/\libhal_bsp.a(altera_avalon_jtag_uart_read.o)
 .debug_loc     0x000000000000087d       0x8b ../battleship_bsp/\libhal_bsp.a(altera_avalon_jtag_uart_write.o)
 .debug_loc     0x0000000000000908       0x67 ../battleship_bsp/\libhal_bsp.a(alt_busy_sleep.o)
 .debug_loc     0x000000000000096f       0x1e c:/altera/16.0/nios2eds/bin/gnu/h-x86_64-mingw32/bin/../lib/gcc/nios2-elf/5.2.0/../../../../../H-x86_64-mingw32/nios2-elf/lib/mno-hw-mul\libsmallc.a(lib_a-strlen.o)
 .debug_loc     0x000000000000098d      0x4ae c:/altera/16.0/nios2eds/bin/gnu/h-x86_64-mingw32/bin/../lib/gcc/nios2-elf/5.2.0/mno-hw-mul\libgcc.a(lib2-divmod.o)

.debug_macinfo
 *(.debug_macinfo)

.debug_weaknames
 *(.debug_weaknames)

.debug_funcnames
 *(.debug_funcnames)

.debug_typenames
 *(.debug_typenames)

.debug_varnames
 *(.debug_varnames)

.debug_alt_sim_info
                0x0000000000000000       0x40
 *(.debug_alt_sim_info)
 .debug_alt_sim_info
                0x0000000000000000       0x10 ../battleship_bsp//obj/HAL/src/crt0.o
 .debug_alt_sim_info
                0x0000000000000010       0x30 ../battleship_bsp/\libhal_bsp.a(alt_busy_sleep.o)
                0x0000000000002000                __alt_data_end = 0x2000
                0x0000000000002000                PROVIDE (__alt_stack_pointer, __alt_data_end)
                [!provide]                        PROVIDE (__alt_stack_limit, __alt_stack_base)
                [!provide]                        PROVIDE (__alt_heap_start, end)
                [!provide]                        PROVIDE (__alt_heap_limit, 0x2000)
OUTPUT(battleship.elf elf32-littlenios2)

.debug_ranges   0x0000000000000000      0x128
 .debug_ranges  0x0000000000000000       0x20 ../battleship_bsp//obj/HAL/src/crt0.o
 .debug_ranges  0x0000000000000020       0x18 obj/default/hello_world_small.o
 .debug_ranges  0x0000000000000038       0x48 ../battleship_bsp/\libhal_bsp.a(alt_load.o)
 .debug_ranges  0x0000000000000080       0x18 ../battleship_bsp/\libhal_bsp.a(alt_printf.o)
 .debug_ranges  0x0000000000000098       0x20 ../battleship_bsp/\libhal_bsp.a(altera_avalon_jtag_uart_read.o)
 .debug_ranges  0x00000000000000b8       0x10 c:/altera/16.0/nios2eds/bin/gnu/h-x86_64-mingw32/bin/../lib/gcc/nios2-elf/5.2.0/../../../../../H-x86_64-mingw32/nios2-elf/lib/mno-hw-mul\libsmallc.a(lib_a-strlen.o)
 .debug_ranges  0x00000000000000c8       0x60 c:/altera/16.0/nios2eds/bin/gnu/h-x86_64-mingw32/bin/../lib/gcc/nios2-elf/5.2.0/mno-hw-mul\libgcc.a(lib2-divmod.o)
