Archive member included to satisfy reference by file (symbol)

../microproc_bsp/\libhal_bsp.a(alt_getchar.o)
                              obj/default/hello_world_small.o (alt_getchar)
../microproc_bsp/\libhal_bsp.a(alt_load.o)
                              ../microproc_bsp//obj/HAL/src/crt0.o (alt_load)
../microproc_bsp/\libhal_bsp.a(alt_main.o)
                              ../microproc_bsp//obj/HAL/src/crt0.o (alt_main)
../microproc_bsp/\libhal_bsp.a(alt_putchar.o)
                              obj/default/hello_world_small.o (alt_putchar)
../microproc_bsp/\libhal_bsp.a(alt_putstr.o)
                              obj/default/hello_world_small.o (alt_putstr)
../microproc_bsp/\libhal_bsp.a(alt_usleep.o)
                              obj/default/hello_world_small.o (usleep)
../microproc_bsp/\libhal_bsp.a(alt_sys_init.o)
                              ../microproc_bsp/\libhal_bsp.a(alt_main.o) (alt_irq_init)
../microproc_bsp/\libhal_bsp.a(altera_avalon_jtag_uart_read.o)
                              ../microproc_bsp/\libhal_bsp.a(alt_getchar.o) (altera_avalon_jtag_uart_read)
../microproc_bsp/\libhal_bsp.a(altera_avalon_jtag_uart_write.o)
                              ../microproc_bsp/\libhal_bsp.a(alt_putchar.o) (altera_avalon_jtag_uart_write)
../microproc_bsp/\libhal_bsp.a(alt_busy_sleep.o)
                              ../microproc_bsp/\libhal_bsp.a(alt_usleep.o) (alt_busy_sleep)
../microproc_bsp/\libhal_bsp.a(alt_dcache_flush_all.o)
                              ../microproc_bsp/\libhal_bsp.a(alt_load.o) (alt_dcache_flush_all)
../microproc_bsp/\libhal_bsp.a(alt_dev.o)
                              ../microproc_bsp/\libhal_bsp.a(alt_getchar.o) (alt_fd_list)
../microproc_bsp/\libhal_bsp.a(alt_icache_flush_all.o)
                              ../microproc_bsp/\libhal_bsp.a(alt_load.o) (alt_icache_flush_all)
../microproc_bsp/\libhal_bsp.a(altera_nios2_gen2_irq.o)
                              ../microproc_bsp/\libhal_bsp.a(alt_sys_init.o) (altera_nios2_gen2_irq_init)
c:/altera/15.1/nios2eds/bin/gnu/h-x86_64-mingw32/bin/../lib/gcc/nios2-elf/4.9.2/../../../../../H-x86_64-mingw32/nios2-elf/lib/mno-hw-mul\libsmallc.a(lib_a-strlen.o)
                              ../microproc_bsp/\libhal_bsp.a(alt_putstr.o) (strlen)
c:/altera/15.1/nios2eds/bin/gnu/h-x86_64-mingw32/bin/../lib/gcc/nios2-elf/4.9.2/mno-hw-mul\libgcc.a(lib2-divmod.o)
                              ../microproc_bsp/\libhal_bsp.a(alt_busy_sleep.o) (__udivsi3)
c:/altera/15.1/nios2eds/bin/gnu/h-x86_64-mingw32/bin/../lib/gcc/nios2-elf/4.9.2/mno-hw-mul\libgcc.a(lib2-mul.o)
                              ../microproc_bsp/\libhal_bsp.a(alt_busy_sleep.o) (__mulsi3)

Memory Configuration

Name             Origin             Length             Attributes
reset            0x0000000000001000 0x0000000000000020
onchip_memory    0x0000000000001020 0x0000000000000fe0
*default*        0x0000000000000000 0xffffffffffffffff

Linker script and memory map

LOAD ../microproc_bsp//obj/HAL/src/crt0.o
LOAD obj/default/hello_world_small.o
LOAD c:/altera/15.1/nios2eds/bin/gnu/h-x86_64-mingw32/bin/../lib/gcc/nios2-elf/4.9.2/../../../../../H-x86_64-mingw32/nios2-elf/lib/mno-hw-mul\libstdc++.a
LOAD c:/altera/15.1/nios2eds/bin/gnu/h-x86_64-mingw32/bin/../lib/gcc/nios2-elf/4.9.2/../../../../../H-x86_64-mingw32/nios2-elf/lib/mno-hw-mul\libm.a
LOAD c:/altera/15.1/nios2eds/bin/gnu/h-x86_64-mingw32/bin/../lib/gcc/nios2-elf/4.9.2/mno-hw-mul\libgcc.a
START GROUP
LOAD c:/altera/15.1/nios2eds/bin/gnu/h-x86_64-mingw32/bin/../lib/gcc/nios2-elf/4.9.2/../../../../../H-x86_64-mingw32/nios2-elf/lib/mno-hw-mul\libsmallc.a
LOAD c:/altera/15.1/nios2eds/bin/gnu/h-x86_64-mingw32/bin/../lib/gcc/nios2-elf/4.9.2/mno-hw-mul\libgcc.a
LOAD ../microproc_bsp/\libhal_bsp.a
LOAD c:/altera/15.1/nios2eds/bin/gnu/h-x86_64-mingw32/bin/../lib/gcc/nios2-elf/4.9.2/../../../../../H-x86_64-mingw32/nios2-elf/lib/mno-hw-mul\libm.a
END GROUP
LOAD c:/altera/15.1/nios2eds/bin/gnu/h-x86_64-mingw32/bin/../lib/gcc/nios2-elf/4.9.2/mno-hw-mul\libgcc.a
                0x0000000000001000                __alt_mem_onchip_memory = 0x1000

.entry          0x0000000000001000       0x20
 *(.entry)
 .entry         0x0000000000001000       0x20 ../microproc_bsp//obj/HAL/src/crt0.o
                0x0000000000001000                __reset
                0x000000000000100c                _exit

.exceptions     0x0000000000001020        0x0
                0x0000000000001020                PROVIDE (__ram_exceptions_start, ABSOLUTE (.))
                0x0000000000001020                . = ALIGN (0x20)
 *(.irq)
 *(.exceptions.entry.label)
 *(.exceptions.entry.user)
 *(.exceptions.entry.ecc_fatal)
 *(.exceptions.entry)
 *(.exceptions.irqtest.user)
 *(.exceptions.irqtest)
 *(.exceptions.irqhandler.user)
 *(.exceptions.irqhandler)
 *(.exceptions.irqreturn.user)
 *(.exceptions.irqreturn)
 *(.exceptions.notirq.label)
 *(.exceptions.notirq.user)
 *(.exceptions.notirq)
 *(.exceptions.soft.user)
 *(.exceptions.soft)
 *(.exceptions.unknown.user)
 *(.exceptions.unknown)
 *(.exceptions.exit.label)
 *(.exceptions.exit.user)
 *(.exceptions.exit)
 *(.exceptions)
                0x0000000000001020                PROVIDE (__ram_exceptions_end, ABSOLUTE (.))
                0x0000000000001020                PROVIDE (__flash_exceptions_start, LOADADDR (.exceptions))

.text           0x0000000000001020      0x748
                0x0000000000001020                PROVIDE (stext, ABSOLUTE (.))
 *(.interp)
 *(.hash)
 *(.dynsym)
 *(.dynstr)
 *(.gnu.version)
 *(.gnu.version_d)
 *(.gnu.version_r)
 *(.rel.init)
 *(.rela.init)
 *(.rel.text .rel.text.* .rel.gnu.linkonce.t.*)
 *(.rela.text .rela.text.* .rela.gnu.linkonce.t.*)
 *(.rel.fini)
 *(.rela.fini)
 *(.rel.rodata .rel.rodata.* .rel.gnu.linkonce.r.*)
 *(.rela.rodata .rela.rodata.* .rela.gnu.linkonce.r.*)
 *(.rel.data .rel.data.* .rel.gnu.linkonce.d.*)
 *(.rela.data .rela.data.* .rela.gnu.linkonce.d.*)
 *(.rel.tdata .rel.tdata.* .rel.gnu.linkonce.td.*)
 *(.rela.tdata .rela.tdata.* .rela.gnu.linkonce.td.*)
 *(.rel.tbss .rel.tbss.* .rel.gnu.linkonce.tb.*)
 *(.rela.tbss .rela.tbss.* .rela.gnu.linkonce.tb.*)
 *(.rel.ctors)
 *(.rela.ctors)
 *(.rel.dtors)
 *(.rela.dtors)
 *(.rel.got)
 *(.rela.got)
 *(.rel.sdata .rel.sdata.* .rel.gnu.linkonce.s.*)
 *(.rela.sdata .rela.sdata.* .rela.gnu.linkonce.s.*)
 *(.rel.sbss .rel.sbss.* .rel.gnu.linkonce.sb.*)
 *(.rela.sbss .rela.sbss.* .rela.gnu.linkonce.sb.*)
 *(.rel.sdata2 .rel.sdata2.* .rel.gnu.linkonce.s2.*)
 *(.rela.sdata2 .rela.sdata2.* .rela.gnu.linkonce.s2.*)
 *(.rel.sbss2 .rel.sbss2.* .rel.gnu.linkonce.sb2.*)
 *(.rela.sbss2 .rela.sbss2.* .rela.gnu.linkonce.sb2.*)
 *(.rel.bss .rel.bss.* .rel.gnu.linkonce.b.*)
 *(.rela.bss .rela.bss.* .rela.gnu.linkonce.b.*)
 *(.rel.plt)
 *(.rela.plt)
 *(.rel.dyn)
 *(.init)
 *(.plt)
 *(.text .stub .text.* .gnu.linkonce.t.*)
 .text          0x0000000000001020       0x3c ../microproc_bsp//obj/HAL/src/crt0.o
                0x0000000000001020                _start
 .text          0x000000000000105c      0x1ec obj/default/hello_world_small.o
                0x000000000000105c                send
                0x00000000000010d4                receive
                0x00000000000011c0                getPlayerNum
                0x00000000000011e0                playerOnePlay
                0x0000000000001214                playerTwoPlay
 .text.startup  0x0000000000001248       0x70 obj/default/hello_world_small.o
                0x0000000000001248                main
 .text          0x00000000000012b8       0x44 ../microproc_bsp/\libhal_bsp.a(alt_getchar.o)
                0x00000000000012b8                alt_getchar
 .text          0x00000000000012fc       0xf8 ../microproc_bsp/\libhal_bsp.a(alt_load.o)
                0x00000000000012fc                alt_load
 .text          0x00000000000013f4       0x2c ../microproc_bsp/\libhal_bsp.a(alt_main.o)
                0x00000000000013f4                alt_main
 .text          0x0000000000001420       0x48 ../microproc_bsp/\libhal_bsp.a(alt_putchar.o)
                0x0000000000001420                alt_putchar
 .text          0x0000000000001468       0x38 ../microproc_bsp/\libhal_bsp.a(alt_putstr.o)
                0x0000000000001468                alt_putstr
 .text          0x00000000000014a0        0x4 ../microproc_bsp/\libhal_bsp.a(alt_usleep.o)
                0x00000000000014a0                usleep
 .text          0x00000000000014a4       0x24 ../microproc_bsp/\libhal_bsp.a(alt_sys_init.o)
                0x00000000000014a4                alt_irq_init
                0x00000000000014c4                alt_sys_init
 .text          0x00000000000014c8       0x5c ../microproc_bsp/\libhal_bsp.a(altera_avalon_jtag_uart_read.o)
                0x00000000000014c8                altera_avalon_jtag_uart_read
 .text          0x0000000000001524       0x34 ../microproc_bsp/\libhal_bsp.a(altera_avalon_jtag_uart_write.o)
                0x0000000000001524                altera_avalon_jtag_uart_write
 .text          0x0000000000001558       0x88 ../microproc_bsp/\libhal_bsp.a(alt_busy_sleep.o)
                0x0000000000001558                alt_busy_sleep
 .text          0x00000000000015e0        0x4 ../microproc_bsp/\libhal_bsp.a(alt_dcache_flush_all.o)
                0x00000000000015e0                alt_dcache_flush_all
 .text          0x00000000000015e4        0x8 ../microproc_bsp/\libhal_bsp.a(alt_dev.o)
 .text          0x00000000000015ec        0x4 ../microproc_bsp/\libhal_bsp.a(alt_icache_flush_all.o)
                0x00000000000015ec                alt_icache_flush_all
 .text          0x00000000000015f0        0x8 ../microproc_bsp/\libhal_bsp.a(altera_nios2_gen2_irq.o)
                0x00000000000015f0                altera_nios2_gen2_irq_init
 .text          0x00000000000015f8        0x0 c:/altera/15.1/nios2eds/bin/gnu/h-x86_64-mingw32/bin/../lib/gcc/nios2-elf/4.9.2/../../../../../H-x86_64-mingw32/nios2-elf/lib/mno-hw-mul\libsmallc.a(lib_a-strlen.o)
 .text.strlen   0x00000000000015f8       0x1c c:/altera/15.1/nios2eds/bin/gnu/h-x86_64-mingw32/bin/../lib/gcc/nios2-elf/4.9.2/../../../../../H-x86_64-mingw32/nios2-elf/lib/mno-hw-mul\libsmallc.a(lib_a-strlen.o)
                0x00000000000015f8                strlen
 .text          0x0000000000001614      0x12c c:/altera/15.1/nios2eds/bin/gnu/h-x86_64-mingw32/bin/../lib/gcc/nios2-elf/4.9.2/mno-hw-mul\libgcc.a(lib2-divmod.o)
                0x0000000000001680                __divsi3
                0x00000000000016d4                __modsi3
                0x0000000000001730                __udivsi3
                0x0000000000001738                __umodsi3
 .text          0x0000000000001740       0x28 c:/altera/15.1/nios2eds/bin/gnu/h-x86_64-mingw32/bin/../lib/gcc/nios2-elf/4.9.2/mno-hw-mul\libgcc.a(lib2-mul.o)
                0x0000000000001740                __mulsi3
 *(.gnu.warning.*)
 *(.fini)
                0x0000000000001768                PROVIDE (__etext, ABSOLUTE (.))
                0x0000000000001768                PROVIDE (_etext, ABSOLUTE (.))
                0x0000000000001768                PROVIDE (etext, ABSOLUTE (.))
 *(.eh_frame_hdr)
                0x0000000000001768                . = ALIGN (0x4)
                0x0000000000001768                PROVIDE (__preinit_array_start, ABSOLUTE (.))
 *(.preinit_array)
                0x0000000000001768                PROVIDE (__preinit_array_end, ABSOLUTE (.))
                0x0000000000001768                PROVIDE (__init_array_start, ABSOLUTE (.))
 *(.init_array)
                0x0000000000001768                PROVIDE (__init_array_end, ABSOLUTE (.))
                0x0000000000001768                PROVIDE (__fini_array_start, ABSOLUTE (.))
 *(.fini_array)
                0x0000000000001768                PROVIDE (__fini_array_end, ABSOLUTE (.))
 *(.eh_frame)
 *(.gcc_except_table .gcc_except_table.*)
 *(.dynamic)
                0x0000000000001768                PROVIDE (__CTOR_LIST__, ABSOLUTE (.))
 *(.ctors)
 *(SORT(.ctors.*))
                0x0000000000001768                PROVIDE (__CTOR_END__, ABSOLUTE (.))
                0x0000000000001768                PROVIDE (__DTOR_LIST__, ABSOLUTE (.))
 *(.dtors)
 *(SORT(.dtors.*))
                0x0000000000001768                PROVIDE (__DTOR_END__, ABSOLUTE (.))
 *(.jcr)
                0x0000000000001768                . = ALIGN (0x4)

.rodata         0x0000000000001768       0xc8
                0x0000000000001768                PROVIDE (__ram_rodata_start, ABSOLUTE (.))
                0x0000000000001768                . = ALIGN (0x4)
 *(.rodata .rodata.* .gnu.linkonce.r.*)
 .rodata.str1.4
                0x0000000000001768       0xbb obj/default/hello_world_small.o
                                         0xc0 (size before relaxing)
 *fill*         0x0000000000001823        0x1 
 .rodata.str1.4
                0x0000000000001824        0xc ../microproc_bsp/\libhal_bsp.a(alt_dev.o)
 *(.rodata1)
                0x0000000000001830                . = ALIGN (0x4)
                0x0000000000001830                PROVIDE (__ram_rodata_end, ABSOLUTE (.))
                0x0000000000001768                PROVIDE (__flash_rodata_start, LOADADDR (.rodata))

.rwdata         0x0000000000001830       0x70 load address 0x00000000000018a0
                0x0000000000001830                PROVIDE (__ram_rwdata_start, ABSOLUTE (.))
                0x0000000000001830                . = ALIGN (0x4)
 *(.got.plt)
 *(.got)
 *(.data1)
 *(.data .data.* .gnu.linkonce.d.*)
 .data          0x0000000000001830        0x0 ../microproc_bsp//obj/HAL/src/crt0.o
 .data          0x0000000000001830        0x0 obj/default/hello_world_small.o
 .data          0x0000000000001830        0x0 ../microproc_bsp/\libhal_bsp.a(alt_getchar.o)
 .data          0x0000000000001830        0x0 ../microproc_bsp/\libhal_bsp.a(alt_load.o)
 .data          0x0000000000001830        0x0 ../microproc_bsp/\libhal_bsp.a(alt_main.o)
 .data          0x0000000000001830        0x0 ../microproc_bsp/\libhal_bsp.a(alt_putchar.o)
 .data          0x0000000000001830        0x0 ../microproc_bsp/\libhal_bsp.a(alt_putstr.o)
 .data          0x0000000000001830        0x0 ../microproc_bsp/\libhal_bsp.a(alt_usleep.o)
 .data          0x0000000000001830        0x0 ../microproc_bsp/\libhal_bsp.a(alt_sys_init.o)
 .data          0x0000000000001830        0x0 ../microproc_bsp/\libhal_bsp.a(altera_avalon_jtag_uart_read.o)
 .data          0x0000000000001830        0x0 ../microproc_bsp/\libhal_bsp.a(altera_avalon_jtag_uart_write.o)
 .data          0x0000000000001830        0x0 ../microproc_bsp/\libhal_bsp.a(alt_busy_sleep.o)
 .data          0x0000000000001830        0x0 ../microproc_bsp/\libhal_bsp.a(alt_dcache_flush_all.o)
 .data          0x0000000000001830       0x58 ../microproc_bsp/\libhal_bsp.a(alt_dev.o)
                0x0000000000001830                alt_fd_list
                0x0000000000001860                alt_dev_null
 .data          0x0000000000001888        0x0 ../microproc_bsp/\libhal_bsp.a(alt_icache_flush_all.o)
 .data          0x0000000000001888        0x0 ../microproc_bsp/\libhal_bsp.a(altera_nios2_gen2_irq.o)
 .data          0x0000000000001888        0x0 c:/altera/15.1/nios2eds/bin/gnu/h-x86_64-mingw32/bin/../lib/gcc/nios2-elf/4.9.2/../../../../../H-x86_64-mingw32/nios2-elf/lib/mno-hw-mul\libsmallc.a(lib_a-strlen.o)
 .data          0x0000000000001888        0x0 c:/altera/15.1/nios2eds/bin/gnu/h-x86_64-mingw32/bin/../lib/gcc/nios2-elf/4.9.2/mno-hw-mul\libgcc.a(lib2-divmod.o)
 .data          0x0000000000001888        0x0 c:/altera/15.1/nios2eds/bin/gnu/h-x86_64-mingw32/bin/../lib/gcc/nios2-elf/4.9.2/mno-hw-mul\libgcc.a(lib2-mul.o)
                0x0000000000009888                _gp = ABSOLUTE ((. + 0x8000))
                0x0000000000009888                PROVIDE (gp, _gp)
 *(.rwdata .rwdata.*)
 *(.sdata .sdata.* .gnu.linkonce.s.*)
 .sdata         0x0000000000001888        0x4 ../microproc_bsp/\libhal_bsp.a(alt_sys_init.o)
                0x0000000000001888                jtag_uart
 .sdata         0x000000000000188c       0x14 ../microproc_bsp/\libhal_bsp.a(alt_dev.o)
                0x000000000000188c                alt_max_fd
                0x0000000000001890                alt_dev_list
                0x0000000000001898                alt_fs_list
 *(.sdata2 .sdata2.* .gnu.linkonce.s2.*)
                0x00000000000018a0                . = ALIGN (0x4)
                0x00000000000018a0                _edata = ABSOLUTE (.)
                0x00000000000018a0                PROVIDE (edata, ABSOLUTE (.))
                0x00000000000018a0                PROVIDE (__ram_rwdata_end, ABSOLUTE (.))
                0x00000000000018a0                PROVIDE (__flash_rwdata_start, LOADADDR (.rwdata))

.bss            0x0000000000001910        0xc
                0x0000000000001910                __bss_start = ABSOLUTE (.)
                0x0000000000001910                PROVIDE (__sbss_start, ABSOLUTE (.))
                0x0000000000001910                PROVIDE (___sbss_start, ABSOLUTE (.))
 *(.dynsbss)
 *(.sbss .sbss.* .gnu.linkonce.sb.*)
 .sbss          0x0000000000001910        0xc ../microproc_bsp/\libhal_bsp.a(alt_main.o)
                0x0000000000001910                alt_envp
                0x0000000000001914                alt_argv
                0x0000000000001918                alt_argc
 *(.sbss2 .sbss2.* .gnu.linkonce.sb2.*)
 *(.scommon)
                0x000000000000191c                PROVIDE (__sbss_end, ABSOLUTE (.))
                0x000000000000191c                PROVIDE (___sbss_end, ABSOLUTE (.))
 *(.dynbss)
 *(.bss .bss.* .gnu.linkonce.b.*)
 .bss           0x000000000000191c        0x0 ../microproc_bsp//obj/HAL/src/crt0.o
 .bss           0x000000000000191c        0x0 obj/default/hello_world_small.o
 .bss           0x000000000000191c        0x0 ../microproc_bsp/\libhal_bsp.a(alt_getchar.o)
 .bss           0x000000000000191c        0x0 ../microproc_bsp/\libhal_bsp.a(alt_load.o)
 .bss           0x000000000000191c        0x0 ../microproc_bsp/\libhal_bsp.a(alt_main.o)
 .bss           0x000000000000191c        0x0 ../microproc_bsp/\libhal_bsp.a(alt_putchar.o)
 .bss           0x000000000000191c        0x0 ../microproc_bsp/\libhal_bsp.a(alt_putstr.o)
 .bss           0x000000000000191c        0x0 ../microproc_bsp/\libhal_bsp.a(alt_usleep.o)
 .bss           0x000000000000191c        0x0 ../microproc_bsp/\libhal_bsp.a(alt_sys_init.o)
 .bss           0x000000000000191c        0x0 ../microproc_bsp/\libhal_bsp.a(altera_avalon_jtag_uart_read.o)
 .bss           0x000000000000191c        0x0 ../microproc_bsp/\libhal_bsp.a(altera_avalon_jtag_uart_write.o)
 .bss           0x000000000000191c        0x0 ../microproc_bsp/\libhal_bsp.a(alt_busy_sleep.o)
 .bss           0x000000000000191c        0x0 ../microproc_bsp/\libhal_bsp.a(alt_dcache_flush_all.o)
 .bss           0x000000000000191c        0x0 ../microproc_bsp/\libhal_bsp.a(alt_dev.o)
 .bss           0x000000000000191c        0x0 ../microproc_bsp/\libhal_bsp.a(alt_icache_flush_all.o)
 .bss           0x000000000000191c        0x0 ../microproc_bsp/\libhal_bsp.a(altera_nios2_gen2_irq.o)
 .bss           0x000000000000191c        0x0 c:/altera/15.1/nios2eds/bin/gnu/h-x86_64-mingw32/bin/../lib/gcc/nios2-elf/4.9.2/../../../../../H-x86_64-mingw32/nios2-elf/lib/mno-hw-mul\libsmallc.a(lib_a-strlen.o)
 .bss           0x000000000000191c        0x0 c:/altera/15.1/nios2eds/bin/gnu/h-x86_64-mingw32/bin/../lib/gcc/nios2-elf/4.9.2/mno-hw-mul\libgcc.a(lib2-divmod.o)
 .bss           0x000000000000191c        0x0 c:/altera/15.1/nios2eds/bin/gnu/h-x86_64-mingw32/bin/../lib/gcc/nios2-elf/4.9.2/mno-hw-mul\libgcc.a(lib2-mul.o)
 *(COMMON)
                0x000000000000191c                . = ALIGN (0x4)
                0x000000000000191c                __bss_end = ABSOLUTE (.)

.onchip_memory  0x000000000000191c        0x0
                0x000000000000191c                PROVIDE (_alt_partition_onchip_memory_start, ABSOLUTE (.))
 *(.onchip_memory .onchip_memory. onchip_memory.*)
                0x000000000000191c                . = ALIGN (0x4)
                0x000000000000191c                PROVIDE (_alt_partition_onchip_memory_end, ABSOLUTE (.))
                0x000000000000191c                _end = ABSOLUTE (.)
                0x000000000000191c                end = ABSOLUTE (.)
                0x000000000000191c                __alt_stack_base = ABSOLUTE (.)
                0x000000000000191c                PROVIDE (_alt_partition_onchip_memory_load_addr, LOADADDR (.onchip_memory))

.stab
 *(.stab)

.stabstr
 *(.stabstr)

.stab.excl
 *(.stab.excl)

.stab.exclstr
 *(.stab.exclstr)

.stab.index
 *(.stab.index)

.stab.indexstr
 *(.stab.indexstr)

.comment        0x0000000000000000       0x23
 *(.comment)
 .comment       0x0000000000000000       0x23 obj/default/hello_world_small.o
                                         0x24 (size before relaxing)
 .comment       0x0000000000000000       0x24 ../microproc_bsp/\libhal_bsp.a(alt_getchar.o)
 .comment       0x0000000000000000       0x24 ../microproc_bsp/\libhal_bsp.a(alt_load.o)
 .comment       0x0000000000000000       0x24 ../microproc_bsp/\libhal_bsp.a(alt_main.o)
 .comment       0x0000000000000000       0x24 ../microproc_bsp/\libhal_bsp.a(alt_putchar.o)
 .comment       0x0000000000000000       0x24 ../microproc_bsp/\libhal_bsp.a(alt_putstr.o)
 .comment       0x0000000000000000       0x24 ../microproc_bsp/\libhal_bsp.a(alt_usleep.o)
 .comment       0x0000000000000000       0x24 ../microproc_bsp/\libhal_bsp.a(alt_sys_init.o)
 .comment       0x0000000000000000       0x24 ../microproc_bsp/\libhal_bsp.a(altera_avalon_jtag_uart_read.o)
 .comment       0x0000000000000000       0x24 ../microproc_bsp/\libhal_bsp.a(altera_avalon_jtag_uart_write.o)
 .comment       0x0000000000000000       0x24 ../microproc_bsp/\libhal_bsp.a(alt_busy_sleep.o)
 .comment       0x0000000000000000       0x24 ../microproc_bsp/\libhal_bsp.a(alt_dcache_flush_all.o)
 .comment       0x0000000000000000       0x24 ../microproc_bsp/\libhal_bsp.a(alt_dev.o)
 .comment       0x0000000000000000       0x24 ../microproc_bsp/\libhal_bsp.a(alt_icache_flush_all.o)
 .comment       0x0000000000000000       0x24 ../microproc_bsp/\libhal_bsp.a(altera_nios2_gen2_irq.o)
 .comment       0x0000000000000000       0x24 c:/altera/15.1/nios2eds/bin/gnu/h-x86_64-mingw32/bin/../lib/gcc/nios2-elf/4.9.2/../../../../../H-x86_64-mingw32/nios2-elf/lib/mno-hw-mul\libsmallc.a(lib_a-strlen.o)
 .comment       0x0000000000000000       0x24 c:/altera/15.1/nios2eds/bin/gnu/h-x86_64-mingw32/bin/../lib/gcc/nios2-elf/4.9.2/mno-hw-mul\libgcc.a(lib2-divmod.o)
 .comment       0x0000000000000000       0x24 c:/altera/15.1/nios2eds/bin/gnu/h-x86_64-mingw32/bin/../lib/gcc/nios2-elf/4.9.2/mno-hw-mul\libgcc.a(lib2-mul.o)

.debug
 *(.debug)

.line
 *(.line)

.debug_srcinfo
 *(.debug_srcinfo)

.debug_sfnames
 *(.debug_sfnames)

.debug_aranges  0x0000000000000000      0x270
 *(.debug_aranges)
 .debug_aranges
                0x0000000000000000       0x28 ../microproc_bsp//obj/HAL/src/crt0.o
 .debug_aranges
                0x0000000000000028       0x28 obj/default/hello_world_small.o
 .debug_aranges
                0x0000000000000050       0x20 ../microproc_bsp/\libhal_bsp.a(alt_getchar.o)
 .debug_aranges
                0x0000000000000070       0x20 ../microproc_bsp/\libhal_bsp.a(alt_load.o)
 .debug_aranges
                0x0000000000000090       0x20 ../microproc_bsp/\libhal_bsp.a(alt_main.o)
 .debug_aranges
                0x00000000000000b0       0x20 ../microproc_bsp/\libhal_bsp.a(alt_putchar.o)
 .debug_aranges
                0x00000000000000d0       0x20 ../microproc_bsp/\libhal_bsp.a(alt_putstr.o)
 .debug_aranges
                0x00000000000000f0       0x20 ../microproc_bsp/\libhal_bsp.a(alt_usleep.o)
 .debug_aranges
                0x0000000000000110       0x20 ../microproc_bsp/\libhal_bsp.a(alt_sys_init.o)
 .debug_aranges
                0x0000000000000130       0x20 ../microproc_bsp/\libhal_bsp.a(altera_avalon_jtag_uart_read.o)
 .debug_aranges
                0x0000000000000150       0x20 ../microproc_bsp/\libhal_bsp.a(altera_avalon_jtag_uart_write.o)
 .debug_aranges
                0x0000000000000170       0x20 ../microproc_bsp/\libhal_bsp.a(alt_busy_sleep.o)
 .debug_aranges
                0x0000000000000190       0x20 ../microproc_bsp/\libhal_bsp.a(alt_dcache_flush_all.o)
 .debug_aranges
                0x00000000000001b0       0x20 ../microproc_bsp/\libhal_bsp.a(alt_dev.o)
 .debug_aranges
                0x00000000000001d0       0x20 ../microproc_bsp/\libhal_bsp.a(alt_icache_flush_all.o)
 .debug_aranges
                0x00000000000001f0       0x20 ../microproc_bsp/\libhal_bsp.a(altera_nios2_gen2_irq.o)
 .debug_aranges
                0x0000000000000210       0x20 c:/altera/15.1/nios2eds/bin/gnu/h-x86_64-mingw32/bin/../lib/gcc/nios2-elf/4.9.2/../../../../../H-x86_64-mingw32/nios2-elf/lib/mno-hw-mul\libsmallc.a(lib_a-strlen.o)
 .debug_aranges
                0x0000000000000230       0x20 c:/altera/15.1/nios2eds/bin/gnu/h-x86_64-mingw32/bin/../lib/gcc/nios2-elf/4.9.2/mno-hw-mul\libgcc.a(lib2-divmod.o)
 .debug_aranges
                0x0000000000000250       0x20 c:/altera/15.1/nios2eds/bin/gnu/h-x86_64-mingw32/bin/../lib/gcc/nios2-elf/4.9.2/mno-hw-mul\libgcc.a(lib2-mul.o)

.debug_pubnames
 *(.debug_pubnames)

.debug_info     0x0000000000000000     0x1d37
 *(.debug_info .gnu.linkonce.wi.*)
 .debug_info    0x0000000000000000       0x6c ../microproc_bsp//obj/HAL/src/crt0.o
 .debug_info    0x000000000000006c      0x391 obj/default/hello_world_small.o
 .debug_info    0x00000000000003fd      0x33b ../microproc_bsp/\libhal_bsp.a(alt_getchar.o)
 .debug_info    0x0000000000000738      0x1ba ../microproc_bsp/\libhal_bsp.a(alt_load.o)
 .debug_info    0x00000000000008f2      0x17b ../microproc_bsp/\libhal_bsp.a(alt_main.o)
 .debug_info    0x0000000000000a6d      0x138 ../microproc_bsp/\libhal_bsp.a(alt_putchar.o)
 .debug_info    0x0000000000000ba5      0x15d ../microproc_bsp/\libhal_bsp.a(alt_putstr.o)
 .debug_info    0x0000000000000d02       0xd0 ../microproc_bsp/\libhal_bsp.a(alt_usleep.o)
 .debug_info    0x0000000000000dd2      0x17a ../microproc_bsp/\libhal_bsp.a(alt_sys_init.o)
 .debug_info    0x0000000000000f4c      0x1ad ../microproc_bsp/\libhal_bsp.a(altera_avalon_jtag_uart_read.o)
 .debug_info    0x00000000000010f9      0x190 ../microproc_bsp/\libhal_bsp.a(altera_avalon_jtag_uart_write.o)
 .debug_info    0x0000000000001289       0xd1 ../microproc_bsp/\libhal_bsp.a(alt_busy_sleep.o)
 .debug_info    0x000000000000135a       0x8b ../microproc_bsp/\libhal_bsp.a(alt_dcache_flush_all.o)
 .debug_info    0x00000000000013e5      0x492 ../microproc_bsp/\libhal_bsp.a(alt_dev.o)
 .debug_info    0x0000000000001877       0x8b ../microproc_bsp/\libhal_bsp.a(alt_icache_flush_all.o)
 .debug_info    0x0000000000001902       0x8b ../microproc_bsp/\libhal_bsp.a(altera_nios2_gen2_irq.o)
 .debug_info    0x000000000000198d       0xc2 c:/altera/15.1/nios2eds/bin/gnu/h-x86_64-mingw32/bin/../lib/gcc/nios2-elf/4.9.2/../../../../../H-x86_64-mingw32/nios2-elf/lib/mno-hw-mul\libsmallc.a(lib_a-strlen.o)
 .debug_info    0x0000000000001a4f      0x234 c:/altera/15.1/nios2eds/bin/gnu/h-x86_64-mingw32/bin/../lib/gcc/nios2-elf/4.9.2/mno-hw-mul\libgcc.a(lib2-divmod.o)
 .debug_info    0x0000000000001c83       0xb4 c:/altera/15.1/nios2eds/bin/gnu/h-x86_64-mingw32/bin/../lib/gcc/nios2-elf/4.9.2/mno-hw-mul\libgcc.a(lib2-mul.o)

.debug_abbrev   0x0000000000000000      0xdd4
 *(.debug_abbrev)
 .debug_abbrev  0x0000000000000000       0x12 ../microproc_bsp//obj/HAL/src/crt0.o
 .debug_abbrev  0x0000000000000012      0x18e obj/default/hello_world_small.o
 .debug_abbrev  0x00000000000001a0      0x11f ../microproc_bsp/\libhal_bsp.a(alt_getchar.o)
 .debug_abbrev  0x00000000000002bf       0xd8 ../microproc_bsp/\libhal_bsp.a(alt_load.o)
 .debug_abbrev  0x0000000000000397      0x120 ../microproc_bsp/\libhal_bsp.a(alt_main.o)
 .debug_abbrev  0x00000000000004b7       0xd4 ../microproc_bsp/\libhal_bsp.a(alt_putchar.o)
 .debug_abbrev  0x000000000000058b       0xe2 ../microproc_bsp/\libhal_bsp.a(alt_putstr.o)
 .debug_abbrev  0x000000000000066d       0x96 ../microproc_bsp/\libhal_bsp.a(alt_usleep.o)
 .debug_abbrev  0x0000000000000703      0x107 ../microproc_bsp/\libhal_bsp.a(alt_sys_init.o)
 .debug_abbrev  0x000000000000080a      0x102 ../microproc_bsp/\libhal_bsp.a(altera_avalon_jtag_uart_read.o)
 .debug_abbrev  0x000000000000090c       0xd5 ../microproc_bsp/\libhal_bsp.a(altera_avalon_jtag_uart_write.o)
 .debug_abbrev  0x00000000000009e1       0x8d ../microproc_bsp/\libhal_bsp.a(alt_busy_sleep.o)
 .debug_abbrev  0x0000000000000a6e       0x42 ../microproc_bsp/\libhal_bsp.a(alt_dcache_flush_all.o)
 .debug_abbrev  0x0000000000000ab0       0xd9 ../microproc_bsp/\libhal_bsp.a(alt_dev.o)
 .debug_abbrev  0x0000000000000b89       0x42 ../microproc_bsp/\libhal_bsp.a(alt_icache_flush_all.o)
 .debug_abbrev  0x0000000000000bcb       0x42 ../microproc_bsp/\libhal_bsp.a(altera_nios2_gen2_irq.o)
 .debug_abbrev  0x0000000000000c0d       0x7f c:/altera/15.1/nios2eds/bin/gnu/h-x86_64-mingw32/bin/../lib/gcc/nios2-elf/4.9.2/../../../../../H-x86_64-mingw32/nios2-elf/lib/mno-hw-mul\libsmallc.a(lib_a-strlen.o)
 .debug_abbrev  0x0000000000000c8c       0xd9 c:/altera/15.1/nios2eds/bin/gnu/h-x86_64-mingw32/bin/../lib/gcc/nios2-elf/4.9.2/mno-hw-mul\libgcc.a(lib2-divmod.o)
 .debug_abbrev  0x0000000000000d65       0x6f c:/altera/15.1/nios2eds/bin/gnu/h-x86_64-mingw32/bin/../lib/gcc/nios2-elf/4.9.2/mno-hw-mul\libgcc.a(lib2-mul.o)

.debug_line     0x0000000000000000      0xdc1
 *(.debug_line)
 .debug_line    0x0000000000000000       0x66 ../microproc_bsp//obj/HAL/src/crt0.o
 .debug_line    0x0000000000000066      0x107 obj/default/hello_world_small.o
 .debug_line    0x000000000000016d       0xb7 ../microproc_bsp/\libhal_bsp.a(alt_getchar.o)
 .debug_line    0x0000000000000224       0xa6 ../microproc_bsp/\libhal_bsp.a(alt_load.o)
 .debug_line    0x00000000000002ca       0xbd ../microproc_bsp/\libhal_bsp.a(alt_main.o)
 .debug_line    0x0000000000000387       0x55 ../microproc_bsp/\libhal_bsp.a(alt_putchar.o)
 .debug_line    0x00000000000003dc       0xf5 ../microproc_bsp/\libhal_bsp.a(alt_putstr.o)
 .debug_line    0x00000000000004d1       0xc7 ../microproc_bsp/\libhal_bsp.a(alt_usleep.o)
 .debug_line    0x0000000000000598      0x101 ../microproc_bsp/\libhal_bsp.a(alt_sys_init.o)
 .debug_line    0x0000000000000699       0xfb ../microproc_bsp/\libhal_bsp.a(altera_avalon_jtag_uart_read.o)
 .debug_line    0x0000000000000794       0xf0 ../microproc_bsp/\libhal_bsp.a(altera_avalon_jtag_uart_write.o)
 .debug_line    0x0000000000000884       0xc0 ../microproc_bsp/\libhal_bsp.a(alt_busy_sleep.o)
 .debug_line    0x0000000000000944       0x4e ../microproc_bsp/\libhal_bsp.a(alt_dcache_flush_all.o)
 .debug_line    0x0000000000000992       0xee ../microproc_bsp/\libhal_bsp.a(alt_dev.o)
 .debug_line    0x0000000000000a80       0x4e ../microproc_bsp/\libhal_bsp.a(alt_icache_flush_all.o)
 .debug_line    0x0000000000000ace       0x50 ../microproc_bsp/\libhal_bsp.a(altera_nios2_gen2_irq.o)
 .debug_line    0x0000000000000b1e      0x15c c:/altera/15.1/nios2eds/bin/gnu/h-x86_64-mingw32/bin/../lib/gcc/nios2-elf/4.9.2/../../../../../H-x86_64-mingw32/nios2-elf/lib/mno-hw-mul\libsmallc.a(lib_a-strlen.o)
 .debug_line    0x0000000000000c7a       0xc7 c:/altera/15.1/nios2eds/bin/gnu/h-x86_64-mingw32/bin/../lib/gcc/nios2-elf/4.9.2/mno-hw-mul\libgcc.a(lib2-divmod.o)
 .debug_line    0x0000000000000d41       0x80 c:/altera/15.1/nios2eds/bin/gnu/h-x86_64-mingw32/bin/../lib/gcc/nios2-elf/4.9.2/mno-hw-mul\libgcc.a(lib2-mul.o)

.debug_frame    0x0000000000000000      0x3d0
 *(.debug_frame)
 .debug_frame   0x0000000000000000       0xd0 obj/default/hello_world_small.o
 .debug_frame   0x00000000000000d0       0x2c ../microproc_bsp/\libhal_bsp.a(alt_getchar.o)
 .debug_frame   0x00000000000000fc       0x30 ../microproc_bsp/\libhal_bsp.a(alt_load.o)
 .debug_frame   0x000000000000012c       0x2c ../microproc_bsp/\libhal_bsp.a(alt_main.o)
 .debug_frame   0x0000000000000158       0x30 ../microproc_bsp/\libhal_bsp.a(alt_putchar.o)
 .debug_frame   0x0000000000000188       0x30 ../microproc_bsp/\libhal_bsp.a(alt_putstr.o)
 .debug_frame   0x00000000000001b8       0x20 ../microproc_bsp/\libhal_bsp.a(alt_usleep.o)
 .debug_frame   0x00000000000001d8       0x3c ../microproc_bsp/\libhal_bsp.a(alt_sys_init.o)
 .debug_frame   0x0000000000000214       0x20 ../microproc_bsp/\libhal_bsp.a(altera_avalon_jtag_uart_read.o)
 .debug_frame   0x0000000000000234       0x20 ../microproc_bsp/\libhal_bsp.a(altera_avalon_jtag_uart_write.o)
 .debug_frame   0x0000000000000254       0x30 ../microproc_bsp/\libhal_bsp.a(alt_busy_sleep.o)
 .debug_frame   0x0000000000000284       0x20 ../microproc_bsp/\libhal_bsp.a(alt_dcache_flush_all.o)
 .debug_frame   0x00000000000002a4       0x20 ../microproc_bsp/\libhal_bsp.a(alt_dev.o)
 .debug_frame   0x00000000000002c4       0x20 ../microproc_bsp/\libhal_bsp.a(alt_icache_flush_all.o)
 .debug_frame   0x00000000000002e4       0x20 ../microproc_bsp/\libhal_bsp.a(altera_nios2_gen2_irq.o)
 .debug_frame   0x0000000000000304       0x20 c:/altera/15.1/nios2eds/bin/gnu/h-x86_64-mingw32/bin/../lib/gcc/nios2-elf/4.9.2/../../../../../H-x86_64-mingw32/nios2-elf/lib/mno-hw-mul\libsmallc.a(lib_a-strlen.o)
 .debug_frame   0x0000000000000324       0x8c c:/altera/15.1/nios2eds/bin/gnu/h-x86_64-mingw32/bin/../lib/gcc/nios2-elf/4.9.2/mno-hw-mul\libgcc.a(lib2-divmod.o)
 .debug_frame   0x00000000000003b0       0x20 c:/altera/15.1/nios2eds/bin/gnu/h-x86_64-mingw32/bin/../lib/gcc/nios2-elf/4.9.2/mno-hw-mul\libgcc.a(lib2-mul.o)

.debug_str      0x0000000000000000      0xa13
 *(.debug_str)
 .debug_str     0x0000000000000000      0x152 obj/default/hello_world_small.o
                                        0x190 (size before relaxing)
 .debug_str     0x0000000000000152      0x12b ../microproc_bsp/\libhal_bsp.a(alt_getchar.o)
                                        0x217 (size before relaxing)
 .debug_str     0x000000000000027d      0x11b ../microproc_bsp/\libhal_bsp.a(alt_load.o)
                                        0x21d (size before relaxing)
 .debug_str     0x0000000000000398       0x5e ../microproc_bsp/\libhal_bsp.a(alt_main.o)
                                        0x196 (size before relaxing)
 .debug_str     0x00000000000003f6       0x34 ../microproc_bsp/\libhal_bsp.a(alt_putchar.o)
                                        0x16c (size before relaxing)
 .debug_str     0x000000000000042a       0x23 ../microproc_bsp/\libhal_bsp.a(alt_putstr.o)
                                        0x178 (size before relaxing)
 .debug_str     0x000000000000044d       0x2f ../microproc_bsp/\libhal_bsp.a(alt_usleep.o)
                                        0x138 (size before relaxing)
 .debug_str     0x000000000000047c       0x86 ../microproc_bsp/\libhal_bsp.a(alt_sys_init.o)
                                        0x205 (size before relaxing)
 .debug_str     0x0000000000000502       0x38 ../microproc_bsp/\libhal_bsp.a(altera_avalon_jtag_uart_read.o)
                                        0x200 (size before relaxing)
 .debug_str     0x000000000000053a       0x32 ../microproc_bsp/\libhal_bsp.a(altera_avalon_jtag_uart_write.o)
                                        0x1f6 (size before relaxing)
 .debug_str     0x000000000000056c       0x33 ../microproc_bsp/\libhal_bsp.a(alt_busy_sleep.o)
                                        0x14c (size before relaxing)
 .debug_str     0x000000000000059f       0x1f ../microproc_bsp/\libhal_bsp.a(alt_dcache_flush_all.o)
                                        0x136 (size before relaxing)
 .debug_str     0x00000000000005be      0x120 ../microproc_bsp/\libhal_bsp.a(alt_dev.o)
                                        0x2e6 (size before relaxing)
 .debug_str     0x00000000000006de       0x1f ../microproc_bsp/\libhal_bsp.a(alt_icache_flush_all.o)
                                        0x136 (size before relaxing)
 .debug_str     0x00000000000006fd       0x20 ../microproc_bsp/\libhal_bsp.a(altera_nios2_gen2_irq.o)
                                        0x13d (size before relaxing)
 .debug_str     0x000000000000071d      0x131 c:/altera/15.1/nios2eds/bin/gnu/h-x86_64-mingw32/bin/../lib/gcc/nios2-elf/4.9.2/../../../../../H-x86_64-mingw32/nios2-elf/lib/mno-hw-mul\libsmallc.a(lib_a-strlen.o)
                                        0x1d7 (size before relaxing)
 .debug_str     0x000000000000084e      0x185 c:/altera/15.1/nios2eds/bin/gnu/h-x86_64-mingw32/bin/../lib/gcc/nios2-elf/4.9.2/mno-hw-mul\libgcc.a(lib2-divmod.o)
                                        0x1d0 (size before relaxing)
 .debug_str     0x00000000000009d3       0x40 c:/altera/15.1/nios2eds/bin/gnu/h-x86_64-mingw32/bin/../lib/gcc/nios2-elf/4.9.2/mno-hw-mul\libgcc.a(lib2-mul.o)
                                        0x191 (size before relaxing)

.debug_loc      0x0000000000000000      0x616
 *(.debug_loc)
 .debug_loc     0x0000000000000000       0x8e obj/default/hello_world_small.o
 .debug_loc     0x000000000000008e       0x2c ../microproc_bsp/\libhal_bsp.a(alt_putchar.o)
 .debug_loc     0x00000000000000ba       0x37 ../microproc_bsp/\libhal_bsp.a(alt_putstr.o)
 .debug_loc     0x00000000000000f1       0x21 ../microproc_bsp/\libhal_bsp.a(alt_usleep.o)
 .debug_loc     0x0000000000000112       0x21 ../microproc_bsp/\libhal_bsp.a(alt_sys_init.o)
 .debug_loc     0x0000000000000133       0xcd ../microproc_bsp/\libhal_bsp.a(altera_avalon_jtag_uart_read.o)
 .debug_loc     0x0000000000000200       0x8b ../microproc_bsp/\libhal_bsp.a(altera_avalon_jtag_uart_write.o)
 .debug_loc     0x000000000000028b       0x67 ../microproc_bsp/\libhal_bsp.a(alt_busy_sleep.o)
 .debug_loc     0x00000000000002f2       0x1e c:/altera/15.1/nios2eds/bin/gnu/h-x86_64-mingw32/bin/../lib/gcc/nios2-elf/4.9.2/../../../../../H-x86_64-mingw32/nios2-elf/lib/mno-hw-mul\libsmallc.a(lib_a-strlen.o)
 .debug_loc     0x0000000000000310      0x273 c:/altera/15.1/nios2eds/bin/gnu/h-x86_64-mingw32/bin/../lib/gcc/nios2-elf/4.9.2/mno-hw-mul\libgcc.a(lib2-divmod.o)
 .debug_loc     0x0000000000000583       0x93 c:/altera/15.1/nios2eds/bin/gnu/h-x86_64-mingw32/bin/../lib/gcc/nios2-elf/4.9.2/mno-hw-mul\libgcc.a(lib2-mul.o)

.debug_macinfo
 *(.debug_macinfo)

.debug_weaknames
 *(.debug_weaknames)

.debug_funcnames
 *(.debug_funcnames)

.debug_typenames
 *(.debug_typenames)

.debug_varnames
 *(.debug_varnames)

.debug_alt_sim_info
                0x0000000000000000       0x40
 *(.debug_alt_sim_info)
 .debug_alt_sim_info
                0x0000000000000000       0x10 ../microproc_bsp//obj/HAL/src/crt0.o
 .debug_alt_sim_info
                0x0000000000000010       0x30 ../microproc_bsp/\libhal_bsp.a(alt_busy_sleep.o)
                0x0000000000002000                __alt_data_end = 0x2000
                0x0000000000002000                PROVIDE (__alt_stack_pointer, __alt_data_end)
                0x000000000000191c                PROVIDE (__alt_stack_limit, __alt_stack_base)
                0x000000000000191c                PROVIDE (__alt_heap_start, end)
                0x0000000000002000                PROVIDE (__alt_heap_limit, 0x2000)
OUTPUT(microproc.elf elf32-littlenios2)

.debug_ranges   0x0000000000000000       0xc8
 .debug_ranges  0x0000000000000000       0x20 ../microproc_bsp//obj/HAL/src/crt0.o
 .debug_ranges  0x0000000000000020       0x30 obj/default/hello_world_small.o
 .debug_ranges  0x0000000000000050       0x48 ../microproc_bsp/\libhal_bsp.a(alt_load.o)
 .debug_ranges  0x0000000000000098       0x20 ../microproc_bsp/\libhal_bsp.a(altera_avalon_jtag_uart_read.o)
 .debug_ranges  0x00000000000000b8       0x10 c:/altera/15.1/nios2eds/bin/gnu/h-x86_64-mingw32/bin/../lib/gcc/nios2-elf/4.9.2/../../../../../H-x86_64-mingw32/nios2-elf/lib/mno-hw-mul\libsmallc.a(lib_a-strlen.o)
