Archive member included to satisfy reference by file (symbol)

../microproc_bsp/\libhal_bsp.a(alt_getchar.o)
                              obj/default/hello_world_small.o (alt_getchar)
../microproc_bsp/\libhal_bsp.a(alt_load.o)
                              ../microproc_bsp//obj/HAL/src/crt0.o (alt_load)
../microproc_bsp/\libhal_bsp.a(alt_main.o)
                              ../microproc_bsp//obj/HAL/src/crt0.o (alt_main)
../microproc_bsp/\libhal_bsp.a(alt_putchar.o)
                              obj/default/hello_world_small.o (alt_putchar)
../microproc_bsp/\libhal_bsp.a(alt_putstr.o)
                              obj/default/hello_world_small.o (alt_putstr)
../microproc_bsp/\libhal_bsp.a(alt_usleep.o)
                              obj/default/hello_world_small.o (usleep)
../microproc_bsp/\libhal_bsp.a(alt_sys_init.o)
                              ../microproc_bsp/\libhal_bsp.a(alt_main.o) (alt_irq_init)
../microproc_bsp/\libhal_bsp.a(altera_avalon_jtag_uart_read.o)
                              ../microproc_bsp/\libhal_bsp.a(alt_getchar.o) (altera_avalon_jtag_uart_read)
../microproc_bsp/\libhal_bsp.a(altera_avalon_jtag_uart_write.o)
                              ../microproc_bsp/\libhal_bsp.a(alt_putchar.o) (altera_avalon_jtag_uart_write)
../microproc_bsp/\libhal_bsp.a(alt_busy_sleep.o)
                              ../microproc_bsp/\libhal_bsp.a(alt_usleep.o) (alt_busy_sleep)
../microproc_bsp/\libhal_bsp.a(alt_dcache_flush_all.o)
                              ../microproc_bsp/\libhal_bsp.a(alt_load.o) (alt_dcache_flush_all)
../microproc_bsp/\libhal_bsp.a(alt_dev.o)
                              ../microproc_bsp/\libhal_bsp.a(alt_getchar.o) (alt_fd_list)
../microproc_bsp/\libhal_bsp.a(alt_icache_flush_all.o)
                              ../microproc_bsp/\libhal_bsp.a(alt_load.o) (alt_icache_flush_all)
../microproc_bsp/\libhal_bsp.a(altera_nios2_gen2_irq.o)
                              ../microproc_bsp/\libhal_bsp.a(alt_sys_init.o) (altera_nios2_gen2_irq_init)
c:/altera/15.1/nios2eds/bin/gnu/h-x86_64-mingw32/bin/../lib/gcc/nios2-elf/4.9.2/../../../../../H-x86_64-mingw32/nios2-elf/lib/mno-hw-mul\libsmallc.a(lib_a-strlen.o)
                              ../microproc_bsp/\libhal_bsp.a(alt_putstr.o) (strlen)
c:/altera/15.1/nios2eds/bin/gnu/h-x86_64-mingw32/bin/../lib/gcc/nios2-elf/4.9.2/mno-hw-mul\libgcc.a(lib2-divmod.o)
                              ../microproc_bsp/\libhal_bsp.a(alt_busy_sleep.o) (__udivsi3)
c:/altera/15.1/nios2eds/bin/gnu/h-x86_64-mingw32/bin/../lib/gcc/nios2-elf/4.9.2/mno-hw-mul\libgcc.a(lib2-mul.o)
                              ../microproc_bsp/\libhal_bsp.a(alt_busy_sleep.o) (__mulsi3)

Memory Configuration

Name             Origin             Length             Attributes
reset            0x0000000000001000 0x0000000000000020
onchip_memory    0x0000000000001020 0x0000000000000fe0
*default*        0x0000000000000000 0xffffffffffffffff

Linker script and memory map

LOAD ../microproc_bsp//obj/HAL/src/crt0.o
LOAD obj/default/hello_world_small.o
LOAD c:/altera/15.1/nios2eds/bin/gnu/h-x86_64-mingw32/bin/../lib/gcc/nios2-elf/4.9.2/../../../../../H-x86_64-mingw32/nios2-elf/lib/mno-hw-mul\libstdc++.a
LOAD c:/altera/15.1/nios2eds/bin/gnu/h-x86_64-mingw32/bin/../lib/gcc/nios2-elf/4.9.2/../../../../../H-x86_64-mingw32/nios2-elf/lib/mno-hw-mul\libm.a
LOAD c:/altera/15.1/nios2eds/bin/gnu/h-x86_64-mingw32/bin/../lib/gcc/nios2-elf/4.9.2/mno-hw-mul\libgcc.a
START GROUP
LOAD c:/altera/15.1/nios2eds/bin/gnu/h-x86_64-mingw32/bin/../lib/gcc/nios2-elf/4.9.2/../../../../../H-x86_64-mingw32/nios2-elf/lib/mno-hw-mul\libsmallc.a
LOAD c:/altera/15.1/nios2eds/bin/gnu/h-x86_64-mingw32/bin/../lib/gcc/nios2-elf/4.9.2/mno-hw-mul\libgcc.a
LOAD ../microproc_bsp/\libhal_bsp.a
LOAD c:/altera/15.1/nios2eds/bin/gnu/h-x86_64-mingw32/bin/../lib/gcc/nios2-elf/4.9.2/../../../../../H-x86_64-mingw32/nios2-elf/lib/mno-hw-mul\libm.a
END GROUP
LOAD c:/altera/15.1/nios2eds/bin/gnu/h-x86_64-mingw32/bin/../lib/gcc/nios2-elf/4.9.2/mno-hw-mul\libgcc.a
                0x0000000000001000                __alt_mem_onchip_memory = 0x1000

.entry          0x0000000000001000       0x20
 *(.entry)
 .entry         0x0000000000001000       0x20 ../microproc_bsp//obj/HAL/src/crt0.o
                0x0000000000001000                __reset
                0x000000000000100c                _exit

.exceptions     0x0000000000001020        0x0
                0x0000000000001020                PROVIDE (__ram_exceptions_start, ABSOLUTE (.))
                0x0000000000001020                . = ALIGN (0x20)
 *(.irq)
 *(.exceptions.entry.label)
 *(.exceptions.entry.user)
 *(.exceptions.entry.ecc_fatal)
 *(.exceptions.entry)
 *(.exceptions.irqtest.user)
 *(.exceptions.irqtest)
 *(.exceptions.irqhandler.user)
 *(.exceptions.irqhandler)
 *(.exceptions.irqreturn.user)
 *(.exceptions.irqreturn)
 *(.exceptions.notirq.label)
 *(.exceptions.notirq.user)
 *(.exceptions.notirq)
 *(.exceptions.soft.user)
 *(.exceptions.soft)
 *(.exceptions.unknown.user)
 *(.exceptions.unknown)
 *(.exceptions.exit.label)
 *(.exceptions.exit.user)
 *(.exceptions.exit)
 *(.exceptions)
                0x0000000000001020                PROVIDE (__ram_exceptions_end, ABSOLUTE (.))
                0x0000000000001020                PROVIDE (__flash_exceptions_start, LOADADDR (.exceptions))

.text           0x0000000000001020      0x660
                0x0000000000001020                PROVIDE (stext, ABSOLUTE (.))
 *(.interp)
 *(.hash)
 *(.dynsym)
 *(.dynstr)
 *(.gnu.version)
 *(.gnu.version_d)
 *(.gnu.version_r)
 *(.rel.init)
 *(.rela.init)
 *(.rel.text .rel.text.* .rel.gnu.linkonce.t.*)
 *(.rela.text .rela.text.* .rela.gnu.linkonce.t.*)
 *(.rel.fini)
 *(.rela.fini)
 *(.rel.rodata .rel.rodata.* .rel.gnu.linkonce.r.*)
 *(.rela.rodata .rela.rodata.* .rela.gnu.linkonce.r.*)
 *(.rel.data .rel.data.* .rel.gnu.linkonce.d.*)
 *(.rela.data .rela.data.* .rela.gnu.linkonce.d.*)
 *(.rel.tdata .rel.tdata.* .rel.gnu.linkonce.td.*)
 *(.rela.tdata .rela.tdata.* .rela.gnu.linkonce.td.*)
 *(.rel.tbss .rel.tbss.* .rel.gnu.linkonce.tb.*)
 *(.rela.tbss .rela.tbss.* .rela.gnu.linkonce.tb.*)
 *(.rel.ctors)
 *(.rela.ctors)
 *(.rel.dtors)
 *(.rela.dtors)
 *(.rel.got)
 *(.rela.got)
 *(.rel.sdata .rel.sdata.* .rel.gnu.linkonce.s.*)
 *(.rela.sdata .rela.sdata.* .rela.gnu.linkonce.s.*)
 *(.rel.sbss .rel.sbss.* .rel.gnu.linkonce.sb.*)
 *(.rela.sbss .rela.sbss.* .rela.gnu.linkonce.sb.*)
 *(.rel.sdata2 .rel.sdata2.* .rel.gnu.linkonce.s2.*)
 *(.rela.sdata2 .rela.sdata2.* .rela.gnu.linkonce.s2.*)
 *(.rel.sbss2 .rel.sbss2.* .rel.gnu.linkonce.sb2.*)
 *(.rela.sbss2 .rela.sbss2.* .rela.gnu.linkonce.sb2.*)
 *(.rel.bss .rel.bss.* .rel.gnu.linkonce.b.*)
 *(.rela.bss .rela.bss.* .rela.gnu.linkonce.b.*)
 *(.rel.plt)
 *(.rela.plt)
 *(.rel.dyn)
 *(.init)
 *(.plt)
 *(.text .stub .text.* .gnu.linkonce.t.*)
 .text          0x0000000000001020       0x3c ../microproc_bsp//obj/HAL/src/crt0.o
                0x0000000000001020                _start
 .text          0x000000000000105c       0x88 obj/default/hello_world_small.o
                0x000000000000105c                send
                0x00000000000010c4                getPlayerNum
 .text.startup  0x00000000000010e4       0xec obj/default/hello_world_small.o
                0x00000000000010e4                main
 .text          0x00000000000011d0       0x44 ../microproc_bsp/\libhal_bsp.a(alt_getchar.o)
                0x00000000000011d0                alt_getchar
 .text          0x0000000000001214       0xf8 ../microproc_bsp/\libhal_bsp.a(alt_load.o)
                0x0000000000001214                alt_load
 .text          0x000000000000130c       0x2c ../microproc_bsp/\libhal_bsp.a(alt_main.o)
                0x000000000000130c                alt_main
 .text          0x0000000000001338       0x48 ../microproc_bsp/\libhal_bsp.a(alt_putchar.o)
                0x0000000000001338                alt_putchar
 .text          0x0000000000001380       0x38 ../microproc_bsp/\libhal_bsp.a(alt_putstr.o)
                0x0000000000001380                alt_putstr
 .text          0x00000000000013b8        0x4 ../microproc_bsp/\libhal_bsp.a(alt_usleep.o)
                0x00000000000013b8                usleep
 .text          0x00000000000013bc       0x24 ../microproc_bsp/\libhal_bsp.a(alt_sys_init.o)
                0x00000000000013bc                alt_irq_init
                0x00000000000013dc                alt_sys_init
 .text          0x00000000000013e0       0x5c ../microproc_bsp/\libhal_bsp.a(altera_avalon_jtag_uart_read.o)
                0x00000000000013e0                altera_avalon_jtag_uart_read
 .text          0x000000000000143c       0x34 ../microproc_bsp/\libhal_bsp.a(altera_avalon_jtag_uart_write.o)
                0x000000000000143c                altera_avalon_jtag_uart_write
 .text          0x0000000000001470       0x88 ../microproc_bsp/\libhal_bsp.a(alt_busy_sleep.o)
                0x0000000000001470                alt_busy_sleep
 .text          0x00000000000014f8        0x4 ../microproc_bsp/\libhal_bsp.a(alt_dcache_flush_all.o)
                0x00000000000014f8                alt_dcache_flush_all
 .text          0x00000000000014fc        0x8 ../microproc_bsp/\libhal_bsp.a(alt_dev.o)
 .text          0x0000000000001504        0x4 ../microproc_bsp/\libhal_bsp.a(alt_icache_flush_all.o)
                0x0000000000001504                alt_icache_flush_all
 .text          0x0000000000001508        0x8 ../microproc_bsp/\libhal_bsp.a(altera_nios2_gen2_irq.o)
                0x0000000000001508                altera_nios2_gen2_irq_init
 .text          0x0000000000001510        0x0 c:/altera/15.1/nios2eds/bin/gnu/h-x86_64-mingw32/bin/../lib/gcc/nios2-elf/4.9.2/../../../../../H-x86_64-mingw32/nios2-elf/lib/mno-hw-mul\libsmallc.a(lib_a-strlen.o)
 .text.strlen   0x0000000000001510       0x1c c:/altera/15.1/nios2eds/bin/gnu/h-x86_64-mingw32/bin/../lib/gcc/nios2-elf/4.9.2/../../../../../H-x86_64-mingw32/nios2-elf/lib/mno-hw-mul\libsmallc.a(lib_a-strlen.o)
                0x0000000000001510                strlen
 .text          0x000000000000152c      0x12c c:/altera/15.1/nios2eds/bin/gnu/h-x86_64-mingw32/bin/../lib/gcc/nios2-elf/4.9.2/mno-hw-mul\libgcc.a(lib2-divmod.o)
                0x0000000000001598                __divsi3
                0x00000000000015ec                __modsi3
                0x0000000000001648                __udivsi3
                0x0000000000001650                __umodsi3
 .text          0x0000000000001658       0x28 c:/altera/15.1/nios2eds/bin/gnu/h-x86_64-mingw32/bin/../lib/gcc/nios2-elf/4.9.2/mno-hw-mul\libgcc.a(lib2-mul.o)
                0x0000000000001658                __mulsi3
 *(.gnu.warning.*)
 *(.fini)
                0x0000000000001680                PROVIDE (__etext, ABSOLUTE (.))
                0x0000000000001680                PROVIDE (_etext, ABSOLUTE (.))
                0x0000000000001680                PROVIDE (etext, ABSOLUTE (.))
 *(.eh_frame_hdr)
                0x0000000000001680                . = ALIGN (0x4)
                0x0000000000001680                PROVIDE (__preinit_array_start, ABSOLUTE (.))
 *(.preinit_array)
                0x0000000000001680                PROVIDE (__preinit_array_end, ABSOLUTE (.))
                0x0000000000001680                PROVIDE (__init_array_start, ABSOLUTE (.))
 *(.init_array)
                0x0000000000001680                PROVIDE (__init_array_end, ABSOLUTE (.))
                0x0000000000001680                PROVIDE (__fini_array_start, ABSOLUTE (.))
 *(.fini_array)
                0x0000000000001680                PROVIDE (__fini_array_end, ABSOLUTE (.))
 *(.eh_frame)
 *(.gcc_except_table .gcc_except_table.*)
 *(.dynamic)
                0x0000000000001680                PROVIDE (__CTOR_LIST__, ABSOLUTE (.))
 *(.ctors)
 *(SORT(.ctors.*))
                0x0000000000001680                PROVIDE (__CTOR_END__, ABSOLUTE (.))
                0x0000000000001680                PROVIDE (__DTOR_LIST__, ABSOLUTE (.))
 *(.dtors)
 *(SORT(.dtors.*))
                0x0000000000001680                PROVIDE (__DTOR_END__, ABSOLUTE (.))
 *(.jcr)
                0x0000000000001680                . = ALIGN (0x4)

.rodata         0x0000000000001680       0x80
                0x0000000000001680                PROVIDE (__ram_rodata_start, ABSOLUTE (.))
                0x0000000000001680                . = ALIGN (0x4)
 *(.rodata .rodata.* .gnu.linkonce.r.*)
 .rodata.str1.4
                0x0000000000001680       0x71 obj/default/hello_world_small.o
                                         0x74 (size before relaxing)
 *fill*         0x00000000000016f1        0x3 
 .rodata.str1.4
                0x00000000000016f4        0xc ../microproc_bsp/\libhal_bsp.a(alt_dev.o)
 *(.rodata1)
                0x0000000000001700                . = ALIGN (0x4)
                0x0000000000001700                PROVIDE (__ram_rodata_end, ABSOLUTE (.))
                0x0000000000001680                PROVIDE (__flash_rodata_start, LOADADDR (.rodata))

.rwdata         0x0000000000001700       0x70 load address 0x0000000000001770
                0x0000000000001700                PROVIDE (__ram_rwdata_start, ABSOLUTE (.))
                0x0000000000001700                . = ALIGN (0x4)
 *(.got.plt)
 *(.got)
 *(.data1)
 *(.data .data.* .gnu.linkonce.d.*)
 .data          0x0000000000001700        0x0 ../microproc_bsp//obj/HAL/src/crt0.o
 .data          0x0000000000001700        0x0 obj/default/hello_world_small.o
 .data          0x0000000000001700        0x0 ../microproc_bsp/\libhal_bsp.a(alt_getchar.o)
 .data          0x0000000000001700        0x0 ../microproc_bsp/\libhal_bsp.a(alt_load.o)
 .data          0x0000000000001700        0x0 ../microproc_bsp/\libhal_bsp.a(alt_main.o)
 .data          0x0000000000001700        0x0 ../microproc_bsp/\libhal_bsp.a(alt_putchar.o)
 .data          0x0000000000001700        0x0 ../microproc_bsp/\libhal_bsp.a(alt_putstr.o)
 .data          0x0000000000001700        0x0 ../microproc_bsp/\libhal_bsp.a(alt_usleep.o)
 .data          0x0000000000001700        0x0 ../microproc_bsp/\libhal_bsp.a(alt_sys_init.o)
 .data          0x0000000000001700        0x0 ../microproc_bsp/\libhal_bsp.a(altera_avalon_jtag_uart_read.o)
 .data          0x0000000000001700        0x0 ../microproc_bsp/\libhal_bsp.a(altera_avalon_jtag_uart_write.o)
 .data          0x0000000000001700        0x0 ../microproc_bsp/\libhal_bsp.a(alt_busy_sleep.o)
 .data          0x0000000000001700        0x0 ../microproc_bsp/\libhal_bsp.a(alt_dcache_flush_all.o)
 .data          0x0000000000001700       0x58 ../microproc_bsp/\libhal_bsp.a(alt_dev.o)
                0x0000000000001700                alt_fd_list
                0x0000000000001730                alt_dev_null
 .data          0x0000000000001758        0x0 ../microproc_bsp/\libhal_bsp.a(alt_icache_flush_all.o)
 .data          0x0000000000001758        0x0 ../microproc_bsp/\libhal_bsp.a(altera_nios2_gen2_irq.o)
 .data          0x0000000000001758        0x0 c:/altera/15.1/nios2eds/bin/gnu/h-x86_64-mingw32/bin/../lib/gcc/nios2-elf/4.9.2/../../../../../H-x86_64-mingw32/nios2-elf/lib/mno-hw-mul\libsmallc.a(lib_a-strlen.o)
 .data          0x0000000000001758        0x0 c:/altera/15.1/nios2eds/bin/gnu/h-x86_64-mingw32/bin/../lib/gcc/nios2-elf/4.9.2/mno-hw-mul\libgcc.a(lib2-divmod.o)
 .data          0x0000000000001758        0x0 c:/altera/15.1/nios2eds/bin/gnu/h-x86_64-mingw32/bin/../lib/gcc/nios2-elf/4.9.2/mno-hw-mul\libgcc.a(lib2-mul.o)
                0x0000000000009758                _gp = ABSOLUTE ((. + 0x8000))
                0x0000000000009758                PROVIDE (gp, _gp)
 *(.rwdata .rwdata.*)
 *(.sdata .sdata.* .gnu.linkonce.s.*)
 .sdata         0x0000000000001758        0x4 ../microproc_bsp/\libhal_bsp.a(alt_sys_init.o)
                0x0000000000001758                jtag_uart
 .sdata         0x000000000000175c       0x14 ../microproc_bsp/\libhal_bsp.a(alt_dev.o)
                0x000000000000175c                alt_max_fd
                0x0000000000001760                alt_dev_list
                0x0000000000001768                alt_fs_list
 *(.sdata2 .sdata2.* .gnu.linkonce.s2.*)
                0x0000000000001770                . = ALIGN (0x4)
                0x0000000000001770                _edata = ABSOLUTE (.)
                0x0000000000001770                PROVIDE (edata, ABSOLUTE (.))
                0x0000000000001770                PROVIDE (__ram_rwdata_end, ABSOLUTE (.))
                0x0000000000001770                PROVIDE (__flash_rwdata_start, LOADADDR (.rwdata))

.bss            0x00000000000017e0        0xc
                0x00000000000017e0                __bss_start = ABSOLUTE (.)
                0x00000000000017e0                PROVIDE (__sbss_start, ABSOLUTE (.))
                0x00000000000017e0                PROVIDE (___sbss_start, ABSOLUTE (.))
 *(.dynsbss)
 *(.sbss .sbss.* .gnu.linkonce.sb.*)
 .sbss          0x00000000000017e0        0xc ../microproc_bsp/\libhal_bsp.a(alt_main.o)
                0x00000000000017e0                alt_envp
                0x00000000000017e4                alt_argv
                0x00000000000017e8                alt_argc
 *(.sbss2 .sbss2.* .gnu.linkonce.sb2.*)
 *(.scommon)
                0x00000000000017ec                PROVIDE (__sbss_end, ABSOLUTE (.))
                0x00000000000017ec                PROVIDE (___sbss_end, ABSOLUTE (.))
 *(.dynbss)
 *(.bss .bss.* .gnu.linkonce.b.*)
 .bss           0x00000000000017ec        0x0 ../microproc_bsp//obj/HAL/src/crt0.o
 .bss           0x00000000000017ec        0x0 obj/default/hello_world_small.o
 .bss           0x00000000000017ec        0x0 ../microproc_bsp/\libhal_bsp.a(alt_getchar.o)
 .bss           0x00000000000017ec        0x0 ../microproc_bsp/\libhal_bsp.a(alt_load.o)
 .bss           0x00000000000017ec        0x0 ../microproc_bsp/\libhal_bsp.a(alt_main.o)
 .bss           0x00000000000017ec        0x0 ../microproc_bsp/\libhal_bsp.a(alt_putchar.o)
 .bss           0x00000000000017ec        0x0 ../microproc_bsp/\libhal_bsp.a(alt_putstr.o)
 .bss           0x00000000000017ec        0x0 ../microproc_bsp/\libhal_bsp.a(alt_usleep.o)
 .bss           0x00000000000017ec        0x0 ../microproc_bsp/\libhal_bsp.a(alt_sys_init.o)
 .bss           0x00000000000017ec        0x0 ../microproc_bsp/\libhal_bsp.a(altera_avalon_jtag_uart_read.o)
 .bss           0x00000000000017ec        0x0 ../microproc_bsp/\libhal_bsp.a(altera_avalon_jtag_uart_write.o)
 .bss           0x00000000000017ec        0x0 ../microproc_bsp/\libhal_bsp.a(alt_busy_sleep.o)
 .bss           0x00000000000017ec        0x0 ../microproc_bsp/\libhal_bsp.a(alt_dcache_flush_all.o)
 .bss           0x00000000000017ec        0x0 ../microproc_bsp/\libhal_bsp.a(alt_dev.o)
 .bss           0x00000000000017ec        0x0 ../microproc_bsp/\libhal_bsp.a(alt_icache_flush_all.o)
 .bss           0x00000000000017ec        0x0 ../microproc_bsp/\libhal_bsp.a(altera_nios2_gen2_irq.o)
 .bss           0x00000000000017ec        0x0 c:/altera/15.1/nios2eds/bin/gnu/h-x86_64-mingw32/bin/../lib/gcc/nios2-elf/4.9.2/../../../../../H-x86_64-mingw32/nios2-elf/lib/mno-hw-mul\libsmallc.a(lib_a-strlen.o)
 .bss           0x00000000000017ec        0x0 c:/altera/15.1/nios2eds/bin/gnu/h-x86_64-mingw32/bin/../lib/gcc/nios2-elf/4.9.2/mno-hw-mul\libgcc.a(lib2-divmod.o)
 .bss           0x00000000000017ec        0x0 c:/altera/15.1/nios2eds/bin/gnu/h-x86_64-mingw32/bin/../lib/gcc/nios2-elf/4.9.2/mno-hw-mul\libgcc.a(lib2-mul.o)
 *(COMMON)
                0x00000000000017ec                . = ALIGN (0x4)
                0x00000000000017ec                __bss_end = ABSOLUTE (.)

.onchip_memory  0x00000000000017ec        0x0
                0x00000000000017ec                PROVIDE (_alt_partition_onchip_memory_start, ABSOLUTE (.))
 *(.onchip_memory .onchip_memory. onchip_memory.*)
                0x00000000000017ec                . = ALIGN (0x4)
                0x00000000000017ec                PROVIDE (_alt_partition_onchip_memory_end, ABSOLUTE (.))
                0x00000000000017ec                _end = ABSOLUTE (.)
                0x00000000000017ec                end = ABSOLUTE (.)
                0x00000000000017ec                __alt_stack_base = ABSOLUTE (.)
                0x00000000000017ec                PROVIDE (_alt_partition_onchip_memory_load_addr, LOADADDR (.onchip_memory))

.stab
 *(.stab)

.stabstr
 *(.stabstr)

.stab.excl
 *(.stab.excl)

.stab.exclstr
 *(.stab.exclstr)

.stab.index
 *(.stab.index)

.stab.indexstr
 *(.stab.indexstr)

.comment        0x0000000000000000       0x23
 *(.comment)
 .comment       0x0000000000000000       0x23 obj/default/hello_world_small.o
                                         0x24 (size before relaxing)
 .comment       0x0000000000000000       0x24 ../microproc_bsp/\libhal_bsp.a(alt_getchar.o)
 .comment       0x0000000000000000       0x24 ../microproc_bsp/\libhal_bsp.a(alt_load.o)
 .comment       0x0000000000000000       0x24 ../microproc_bsp/\libhal_bsp.a(alt_main.o)
 .comment       0x0000000000000000       0x24 ../microproc_bsp/\libhal_bsp.a(alt_putchar.o)
 .comment       0x0000000000000000       0x24 ../microproc_bsp/\libhal_bsp.a(alt_putstr.o)
 .comment       0x0000000000000000       0x24 ../microproc_bsp/\libhal_bsp.a(alt_usleep.o)
 .comment       0x0000000000000000       0x24 ../microproc_bsp/\libhal_bsp.a(alt_sys_init.o)
 .comment       0x0000000000000000       0x24 ../microproc_bsp/\libhal_bsp.a(altera_avalon_jtag_uart_read.o)
 .comment       0x0000000000000000       0x24 ../microproc_bsp/\libhal_bsp.a(altera_avalon_jtag_uart_write.o)
 .comment       0x0000000000000000       0x24 ../microproc_bsp/\libhal_bsp.a(alt_busy_sleep.o)
 .comment       0x0000000000000000       0x24 ../microproc_bsp/\libhal_bsp.a(alt_dcache_flush_all.o)
 .comment       0x0000000000000000       0x24 ../microproc_bsp/\libhal_bsp.a(alt_dev.o)
 .comment       0x0000000000000000       0x24 ../microproc_bsp/\libhal_bsp.a(alt_icache_flush_all.o)
 .comment       0x0000000000000000       0x24 ../microproc_bsp/\libhal_bsp.a(altera_nios2_gen2_irq.o)
 .comment       0x0000000000000000       0x24 c:/altera/15.1/nios2eds/bin/gnu/h-x86_64-mingw32/bin/../lib/gcc/nios2-elf/4.9.2/../../../../../H-x86_64-mingw32/nios2-elf/lib/mno-hw-mul\libsmallc.a(lib_a-strlen.o)
 .comment       0x0000000000000000       0x24 c:/altera/15.1/nios2eds/bin/gnu/h-x86_64-mingw32/bin/../lib/gcc/nios2-elf/4.9.2/mno-hw-mul\libgcc.a(lib2-divmod.o)
 .comment       0x0000000000000000       0x24 c:/altera/15.1/nios2eds/bin/gnu/h-x86_64-mingw32/bin/../lib/gcc/nios2-elf/4.9.2/mno-hw-mul\libgcc.a(lib2-mul.o)

.debug
 *(.debug)

.line
 *(.line)

.debug_srcinfo
 *(.debug_srcinfo)

.debug_sfnames
 *(.debug_sfnames)

.debug_aranges  0x0000000000000000      0x270
 *(.debug_aranges)
 .debug_aranges
                0x0000000000000000       0x28 ../microproc_bsp//obj/HAL/src/crt0.o
 .debug_aranges
                0x0000000000000028       0x28 obj/default/hello_world_small.o
 .debug_aranges
                0x0000000000000050       0x20 ../microproc_bsp/\libhal_bsp.a(alt_getchar.o)
 .debug_aranges
                0x0000000000000070       0x20 ../microproc_bsp/\libhal_bsp.a(alt_load.o)
 .debug_aranges
                0x0000000000000090       0x20 ../microproc_bsp/\libhal_bsp.a(alt_main.o)
 .debug_aranges
                0x00000000000000b0       0x20 ../microproc_bsp/\libhal_bsp.a(alt_putchar.o)
 .debug_aranges
                0x00000000000000d0       0x20 ../microproc_bsp/\libhal_bsp.a(alt_putstr.o)
 .debug_aranges
                0x00000000000000f0       0x20 ../microproc_bsp/\libhal_bsp.a(alt_usleep.o)
 .debug_aranges
                0x0000000000000110       0x20 ../microproc_bsp/\libhal_bsp.a(alt_sys_init.o)
 .debug_aranges
                0x0000000000000130       0x20 ../microproc_bsp/\libhal_bsp.a(altera_avalon_jtag_uart_read.o)
 .debug_aranges
                0x0000000000000150       0x20 ../microproc_bsp/\libhal_bsp.a(altera_avalon_jtag_uart_write.o)
 .debug_aranges
                0x0000000000000170       0x20 ../microproc_bsp/\libhal_bsp.a(alt_busy_sleep.o)
 .debug_aranges
                0x0000000000000190       0x20 ../microproc_bsp/\libhal_bsp.a(alt_dcache_flush_all.o)
 .debug_aranges
                0x00000000000001b0       0x20 ../microproc_bsp/\libhal_bsp.a(alt_dev.o)
 .debug_aranges
                0x00000000000001d0       0x20 ../microproc_bsp/\libhal_bsp.a(alt_icache_flush_all.o)
 .debug_aranges
                0x00000000000001f0       0x20 ../microproc_bsp/\libhal_bsp.a(altera_nios2_gen2_irq.o)
 .debug_aranges
                0x0000000000000210       0x20 c:/altera/15.1/nios2eds/bin/gnu/h-x86_64-mingw32/bin/../lib/gcc/nios2-elf/4.9.2/../../../../../H-x86_64-mingw32/nios2-elf/lib/mno-hw-mul\libsmallc.a(lib_a-strlen.o)
 .debug_aranges
                0x0000000000000230       0x20 c:/altera/15.1/nios2eds/bin/gnu/h-x86_64-mingw32/bin/../lib/gcc/nios2-elf/4.9.2/mno-hw-mul\libgcc.a(lib2-divmod.o)
 .debug_aranges
                0x0000000000000250       0x20 c:/altera/15.1/nios2eds/bin/gnu/h-x86_64-mingw32/bin/../lib/gcc/nios2-elf/4.9.2/mno-hw-mul\libgcc.a(lib2-mul.o)

.debug_pubnames
 *(.debug_pubnames)

.debug_info     0x0000000000000000     0x1c0c
 *(.debug_info .gnu.linkonce.wi.*)
 .debug_info    0x0000000000000000       0x6c ../microproc_bsp//obj/HAL/src/crt0.o
 .debug_info    0x000000000000006c      0x266 obj/default/hello_world_small.o
 .debug_info    0x00000000000002d2      0x33b ../microproc_bsp/\libhal_bsp.a(alt_getchar.o)
 .debug_info    0x000000000000060d      0x1ba ../microproc_bsp/\libhal_bsp.a(alt_load.o)
 .debug_info    0x00000000000007c7      0x17b ../microproc_bsp/\libhal_bsp.a(alt_main.o)
 .debug_info    0x0000000000000942      0x138 ../microproc_bsp/\libhal_bsp.a(alt_putchar.o)
 .debug_info    0x0000000000000a7a      0x15d ../microproc_bsp/\libhal_bsp.a(alt_putstr.o)
 .debug_info    0x0000000000000bd7       0xd0 ../microproc_bsp/\libhal_bsp.a(alt_usleep.o)
 .debug_info    0x0000000000000ca7      0x17a ../microproc_bsp/\libhal_bsp.a(alt_sys_init.o)
 .debug_info    0x0000000000000e21      0x1ad ../microproc_bsp/\libhal_bsp.a(altera_avalon_jtag_uart_read.o)
 .debug_info    0x0000000000000fce      0x190 ../microproc_bsp/\libhal_bsp.a(altera_avalon_jtag_uart_write.o)
 .debug_info    0x000000000000115e       0xd1 ../microproc_bsp/\libhal_bsp.a(alt_busy_sleep.o)
 .debug_info    0x000000000000122f       0x8b ../microproc_bsp/\libhal_bsp.a(alt_dcache_flush_all.o)
 .debug_info    0x00000000000012ba      0x492 ../microproc_bsp/\libhal_bsp.a(alt_dev.o)
 .debug_info    0x000000000000174c       0x8b ../microproc_bsp/\libhal_bsp.a(alt_icache_flush_all.o)
 .debug_info    0x00000000000017d7       0x8b ../microproc_bsp/\libhal_bsp.a(altera_nios2_gen2_irq.o)
 .debug_info    0x0000000000001862       0xc2 c:/altera/15.1/nios2eds/bin/gnu/h-x86_64-mingw32/bin/../lib/gcc/nios2-elf/4.9.2/../../../../../H-x86_64-mingw32/nios2-elf/lib/mno-hw-mul\libsmallc.a(lib_a-strlen.o)
 .debug_info    0x0000000000001924      0x234 c:/altera/15.1/nios2eds/bin/gnu/h-x86_64-mingw32/bin/../lib/gcc/nios2-elf/4.9.2/mno-hw-mul\libgcc.a(lib2-divmod.o)
 .debug_info    0x0000000000001b58       0xb4 c:/altera/15.1/nios2eds/bin/gnu/h-x86_64-mingw32/bin/../lib/gcc/nios2-elf/4.9.2/mno-hw-mul\libgcc.a(lib2-mul.o)

.debug_abbrev   0x0000000000000000      0xd6e
 *(.debug_abbrev)
 .debug_abbrev  0x0000000000000000       0x12 ../microproc_bsp//obj/HAL/src/crt0.o
 .debug_abbrev  0x0000000000000012      0x128 obj/default/hello_world_small.o
 .debug_abbrev  0x000000000000013a      0x11f ../microproc_bsp/\libhal_bsp.a(alt_getchar.o)
 .debug_abbrev  0x0000000000000259       0xd8 ../microproc_bsp/\libhal_bsp.a(alt_load.o)
 .debug_abbrev  0x0000000000000331      0x120 ../microproc_bsp/\libhal_bsp.a(alt_main.o)
 .debug_abbrev  0x0000000000000451       0xd4 ../microproc_bsp/\libhal_bsp.a(alt_putchar.o)
 .debug_abbrev  0x0000000000000525       0xe2 ../microproc_bsp/\libhal_bsp.a(alt_putstr.o)
 .debug_abbrev  0x0000000000000607       0x96 ../microproc_bsp/\libhal_bsp.a(alt_usleep.o)
 .debug_abbrev  0x000000000000069d      0x107 ../microproc_bsp/\libhal_bsp.a(alt_sys_init.o)
 .debug_abbrev  0x00000000000007a4      0x102 ../microproc_bsp/\libhal_bsp.a(altera_avalon_jtag_uart_read.o)
 .debug_abbrev  0x00000000000008a6       0xd5 ../microproc_bsp/\libhal_bsp.a(altera_avalon_jtag_uart_write.o)
 .debug_abbrev  0x000000000000097b       0x8d ../microproc_bsp/\libhal_bsp.a(alt_busy_sleep.o)
 .debug_abbrev  0x0000000000000a08       0x42 ../microproc_bsp/\libhal_bsp.a(alt_dcache_flush_all.o)
 .debug_abbrev  0x0000000000000a4a       0xd9 ../microproc_bsp/\libhal_bsp.a(alt_dev.o)
 .debug_abbrev  0x0000000000000b23       0x42 ../microproc_bsp/\libhal_bsp.a(alt_icache_flush_all.o)
 .debug_abbrev  0x0000000000000b65       0x42 ../microproc_bsp/\libhal_bsp.a(altera_nios2_gen2_irq.o)
 .debug_abbrev  0x0000000000000ba7       0x7f c:/altera/15.1/nios2eds/bin/gnu/h-x86_64-mingw32/bin/../lib/gcc/nios2-elf/4.9.2/../../../../../H-x86_64-mingw32/nios2-elf/lib/mno-hw-mul\libsmallc.a(lib_a-strlen.o)
 .debug_abbrev  0x0000000000000c26       0xd9 c:/altera/15.1/nios2eds/bin/gnu/h-x86_64-mingw32/bin/../lib/gcc/nios2-elf/4.9.2/mno-hw-mul\libgcc.a(lib2-divmod.o)
 .debug_abbrev  0x0000000000000cff       0x6f c:/altera/15.1/nios2eds/bin/gnu/h-x86_64-mingw32/bin/../lib/gcc/nios2-elf/4.9.2/mno-hw-mul\libgcc.a(lib2-mul.o)

.debug_line     0x0000000000000000      0xd6c
 *(.debug_line)
 .debug_line    0x0000000000000000       0x66 ../microproc_bsp//obj/HAL/src/crt0.o
 .debug_line    0x0000000000000066       0xb2 obj/default/hello_world_small.o
 .debug_line    0x0000000000000118       0xb7 ../microproc_bsp/\libhal_bsp.a(alt_getchar.o)
 .debug_line    0x00000000000001cf       0xa6 ../microproc_bsp/\libhal_bsp.a(alt_load.o)
 .debug_line    0x0000000000000275       0xbd ../microproc_bsp/\libhal_bsp.a(alt_main.o)
 .debug_line    0x0000000000000332       0x55 ../microproc_bsp/\libhal_bsp.a(alt_putchar.o)
 .debug_line    0x0000000000000387       0xf5 ../microproc_bsp/\libhal_bsp.a(alt_putstr.o)
 .debug_line    0x000000000000047c       0xc7 ../microproc_bsp/\libhal_bsp.a(alt_usleep.o)
 .debug_line    0x0000000000000543      0x101 ../microproc_bsp/\libhal_bsp.a(alt_sys_init.o)
 .debug_line    0x0000000000000644       0xfb ../microproc_bsp/\libhal_bsp.a(altera_avalon_jtag_uart_read.o)
 .debug_line    0x000000000000073f       0xf0 ../microproc_bsp/\libhal_bsp.a(altera_avalon_jtag_uart_write.o)
 .debug_line    0x000000000000082f       0xc0 ../microproc_bsp/\libhal_bsp.a(alt_busy_sleep.o)
 .debug_line    0x00000000000008ef       0x4e ../microproc_bsp/\libhal_bsp.a(alt_dcache_flush_all.o)
 .debug_line    0x000000000000093d       0xee ../microproc_bsp/\libhal_bsp.a(alt_dev.o)
 .debug_line    0x0000000000000a2b       0x4e ../microproc_bsp/\libhal_bsp.a(alt_icache_flush_all.o)
 .debug_line    0x0000000000000a79       0x50 ../microproc_bsp/\libhal_bsp.a(altera_nios2_gen2_irq.o)
 .debug_line    0x0000000000000ac9      0x15c c:/altera/15.1/nios2eds/bin/gnu/h-x86_64-mingw32/bin/../lib/gcc/nios2-elf/4.9.2/../../../../../H-x86_64-mingw32/nios2-elf/lib/mno-hw-mul\libsmallc.a(lib_a-strlen.o)
 .debug_line    0x0000000000000c25       0xc7 c:/altera/15.1/nios2eds/bin/gnu/h-x86_64-mingw32/bin/../lib/gcc/nios2-elf/4.9.2/mno-hw-mul\libgcc.a(lib2-divmod.o)
 .debug_line    0x0000000000000cec       0x80 c:/altera/15.1/nios2eds/bin/gnu/h-x86_64-mingw32/bin/../lib/gcc/nios2-elf/4.9.2/mno-hw-mul\libgcc.a(lib2-mul.o)

.debug_frame    0x0000000000000000      0x36c
 *(.debug_frame)
 .debug_frame   0x0000000000000000       0x6c obj/default/hello_world_small.o
 .debug_frame   0x000000000000006c       0x2c ../microproc_bsp/\libhal_bsp.a(alt_getchar.o)
 .debug_frame   0x0000000000000098       0x30 ../microproc_bsp/\libhal_bsp.a(alt_load.o)
 .debug_frame   0x00000000000000c8       0x2c ../microproc_bsp/\libhal_bsp.a(alt_main.o)
 .debug_frame   0x00000000000000f4       0x30 ../microproc_bsp/\libhal_bsp.a(alt_putchar.o)
 .debug_frame   0x0000000000000124       0x30 ../microproc_bsp/\libhal_bsp.a(alt_putstr.o)
 .debug_frame   0x0000000000000154       0x20 ../microproc_bsp/\libhal_bsp.a(alt_usleep.o)
 .debug_frame   0x0000000000000174       0x3c ../microproc_bsp/\libhal_bsp.a(alt_sys_init.o)
 .debug_frame   0x00000000000001b0       0x20 ../microproc_bsp/\libhal_bsp.a(altera_avalon_jtag_uart_read.o)
 .debug_frame   0x00000000000001d0       0x20 ../microproc_bsp/\libhal_bsp.a(altera_avalon_jtag_uart_write.o)
 .debug_frame   0x00000000000001f0       0x30 ../microproc_bsp/\libhal_bsp.a(alt_busy_sleep.o)
 .debug_frame   0x0000000000000220       0x20 ../microproc_bsp/\libhal_bsp.a(alt_dcache_flush_all.o)
 .debug_frame   0x0000000000000240       0x20 ../microproc_bsp/\libhal_bsp.a(alt_dev.o)
 .debug_frame   0x0000000000000260       0x20 ../microproc_bsp/\libhal_bsp.a(alt_icache_flush_all.o)
 .debug_frame   0x0000000000000280       0x20 ../microproc_bsp/\libhal_bsp.a(altera_nios2_gen2_irq.o)
 .debug_frame   0x00000000000002a0       0x20 c:/altera/15.1/nios2eds/bin/gnu/h-x86_64-mingw32/bin/../lib/gcc/nios2-elf/4.9.2/../../../../../H-x86_64-mingw32/nios2-elf/lib/mno-hw-mul\libsmallc.a(lib_a-strlen.o)
 .debug_frame   0x00000000000002c0       0x8c c:/altera/15.1/nios2eds/bin/gnu/h-x86_64-mingw32/bin/../lib/gcc/nios2-elf/4.9.2/mno-hw-mul\libgcc.a(lib2-divmod.o)
 .debug_frame   0x000000000000034c       0x20 c:/altera/15.1/nios2eds/bin/gnu/h-x86_64-mingw32/bin/../lib/gcc/nios2-elf/4.9.2/mno-hw-mul\libgcc.a(lib2-mul.o)

.debug_str      0x0000000000000000      0x9ef
 *(.debug_str)
 .debug_str     0x0000000000000000      0x12e obj/default/hello_world_small.o
                                        0x16c (size before relaxing)
 .debug_str     0x000000000000012e      0x12b ../microproc_bsp/\libhal_bsp.a(alt_getchar.o)
                                        0x217 (size before relaxing)
 .debug_str     0x0000000000000259      0x11b ../microproc_bsp/\libhal_bsp.a(alt_load.o)
                                        0x21d (size before relaxing)
 .debug_str     0x0000000000000374       0x5e ../microproc_bsp/\libhal_bsp.a(alt_main.o)
                                        0x196 (size before relaxing)
 .debug_str     0x00000000000003d2       0x34 ../microproc_bsp/\libhal_bsp.a(alt_putchar.o)
                                        0x16c (size before relaxing)
 .debug_str     0x0000000000000406       0x23 ../microproc_bsp/\libhal_bsp.a(alt_putstr.o)
                                        0x178 (size before relaxing)
 .debug_str     0x0000000000000429       0x2f ../microproc_bsp/\libhal_bsp.a(alt_usleep.o)
                                        0x138 (size before relaxing)
 .debug_str     0x0000000000000458       0x86 ../microproc_bsp/\libhal_bsp.a(alt_sys_init.o)
                                        0x205 (size before relaxing)
 .debug_str     0x00000000000004de       0x38 ../microproc_bsp/\libhal_bsp.a(altera_avalon_jtag_uart_read.o)
                                        0x200 (size before relaxing)
 .debug_str     0x0000000000000516       0x32 ../microproc_bsp/\libhal_bsp.a(altera_avalon_jtag_uart_write.o)
                                        0x1f6 (size before relaxing)
 .debug_str     0x0000000000000548       0x33 ../microproc_bsp/\libhal_bsp.a(alt_busy_sleep.o)
                                        0x14c (size before relaxing)
 .debug_str     0x000000000000057b       0x1f ../microproc_bsp/\libhal_bsp.a(alt_dcache_flush_all.o)
                                        0x136 (size before relaxing)
 .debug_str     0x000000000000059a      0x120 ../microproc_bsp/\libhal_bsp.a(alt_dev.o)
                                        0x2e6 (size before relaxing)
 .debug_str     0x00000000000006ba       0x1f ../microproc_bsp/\libhal_bsp.a(alt_icache_flush_all.o)
                                        0x136 (size before relaxing)
 .debug_str     0x00000000000006d9       0x20 ../microproc_bsp/\libhal_bsp.a(altera_nios2_gen2_irq.o)
                                        0x13d (size before relaxing)
 .debug_str     0x00000000000006f9      0x131 c:/altera/15.1/nios2eds/bin/gnu/h-x86_64-mingw32/bin/../lib/gcc/nios2-elf/4.9.2/../../../../../H-x86_64-mingw32/nios2-elf/lib/mno-hw-mul\libsmallc.a(lib_a-strlen.o)
                                        0x1d7 (size before relaxing)
 .debug_str     0x000000000000082a      0x185 c:/altera/15.1/nios2eds/bin/gnu/h-x86_64-mingw32/bin/../lib/gcc/nios2-elf/4.9.2/mno-hw-mul\libgcc.a(lib2-divmod.o)
                                        0x1d0 (size before relaxing)
 .debug_str     0x00000000000009af       0x40 c:/altera/15.1/nios2eds/bin/gnu/h-x86_64-mingw32/bin/../lib/gcc/nios2-elf/4.9.2/mno-hw-mul\libgcc.a(lib2-mul.o)
                                        0x191 (size before relaxing)

.debug_loc      0x0000000000000000      0x5ed
 *(.debug_loc)
 .debug_loc     0x0000000000000000       0x65 obj/default/hello_world_small.o
 .debug_loc     0x0000000000000065       0x2c ../microproc_bsp/\libhal_bsp.a(alt_putchar.o)
 .debug_loc     0x0000000000000091       0x37 ../microproc_bsp/\libhal_bsp.a(alt_putstr.o)
 .debug_loc     0x00000000000000c8       0x21 ../microproc_bsp/\libhal_bsp.a(alt_usleep.o)
 .debug_loc     0x00000000000000e9       0x21 ../microproc_bsp/\libhal_bsp.a(alt_sys_init.o)
 .debug_loc     0x000000000000010a       0xcd ../microproc_bsp/\libhal_bsp.a(altera_avalon_jtag_uart_read.o)
 .debug_loc     0x00000000000001d7       0x8b ../microproc_bsp/\libhal_bsp.a(altera_avalon_jtag_uart_write.o)
 .debug_loc     0x0000000000000262       0x67 ../microproc_bsp/\libhal_bsp.a(alt_busy_sleep.o)
 .debug_loc     0x00000000000002c9       0x1e c:/altera/15.1/nios2eds/bin/gnu/h-x86_64-mingw32/bin/../lib/gcc/nios2-elf/4.9.2/../../../../../H-x86_64-mingw32/nios2-elf/lib/mno-hw-mul\libsmallc.a(lib_a-strlen.o)
 .debug_loc     0x00000000000002e7      0x273 c:/altera/15.1/nios2eds/bin/gnu/h-x86_64-mingw32/bin/../lib/gcc/nios2-elf/4.9.2/mno-hw-mul\libgcc.a(lib2-divmod.o)
 .debug_loc     0x000000000000055a       0x93 c:/altera/15.1/nios2eds/bin/gnu/h-x86_64-mingw32/bin/../lib/gcc/nios2-elf/4.9.2/mno-hw-mul\libgcc.a(lib2-mul.o)

.debug_macinfo
 *(.debug_macinfo)

.debug_weaknames
 *(.debug_weaknames)

.debug_funcnames
 *(.debug_funcnames)

.debug_typenames
 *(.debug_typenames)

.debug_varnames
 *(.debug_varnames)

.debug_alt_sim_info
                0x0000000000000000       0x40
 *(.debug_alt_sim_info)
 .debug_alt_sim_info
                0x0000000000000000       0x10 ../microproc_bsp//obj/HAL/src/crt0.o
 .debug_alt_sim_info
                0x0000000000000010       0x30 ../microproc_bsp/\libhal_bsp.a(alt_busy_sleep.o)
                0x0000000000002000                __alt_data_end = 0x2000
                0x0000000000002000                PROVIDE (__alt_stack_pointer, __alt_data_end)
                0x00000000000017ec                PROVIDE (__alt_stack_limit, __alt_stack_base)
                0x00000000000017ec                PROVIDE (__alt_heap_start, end)
                0x0000000000002000                PROVIDE (__alt_heap_limit, 0x2000)
OUTPUT(microproc.elf elf32-littlenios2)

.debug_ranges   0x0000000000000000       0xc8
 .debug_ranges  0x0000000000000000       0x20 ../microproc_bsp//obj/HAL/src/crt0.o
 .debug_ranges  0x0000000000000020       0x30 obj/default/hello_world_small.o
 .debug_ranges  0x0000000000000050       0x48 ../microproc_bsp/\libhal_bsp.a(alt_load.o)
 .debug_ranges  0x0000000000000098       0x20 ../microproc_bsp/\libhal_bsp.a(altera_avalon_jtag_uart_read.o)
 .debug_ranges  0x00000000000000b8       0x10 c:/altera/15.1/nios2eds/bin/gnu/h-x86_64-mingw32/bin/../lib/gcc/nios2-elf/4.9.2/../../../../../H-x86_64-mingw32/nios2-elf/lib/mno-hw-mul\libsmallc.a(lib_a-strlen.o)
