Archive member included to satisfy reference by file (symbol)

c:/altera/16.0/nios2eds/bin/gnu/h-x86_64-mingw32/bin/../lib/gcc/nios2-elf/5.2.0/mno-hw-mul\libgcc.a(lib2-mul.o)
                              obj/default/hello_world_small.o (__mulsi3)
../microproc_bsp/\libhal_bsp.a(alt_getchar.o)
                              obj/default/hello_world_small.o (alt_getchar)
../microproc_bsp/\libhal_bsp.a(alt_load.o)
                              ../microproc_bsp//obj/HAL/src/crt0.o (alt_load)
../microproc_bsp/\libhal_bsp.a(alt_main.o)
                              ../microproc_bsp//obj/HAL/src/crt0.o (alt_main)
../microproc_bsp/\libhal_bsp.a(alt_printf.o)
                              obj/default/hello_world_small.o (alt_printf)
../microproc_bsp/\libhal_bsp.a(alt_putchar.o)
                              ../microproc_bsp/\libhal_bsp.a(alt_printf.o) (alt_putchar)
../microproc_bsp/\libhal_bsp.a(alt_putstr.o)
                              obj/default/hello_world_small.o (alt_putstr)
../microproc_bsp/\libhal_bsp.a(alt_usleep.o)
                              obj/default/hello_world_small.o (usleep)
../microproc_bsp/\libhal_bsp.a(alt_sys_init.o)
                              ../microproc_bsp/\libhal_bsp.a(alt_main.o) (alt_irq_init)
../microproc_bsp/\libhal_bsp.a(altera_avalon_jtag_uart_read.o)
                              ../microproc_bsp/\libhal_bsp.a(alt_getchar.o) (altera_avalon_jtag_uart_read)
../microproc_bsp/\libhal_bsp.a(altera_avalon_jtag_uart_write.o)
                              ../microproc_bsp/\libhal_bsp.a(alt_putchar.o) (altera_avalon_jtag_uart_write)
../microproc_bsp/\libhal_bsp.a(alt_busy_sleep.o)
                              ../microproc_bsp/\libhal_bsp.a(alt_usleep.o) (alt_busy_sleep)
../microproc_bsp/\libhal_bsp.a(alt_dcache_flush_all.o)
                              ../microproc_bsp/\libhal_bsp.a(alt_load.o) (alt_dcache_flush_all)
../microproc_bsp/\libhal_bsp.a(alt_dev.o)
                              ../microproc_bsp/\libhal_bsp.a(alt_getchar.o) (alt_fd_list)
../microproc_bsp/\libhal_bsp.a(alt_icache_flush_all.o)
                              ../microproc_bsp/\libhal_bsp.a(alt_load.o) (alt_icache_flush_all)
../microproc_bsp/\libhal_bsp.a(altera_nios2_gen2_irq.o)
                              ../microproc_bsp/\libhal_bsp.a(alt_sys_init.o) (altera_nios2_gen2_irq_init)
c:/altera/16.0/nios2eds/bin/gnu/h-x86_64-mingw32/bin/../lib/gcc/nios2-elf/5.2.0/../../../../../H-x86_64-mingw32/nios2-elf/lib/mno-hw-mul\libsmallc.a(lib_a-strlen.o)
                              ../microproc_bsp/\libhal_bsp.a(alt_putstr.o) (strlen)
c:/altera/16.0/nios2eds/bin/gnu/h-x86_64-mingw32/bin/../lib/gcc/nios2-elf/5.2.0/mno-hw-mul\libgcc.a(lib2-divmod.o)
                              ../microproc_bsp/\libhal_bsp.a(alt_busy_sleep.o) (__udivsi3)

Allocating common symbols
Common symbol       size              file

gameBoard           0x64              obj/default/hello_world_small.o

Memory Configuration

Name             Origin             Length             Attributes
reset            0x0000000000001000 0x0000000000000020
onchip_memory    0x0000000000001020 0x0000000000000fe0
*default*        0x0000000000000000 0xffffffffffffffff

Linker script and memory map

LOAD ../microproc_bsp//obj/HAL/src/crt0.o
LOAD obj/default/hello_world_small.o
LOAD c:/altera/16.0/nios2eds/bin/gnu/h-x86_64-mingw32/bin/../lib/gcc/nios2-elf/5.2.0/../../../../../H-x86_64-mingw32/nios2-elf/lib/mno-hw-mul\libstdc++.a
LOAD c:/altera/16.0/nios2eds/bin/gnu/h-x86_64-mingw32/bin/../lib/gcc/nios2-elf/5.2.0/../../../../../H-x86_64-mingw32/nios2-elf/lib/mno-hw-mul\libm.a
LOAD c:/altera/16.0/nios2eds/bin/gnu/h-x86_64-mingw32/bin/../lib/gcc/nios2-elf/5.2.0/mno-hw-mul\libgcc.a
START GROUP
LOAD c:/altera/16.0/nios2eds/bin/gnu/h-x86_64-mingw32/bin/../lib/gcc/nios2-elf/5.2.0/../../../../../H-x86_64-mingw32/nios2-elf/lib/mno-hw-mul\libsmallc.a
LOAD c:/altera/16.0/nios2eds/bin/gnu/h-x86_64-mingw32/bin/../lib/gcc/nios2-elf/5.2.0/mno-hw-mul\libgcc.a
LOAD ../microproc_bsp/\libhal_bsp.a
LOAD c:/altera/16.0/nios2eds/bin/gnu/h-x86_64-mingw32/bin/../lib/gcc/nios2-elf/5.2.0/../../../../../H-x86_64-mingw32/nios2-elf/lib/mno-hw-mul\libm.a
END GROUP
LOAD c:/altera/16.0/nios2eds/bin/gnu/h-x86_64-mingw32/bin/../lib/gcc/nios2-elf/5.2.0/mno-hw-mul\libgcc.a
                0x0000000000001000                __alt_mem_onchip_memory = 0x1000

.entry          0x0000000000001000       0x20
 *(.entry)
 .entry         0x0000000000001000       0x20 ../microproc_bsp//obj/HAL/src/crt0.o
                0x0000000000001000                __reset
                0x000000000000100c                _exit

.exceptions     0x0000000000001020        0x0
                0x0000000000001020                PROVIDE (__ram_exceptions_start, ABSOLUTE (.))
                0x0000000000001020                . = ALIGN (0x20)
 *(.irq)
 *(.exceptions.entry.label)
 *(.exceptions.entry.user)
 *(.exceptions.entry.ecc_fatal)
 *(.exceptions.entry)
 *(.exceptions.irqtest.user)
 *(.exceptions.irqtest)
 *(.exceptions.irqhandler.user)
 *(.exceptions.irqhandler)
 *(.exceptions.irqreturn.user)
 *(.exceptions.irqreturn)
 *(.exceptions.notirq.label)
 *(.exceptions.notirq.user)
 *(.exceptions.notirq)
 *(.exceptions.soft.user)
 *(.exceptions.soft)
 *(.exceptions.unknown.user)
 *(.exceptions.unknown)
 *(.exceptions.exit.label)
 *(.exceptions.exit.user)
 *(.exceptions.exit)
 *(.exceptions)
                0x0000000000001020                PROVIDE (__ram_exceptions_end, ABSOLUTE (.))
                0x0000000000001020                PROVIDE (__flash_exceptions_start, LOADADDR (.exceptions))

.text           0x0000000000001020      0xccc
                [!provide]                        PROVIDE (stext, ABSOLUTE (.))
 *(.interp)
 *(.hash)
 *(.dynsym)
 *(.dynstr)
 *(.gnu.version)
 *(.gnu.version_d)
 *(.gnu.version_r)
 *(.rel.init)
 *(.rela.init)
 *(.rel.text .rel.text.* .rel.gnu.linkonce.t.*)
 *(.rela.text .rela.text.* .rela.gnu.linkonce.t.*)
 *(.rel.fini)
 *(.rela.fini)
 *(.rel.rodata .rel.rodata.* .rel.gnu.linkonce.r.*)
 *(.rela.rodata .rela.rodata.* .rela.gnu.linkonce.r.*)
 *(.rel.data .rel.data.* .rel.gnu.linkonce.d.*)
 *(.rela.data .rela.data.* .rela.gnu.linkonce.d.*)
 *(.rel.tdata .rel.tdata.* .rel.gnu.linkonce.td.*)
 *(.rela.tdata .rela.tdata.* .rela.gnu.linkonce.td.*)
 *(.rel.tbss .rel.tbss.* .rel.gnu.linkonce.tb.*)
 *(.rela.tbss .rela.tbss.* .rela.gnu.linkonce.tb.*)
 *(.rel.ctors)
 *(.rela.ctors)
 *(.rel.dtors)
 *(.rela.dtors)
 *(.rel.got)
 *(.rela.got)
 *(.rel.sdata .rel.sdata.* .rel.gnu.linkonce.s.*)
 *(.rela.sdata .rela.sdata.* .rela.gnu.linkonce.s.*)
 *(.rel.sbss .rel.sbss.* .rel.gnu.linkonce.sb.*)
 *(.rela.sbss .rela.sbss.* .rela.gnu.linkonce.sb.*)
 *(.rel.sdata2 .rel.sdata2.* .rel.gnu.linkonce.s2.*)
 *(.rela.sdata2 .rela.sdata2.* .rela.gnu.linkonce.s2.*)
 *(.rel.sbss2 .rel.sbss2.* .rel.gnu.linkonce.sb2.*)
 *(.rela.sbss2 .rela.sbss2.* .rela.gnu.linkonce.sb2.*)
 *(.rel.bss .rel.bss.* .rel.gnu.linkonce.b.*)
 *(.rela.bss .rela.bss.* .rela.gnu.linkonce.b.*)
 *(.rel.plt)
 *(.rela.plt)
 *(.rel.dyn)
 *(.init)
 *(.plt)
 *(.text .stub .text.* .gnu.linkonce.t.*)
 .text          0x0000000000001020       0x3c ../microproc_bsp//obj/HAL/src/crt0.o
                0x0000000000001020                _start
 .text          0x000000000000105c      0x580 obj/default/hello_world_small.o
                0x000000000000105c                getPlayerNum
                0x0000000000001094                gameInit
                0x000000000000112c                printBoard
                0x00000000000011dc                send
                0x0000000000001254                getCoordinates
                0x00000000000012d8                receive
                0x0000000000001338                attack
                0x00000000000013d8                checkShot
                0x0000000000001454                getAttacked
                0x000000000000156c                playerOnePlay
                0x00000000000015a8                playerTwoPlay
 .text.startup  0x00000000000015dc       0x80 obj/default/hello_world_small.o
                0x00000000000015dc                main
 .text          0x000000000000165c       0x28 c:/altera/16.0/nios2eds/bin/gnu/h-x86_64-mingw32/bin/../lib/gcc/nios2-elf/5.2.0/mno-hw-mul\libgcc.a(lib2-mul.o)
                0x000000000000165c                __mulsi3
 .text          0x0000000000001684       0x44 ../microproc_bsp/\libhal_bsp.a(alt_getchar.o)
                0x0000000000001684                alt_getchar
 .text          0x00000000000016c8       0xe0 ../microproc_bsp/\libhal_bsp.a(alt_load.o)
                0x00000000000016c8                alt_load
 .text          0x00000000000017a8       0x2c ../microproc_bsp/\libhal_bsp.a(alt_main.o)
                0x00000000000017a8                alt_main
 .text          0x00000000000017d4      0x170 ../microproc_bsp/\libhal_bsp.a(alt_printf.o)
                0x00000000000017d4                alt_printf
 .text          0x0000000000001944       0x48 ../microproc_bsp/\libhal_bsp.a(alt_putchar.o)
                0x0000000000001944                alt_putchar
 .text          0x000000000000198c       0x38 ../microproc_bsp/\libhal_bsp.a(alt_putstr.o)
                0x000000000000198c                alt_putstr
 .text          0x00000000000019c4        0x4 ../microproc_bsp/\libhal_bsp.a(alt_usleep.o)
                0x00000000000019c4                usleep
 .text          0x00000000000019c8       0x24 ../microproc_bsp/\libhal_bsp.a(alt_sys_init.o)
                0x00000000000019c8                alt_irq_init
                0x00000000000019e8                alt_sys_init
 .text          0x00000000000019ec       0x5c ../microproc_bsp/\libhal_bsp.a(altera_avalon_jtag_uart_read.o)
                0x00000000000019ec                altera_avalon_jtag_uart_read
 .text          0x0000000000001a48       0x34 ../microproc_bsp/\libhal_bsp.a(altera_avalon_jtag_uart_write.o)
                0x0000000000001a48                altera_avalon_jtag_uart_write
 .text          0x0000000000001a7c       0x88 ../microproc_bsp/\libhal_bsp.a(alt_busy_sleep.o)
                0x0000000000001a7c                alt_busy_sleep
 .text          0x0000000000001b04        0x4 ../microproc_bsp/\libhal_bsp.a(alt_dcache_flush_all.o)
                0x0000000000001b04                alt_dcache_flush_all
 .text          0x0000000000001b08        0x8 ../microproc_bsp/\libhal_bsp.a(alt_dev.o)
 .text          0x0000000000001b10        0x4 ../microproc_bsp/\libhal_bsp.a(alt_icache_flush_all.o)
                0x0000000000001b10                alt_icache_flush_all
 .text          0x0000000000001b14        0x8 ../microproc_bsp/\libhal_bsp.a(altera_nios2_gen2_irq.o)
                0x0000000000001b14                altera_nios2_gen2_irq_init
 .text          0x0000000000001b1c        0x0 c:/altera/16.0/nios2eds/bin/gnu/h-x86_64-mingw32/bin/../lib/gcc/nios2-elf/5.2.0/../../../../../H-x86_64-mingw32/nios2-elf/lib/mno-hw-mul\libsmallc.a(lib_a-strlen.o)
 .text.strlen   0x0000000000001b1c       0x1c c:/altera/16.0/nios2eds/bin/gnu/h-x86_64-mingw32/bin/../lib/gcc/nios2-elf/5.2.0/../../../../../H-x86_64-mingw32/nios2-elf/lib/mno-hw-mul\libsmallc.a(lib_a-strlen.o)
                0x0000000000001b1c                strlen
 .text          0x0000000000001b38      0x1b4 c:/altera/16.0/nios2eds/bin/gnu/h-x86_64-mingw32/bin/../lib/gcc/nios2-elf/5.2.0/mno-hw-mul\libgcc.a(lib2-divmod.o)
                0x0000000000001b38                __divsi3
                0x0000000000001bbc                __modsi3
                0x0000000000001c30                __udivsi3
                0x0000000000001c94                __umodsi3
 *(.gnu.warning.*)
 *(.fini)
                [!provide]                        PROVIDE (__etext, ABSOLUTE (.))
                [!provide]                        PROVIDE (_etext, ABSOLUTE (.))
                [!provide]                        PROVIDE (etext, ABSOLUTE (.))
 *(.eh_frame_hdr)
                0x0000000000001cec                . = ALIGN (0x4)
                [!provide]                        PROVIDE (__preinit_array_start, ABSOLUTE (.))
 *(.preinit_array)
                [!provide]                        PROVIDE (__preinit_array_end, ABSOLUTE (.))
                [!provide]                        PROVIDE (__init_array_start, ABSOLUTE (.))
 *(.init_array)
                [!provide]                        PROVIDE (__init_array_end, ABSOLUTE (.))
                [!provide]                        PROVIDE (__fini_array_start, ABSOLUTE (.))
 *(.fini_array)
                [!provide]                        PROVIDE (__fini_array_end, ABSOLUTE (.))
 *(.eh_frame)
 *(.gcc_except_table .gcc_except_table.*)
 *(.dynamic)
                [!provide]                        PROVIDE (__CTOR_LIST__, ABSOLUTE (.))
 *(.ctors)
 *(SORT(.ctors.*))
                [!provide]                        PROVIDE (__CTOR_END__, ABSOLUTE (.))
                [!provide]                        PROVIDE (__DTOR_LIST__, ABSOLUTE (.))
 *(.dtors)
 *(SORT(.dtors.*))
                [!provide]                        PROVIDE (__DTOR_END__, ABSOLUTE (.))
 *(.jcr)
                0x0000000000001cec                . = ALIGN (0x4)

.rodata         0x0000000000001cec      0x1b4
                0x0000000000001cec                PROVIDE (__ram_rodata_start, ABSOLUTE (.))
                0x0000000000001cec                . = ALIGN (0x4)
 *(.rodata .rodata.* .gnu.linkonce.r.*)
 .rodata.str1.4
                0x0000000000001cec      0x1a8 obj/default/hello_world_small.o
                                        0x1ac (size before relaxing)
 .rodata.str1.4
                0x0000000000001e94        0xc ../microproc_bsp/\libhal_bsp.a(alt_dev.o)
                                          0xa (size before relaxing)
 *(.rodata1)
                0x0000000000001ea0                . = ALIGN (0x4)
                0x0000000000001ea0                PROVIDE (__ram_rodata_end, ABSOLUTE (.))
                0x0000000000001cec                PROVIDE (__flash_rodata_start, LOADADDR (.rodata))

.rwdata         0x0000000000001ea0       0x70 load address 0x0000000000001f10
                0x0000000000001ea0                PROVIDE (__ram_rwdata_start, ABSOLUTE (.))
                0x0000000000001ea0                . = ALIGN (0x4)
 *(.got.plt)
 *(.got)
 *(.data1)
 *(.data .data.* .gnu.linkonce.d.*)
 .data          0x0000000000001ea0        0x0 ../microproc_bsp//obj/HAL/src/crt0.o
 .data          0x0000000000001ea0        0x0 obj/default/hello_world_small.o
 .data          0x0000000000001ea0        0x0 c:/altera/16.0/nios2eds/bin/gnu/h-x86_64-mingw32/bin/../lib/gcc/nios2-elf/5.2.0/mno-hw-mul\libgcc.a(lib2-mul.o)
 .data          0x0000000000001ea0        0x0 ../microproc_bsp/\libhal_bsp.a(alt_getchar.o)
 .data          0x0000000000001ea0        0x0 ../microproc_bsp/\libhal_bsp.a(alt_load.o)
 .data          0x0000000000001ea0        0x0 ../microproc_bsp/\libhal_bsp.a(alt_main.o)
 .data          0x0000000000001ea0        0x0 ../microproc_bsp/\libhal_bsp.a(alt_printf.o)
 .data          0x0000000000001ea0        0x0 ../microproc_bsp/\libhal_bsp.a(alt_putchar.o)
 .data          0x0000000000001ea0        0x0 ../microproc_bsp/\libhal_bsp.a(alt_putstr.o)
 .data          0x0000000000001ea0        0x0 ../microproc_bsp/\libhal_bsp.a(alt_usleep.o)
 .data          0x0000000000001ea0        0x0 ../microproc_bsp/\libhal_bsp.a(alt_sys_init.o)
 .data          0x0000000000001ea0        0x0 ../microproc_bsp/\libhal_bsp.a(altera_avalon_jtag_uart_read.o)
 .data          0x0000000000001ea0        0x0 ../microproc_bsp/\libhal_bsp.a(altera_avalon_jtag_uart_write.o)
 .data          0x0000000000001ea0        0x0 ../microproc_bsp/\libhal_bsp.a(alt_busy_sleep.o)
 .data          0x0000000000001ea0        0x0 ../microproc_bsp/\libhal_bsp.a(alt_dcache_flush_all.o)
 .data          0x0000000000001ea0       0x58 ../microproc_bsp/\libhal_bsp.a(alt_dev.o)
                0x0000000000001ea0                alt_fd_list
                0x0000000000001ed0                alt_dev_null
 .data          0x0000000000001ef8        0x0 ../microproc_bsp/\libhal_bsp.a(alt_icache_flush_all.o)
 .data          0x0000000000001ef8        0x0 ../microproc_bsp/\libhal_bsp.a(altera_nios2_gen2_irq.o)
 .data          0x0000000000001ef8        0x0 c:/altera/16.0/nios2eds/bin/gnu/h-x86_64-mingw32/bin/../lib/gcc/nios2-elf/5.2.0/../../../../../H-x86_64-mingw32/nios2-elf/lib/mno-hw-mul\libsmallc.a(lib_a-strlen.o)
 .data          0x0000000000001ef8        0x0 c:/altera/16.0/nios2eds/bin/gnu/h-x86_64-mingw32/bin/../lib/gcc/nios2-elf/5.2.0/mno-hw-mul\libgcc.a(lib2-divmod.o)
                0x0000000000009ef8                _gp = ABSOLUTE ((. + 0x8000))
                [!provide]                        PROVIDE (gp, _gp)
 *(.rwdata .rwdata.*)
 *(.sdata .sdata.* .gnu.linkonce.s.*)
 .sdata         0x0000000000001ef8        0x4 ../microproc_bsp/\libhal_bsp.a(alt_sys_init.o)
                0x0000000000001ef8                jtag_uart
 .sdata         0x0000000000001efc       0x14 ../microproc_bsp/\libhal_bsp.a(alt_dev.o)
                0x0000000000001efc                alt_max_fd
                0x0000000000001f00                alt_dev_list
                0x0000000000001f08                alt_fs_list
 *(.sdata2 .sdata2.* .gnu.linkonce.s2.*)
                0x0000000000001f10                . = ALIGN (0x4)
                0x0000000000001f10                _edata = ABSOLUTE (.)
                [!provide]                        PROVIDE (edata, ABSOLUTE (.))
                0x0000000000001f10                PROVIDE (__ram_rwdata_end, ABSOLUTE (.))
                0x0000000000001f10                PROVIDE (__flash_rwdata_start, LOADADDR (.rwdata))

.bss            0x0000000000001f80       0x70
                0x0000000000001f80                __bss_start = ABSOLUTE (.)
                [!provide]                        PROVIDE (__sbss_start, ABSOLUTE (.))
                [!provide]                        PROVIDE (___sbss_start, ABSOLUTE (.))
 *(.dynsbss)
 *(.sbss .sbss.* .gnu.linkonce.sb.*)
 .sbss          0x0000000000001f80        0xc ../microproc_bsp/\libhal_bsp.a(alt_main.o)
                0x0000000000001f80                alt_envp
                0x0000000000001f84                alt_argv
                0x0000000000001f88                alt_argc
 *(.sbss2 .sbss2.* .gnu.linkonce.sb2.*)
 *(.scommon)
                [!provide]                        PROVIDE (__sbss_end, ABSOLUTE (.))
                [!provide]                        PROVIDE (___sbss_end, ABSOLUTE (.))
 *(.dynbss)
 *(.bss .bss.* .gnu.linkonce.b.*)
 .bss           0x0000000000001f8c        0x0 ../microproc_bsp//obj/HAL/src/crt0.o
 .bss           0x0000000000001f8c        0x0 obj/default/hello_world_small.o
 .bss           0x0000000000001f8c        0x0 c:/altera/16.0/nios2eds/bin/gnu/h-x86_64-mingw32/bin/../lib/gcc/nios2-elf/5.2.0/mno-hw-mul\libgcc.a(lib2-mul.o)
 .bss           0x0000000000001f8c        0x0 ../microproc_bsp/\libhal_bsp.a(alt_getchar.o)
 .bss           0x0000000000001f8c        0x0 ../microproc_bsp/\libhal_bsp.a(alt_load.o)
 .bss           0x0000000000001f8c        0x0 ../microproc_bsp/\libhal_bsp.a(alt_main.o)
 .bss           0x0000000000001f8c        0x0 ../microproc_bsp/\libhal_bsp.a(alt_printf.o)
 .bss           0x0000000000001f8c        0x0 ../microproc_bsp/\libhal_bsp.a(alt_putchar.o)
 .bss           0x0000000000001f8c        0x0 ../microproc_bsp/\libhal_bsp.a(alt_putstr.o)
 .bss           0x0000000000001f8c        0x0 ../microproc_bsp/\libhal_bsp.a(alt_usleep.o)
 .bss           0x0000000000001f8c        0x0 ../microproc_bsp/\libhal_bsp.a(alt_sys_init.o)
 .bss           0x0000000000001f8c        0x0 ../microproc_bsp/\libhal_bsp.a(altera_avalon_jtag_uart_read.o)
 .bss           0x0000000000001f8c        0x0 ../microproc_bsp/\libhal_bsp.a(altera_avalon_jtag_uart_write.o)
 .bss           0x0000000000001f8c        0x0 ../microproc_bsp/\libhal_bsp.a(alt_busy_sleep.o)
 .bss           0x0000000000001f8c        0x0 ../microproc_bsp/\libhal_bsp.a(alt_dcache_flush_all.o)
 .bss           0x0000000000001f8c        0x0 ../microproc_bsp/\libhal_bsp.a(alt_dev.o)
 .bss           0x0000000000001f8c        0x0 ../microproc_bsp/\libhal_bsp.a(alt_icache_flush_all.o)
 .bss           0x0000000000001f8c        0x0 ../microproc_bsp/\libhal_bsp.a(altera_nios2_gen2_irq.o)
 .bss           0x0000000000001f8c        0x0 c:/altera/16.0/nios2eds/bin/gnu/h-x86_64-mingw32/bin/../lib/gcc/nios2-elf/5.2.0/../../../../../H-x86_64-mingw32/nios2-elf/lib/mno-hw-mul\libsmallc.a(lib_a-strlen.o)
 .bss           0x0000000000001f8c        0x0 c:/altera/16.0/nios2eds/bin/gnu/h-x86_64-mingw32/bin/../lib/gcc/nios2-elf/5.2.0/mno-hw-mul\libgcc.a(lib2-divmod.o)
 *(COMMON)
 COMMON         0x0000000000001f8c       0x64 obj/default/hello_world_small.o
                0x0000000000001f8c                gameBoard
                0x0000000000001ff0                . = ALIGN (0x4)
                0x0000000000001ff0                __bss_end = ABSOLUTE (.)

.onchip_memory  0x0000000000001ff0        0x0
                [!provide]                        PROVIDE (_alt_partition_onchip_memory_start, ABSOLUTE (.))
 *(.onchip_memory .onchip_memory. onchip_memory.*)
                0x0000000000001ff0                . = ALIGN (0x4)
                [!provide]                        PROVIDE (_alt_partition_onchip_memory_end, ABSOLUTE (.))
                0x0000000000001ff0                _end = ABSOLUTE (.)
                0x0000000000001ff0                end = ABSOLUTE (.)
                0x0000000000001ff0                __alt_stack_base = ABSOLUTE (.)
                [!provide]                        PROVIDE (_alt_partition_onchip_memory_load_addr, LOADADDR (.onchip_memory))

.stab
 *(.stab)

.stabstr
 *(.stabstr)

.stab.excl
 *(.stab.excl)

.stab.exclstr
 *(.stab.exclstr)

.stab.index
 *(.stab.index)

.stab.indexstr
 *(.stab.indexstr)

.comment        0x0000000000000000       0x23
 *(.comment)
 .comment       0x0000000000000000       0x23 obj/default/hello_world_small.o
                                         0x24 (size before relaxing)
 .comment       0x0000000000000023       0x24 c:/altera/16.0/nios2eds/bin/gnu/h-x86_64-mingw32/bin/../lib/gcc/nios2-elf/5.2.0/mno-hw-mul\libgcc.a(lib2-mul.o)
 .comment       0x0000000000000023       0x24 ../microproc_bsp/\libhal_bsp.a(alt_getchar.o)
 .comment       0x0000000000000023       0x24 ../microproc_bsp/\libhal_bsp.a(alt_load.o)
 .comment       0x0000000000000023       0x24 ../microproc_bsp/\libhal_bsp.a(alt_main.o)
 .comment       0x0000000000000023       0x24 ../microproc_bsp/\libhal_bsp.a(alt_printf.o)
 .comment       0x0000000000000023       0x24 ../microproc_bsp/\libhal_bsp.a(alt_putchar.o)
 .comment       0x0000000000000023       0x24 ../microproc_bsp/\libhal_bsp.a(alt_putstr.o)
 .comment       0x0000000000000023       0x24 ../microproc_bsp/\libhal_bsp.a(alt_usleep.o)
 .comment       0x0000000000000023       0x24 ../microproc_bsp/\libhal_bsp.a(alt_sys_init.o)
 .comment       0x0000000000000023       0x24 ../microproc_bsp/\libhal_bsp.a(altera_avalon_jtag_uart_read.o)
 .comment       0x0000000000000023       0x24 ../microproc_bsp/\libhal_bsp.a(altera_avalon_jtag_uart_write.o)
 .comment       0x0000000000000023       0x24 ../microproc_bsp/\libhal_bsp.a(alt_busy_sleep.o)
 .comment       0x0000000000000023       0x24 ../microproc_bsp/\libhal_bsp.a(alt_dcache_flush_all.o)
 .comment       0x0000000000000023       0x24 ../microproc_bsp/\libhal_bsp.a(alt_dev.o)
 .comment       0x0000000000000023       0x24 ../microproc_bsp/\libhal_bsp.a(alt_icache_flush_all.o)
 .comment       0x0000000000000023       0x24 ../microproc_bsp/\libhal_bsp.a(altera_nios2_gen2_irq.o)
 .comment       0x0000000000000023       0x24 c:/altera/16.0/nios2eds/bin/gnu/h-x86_64-mingw32/bin/../lib/gcc/nios2-elf/5.2.0/../../../../../H-x86_64-mingw32/nios2-elf/lib/mno-hw-mul\libsmallc.a(lib_a-strlen.o)
 .comment       0x0000000000000023       0x24 c:/altera/16.0/nios2eds/bin/gnu/h-x86_64-mingw32/bin/../lib/gcc/nios2-elf/5.2.0/mno-hw-mul\libgcc.a(lib2-divmod.o)

.debug
 *(.debug)

.line
 *(.line)

.debug_srcinfo
 *(.debug_srcinfo)

.debug_sfnames
 *(.debug_sfnames)

.debug_aranges  0x0000000000000000      0x290
 *(.debug_aranges)
 .debug_aranges
                0x0000000000000000       0x28 ../microproc_bsp//obj/HAL/src/crt0.o
 .debug_aranges
                0x0000000000000028       0x28 obj/default/hello_world_small.o
 .debug_aranges
                0x0000000000000050       0x20 c:/altera/16.0/nios2eds/bin/gnu/h-x86_64-mingw32/bin/../lib/gcc/nios2-elf/5.2.0/mno-hw-mul\libgcc.a(lib2-mul.o)
 .debug_aranges
                0x0000000000000070       0x20 ../microproc_bsp/\libhal_bsp.a(alt_getchar.o)
 .debug_aranges
                0x0000000000000090       0x20 ../microproc_bsp/\libhal_bsp.a(alt_load.o)
 .debug_aranges
                0x00000000000000b0       0x20 ../microproc_bsp/\libhal_bsp.a(alt_main.o)
 .debug_aranges
                0x00000000000000d0       0x20 ../microproc_bsp/\libhal_bsp.a(alt_printf.o)
 .debug_aranges
                0x00000000000000f0       0x20 ../microproc_bsp/\libhal_bsp.a(alt_putchar.o)
 .debug_aranges
                0x0000000000000110       0x20 ../microproc_bsp/\libhal_bsp.a(alt_putstr.o)
 .debug_aranges
                0x0000000000000130       0x20 ../microproc_bsp/\libhal_bsp.a(alt_usleep.o)
 .debug_aranges
                0x0000000000000150       0x20 ../microproc_bsp/\libhal_bsp.a(alt_sys_init.o)
 .debug_aranges
                0x0000000000000170       0x20 ../microproc_bsp/\libhal_bsp.a(altera_avalon_jtag_uart_read.o)
 .debug_aranges
                0x0000000000000190       0x20 ../microproc_bsp/\libhal_bsp.a(altera_avalon_jtag_uart_write.o)
 .debug_aranges
                0x00000000000001b0       0x20 ../microproc_bsp/\libhal_bsp.a(alt_busy_sleep.o)
 .debug_aranges
                0x00000000000001d0       0x20 ../microproc_bsp/\libhal_bsp.a(alt_dcache_flush_all.o)
 .debug_aranges
                0x00000000000001f0       0x20 ../microproc_bsp/\libhal_bsp.a(alt_dev.o)
 .debug_aranges
                0x0000000000000210       0x20 ../microproc_bsp/\libhal_bsp.a(alt_icache_flush_all.o)
 .debug_aranges
                0x0000000000000230       0x20 ../microproc_bsp/\libhal_bsp.a(altera_nios2_gen2_irq.o)
 .debug_aranges
                0x0000000000000250       0x20 c:/altera/16.0/nios2eds/bin/gnu/h-x86_64-mingw32/bin/../lib/gcc/nios2-elf/5.2.0/../../../../../H-x86_64-mingw32/nios2-elf/lib/mno-hw-mul\libsmallc.a(lib_a-strlen.o)
 .debug_aranges
                0x0000000000000270       0x20 c:/altera/16.0/nios2eds/bin/gnu/h-x86_64-mingw32/bin/../lib/gcc/nios2-elf/5.2.0/mno-hw-mul\libgcc.a(lib2-divmod.o)

.debug_pubnames
 *(.debug_pubnames)

.debug_info     0x0000000000000000     0x218f
 *(.debug_info .gnu.linkonce.wi.*)
 .debug_info    0x0000000000000000       0x6c ../microproc_bsp//obj/HAL/src/crt0.o
 .debug_info    0x000000000000006c      0x60b obj/default/hello_world_small.o
 .debug_info    0x0000000000000677       0xb4 c:/altera/16.0/nios2eds/bin/gnu/h-x86_64-mingw32/bin/../lib/gcc/nios2-elf/5.2.0/mno-hw-mul\libgcc.a(lib2-mul.o)
 .debug_info    0x000000000000072b      0x32d ../microproc_bsp/\libhal_bsp.a(alt_getchar.o)
 .debug_info    0x0000000000000a58      0x1c9 ../microproc_bsp/\libhal_bsp.a(alt_load.o)
 .debug_info    0x0000000000000c21      0x169 ../microproc_bsp/\libhal_bsp.a(alt_main.o)
 .debug_info    0x0000000000000d8a      0x14d ../microproc_bsp/\libhal_bsp.a(alt_printf.o)
 .debug_info    0x0000000000000ed7      0x12a ../microproc_bsp/\libhal_bsp.a(alt_putchar.o)
 .debug_info    0x0000000000001001      0x13a ../microproc_bsp/\libhal_bsp.a(alt_putstr.o)
 .debug_info    0x000000000000113b       0xd1 ../microproc_bsp/\libhal_bsp.a(alt_usleep.o)
 .debug_info    0x000000000000120c      0x185 ../microproc_bsp/\libhal_bsp.a(alt_sys_init.o)
 .debug_info    0x0000000000001391      0x1b4 ../microproc_bsp/\libhal_bsp.a(altera_avalon_jtag_uart_read.o)
 .debug_info    0x0000000000001545      0x197 ../microproc_bsp/\libhal_bsp.a(altera_avalon_jtag_uart_write.o)
 .debug_info    0x00000000000016dc       0xd8 ../microproc_bsp/\libhal_bsp.a(alt_busy_sleep.o)
 .debug_info    0x00000000000017b4       0x92 ../microproc_bsp/\libhal_bsp.a(alt_dcache_flush_all.o)
 .debug_info    0x0000000000001846      0x499 ../microproc_bsp/\libhal_bsp.a(alt_dev.o)
 .debug_info    0x0000000000001cdf       0x92 ../microproc_bsp/\libhal_bsp.a(alt_icache_flush_all.o)
 .debug_info    0x0000000000001d71       0x92 ../microproc_bsp/\libhal_bsp.a(altera_nios2_gen2_irq.o)
 .debug_info    0x0000000000001e03       0xc9 c:/altera/16.0/nios2eds/bin/gnu/h-x86_64-mingw32/bin/../lib/gcc/nios2-elf/5.2.0/../../../../../H-x86_64-mingw32/nios2-elf/lib/mno-hw-mul\libsmallc.a(lib_a-strlen.o)
 .debug_info    0x0000000000001ecc      0x2c3 c:/altera/16.0/nios2eds/bin/gnu/h-x86_64-mingw32/bin/../lib/gcc/nios2-elf/5.2.0/mno-hw-mul\libgcc.a(lib2-divmod.o)

.debug_abbrev   0x0000000000000000      0xf4e
 *(.debug_abbrev)
 .debug_abbrev  0x0000000000000000       0x12 ../microproc_bsp//obj/HAL/src/crt0.o
 .debug_abbrev  0x0000000000000012      0x24c obj/default/hello_world_small.o
 .debug_abbrev  0x000000000000025e       0x6f c:/altera/16.0/nios2eds/bin/gnu/h-x86_64-mingw32/bin/../lib/gcc/nios2-elf/5.2.0/mno-hw-mul\libgcc.a(lib2-mul.o)
 .debug_abbrev  0x00000000000002cd      0x11d ../microproc_bsp/\libhal_bsp.a(alt_getchar.o)
 .debug_abbrev  0x00000000000003ea       0xd8 ../microproc_bsp/\libhal_bsp.a(alt_load.o)
 .debug_abbrev  0x00000000000004c2       0xee ../microproc_bsp/\libhal_bsp.a(alt_main.o)
 .debug_abbrev  0x00000000000005b0       0xd5 ../microproc_bsp/\libhal_bsp.a(alt_printf.o)
 .debug_abbrev  0x0000000000000685       0xd2 ../microproc_bsp/\libhal_bsp.a(alt_putchar.o)
 .debug_abbrev  0x0000000000000757       0xd3 ../microproc_bsp/\libhal_bsp.a(alt_putstr.o)
 .debug_abbrev  0x000000000000082a       0x8d ../microproc_bsp/\libhal_bsp.a(alt_usleep.o)
 .debug_abbrev  0x00000000000008b7      0x107 ../microproc_bsp/\libhal_bsp.a(alt_sys_init.o)
 .debug_abbrev  0x00000000000009be      0x102 ../microproc_bsp/\libhal_bsp.a(altera_avalon_jtag_uart_read.o)
 .debug_abbrev  0x0000000000000ac0       0xd5 ../microproc_bsp/\libhal_bsp.a(altera_avalon_jtag_uart_write.o)
 .debug_abbrev  0x0000000000000b95       0x8d ../microproc_bsp/\libhal_bsp.a(alt_busy_sleep.o)
 .debug_abbrev  0x0000000000000c22       0x42 ../microproc_bsp/\libhal_bsp.a(alt_dcache_flush_all.o)
 .debug_abbrev  0x0000000000000c64       0xd9 ../microproc_bsp/\libhal_bsp.a(alt_dev.o)
 .debug_abbrev  0x0000000000000d3d       0x42 ../microproc_bsp/\libhal_bsp.a(alt_icache_flush_all.o)
 .debug_abbrev  0x0000000000000d7f       0x42 ../microproc_bsp/\libhal_bsp.a(altera_nios2_gen2_irq.o)
 .debug_abbrev  0x0000000000000dc1       0x7f c:/altera/16.0/nios2eds/bin/gnu/h-x86_64-mingw32/bin/../lib/gcc/nios2-elf/5.2.0/../../../../../H-x86_64-mingw32/nios2-elf/lib/mno-hw-mul\libsmallc.a(lib_a-strlen.o)
 .debug_abbrev  0x0000000000000e40      0x10e c:/altera/16.0/nios2eds/bin/gnu/h-x86_64-mingw32/bin/../lib/gcc/nios2-elf/5.2.0/mno-hw-mul\libgcc.a(lib2-divmod.o)

.debug_line     0x0000000000000000      0xf64
 *(.debug_line)
 .debug_line    0x0000000000000000       0x66 ../microproc_bsp//obj/HAL/src/crt0.o
 .debug_line    0x0000000000000066      0x1cb obj/default/hello_world_small.o
 .debug_line    0x0000000000000231       0x80 c:/altera/16.0/nios2eds/bin/gnu/h-x86_64-mingw32/bin/../lib/gcc/nios2-elf/5.2.0/mno-hw-mul\libgcc.a(lib2-mul.o)
 .debug_line    0x00000000000002b1       0xb7 ../microproc_bsp/\libhal_bsp.a(alt_getchar.o)
 .debug_line    0x0000000000000368       0xa5 ../microproc_bsp/\libhal_bsp.a(alt_load.o)
 .debug_line    0x000000000000040d       0xbd ../microproc_bsp/\libhal_bsp.a(alt_main.o)
 .debug_line    0x00000000000004ca      0x10a ../microproc_bsp/\libhal_bsp.a(alt_printf.o)
 .debug_line    0x00000000000005d4       0x55 ../microproc_bsp/\libhal_bsp.a(alt_putchar.o)
 .debug_line    0x0000000000000629       0x98 ../microproc_bsp/\libhal_bsp.a(alt_putstr.o)
 .debug_line    0x00000000000006c1       0xc7 ../microproc_bsp/\libhal_bsp.a(alt_usleep.o)
 .debug_line    0x0000000000000788      0x101 ../microproc_bsp/\libhal_bsp.a(alt_sys_init.o)
 .debug_line    0x0000000000000889       0xfb ../microproc_bsp/\libhal_bsp.a(altera_avalon_jtag_uart_read.o)
 .debug_line    0x0000000000000984       0xf0 ../microproc_bsp/\libhal_bsp.a(altera_avalon_jtag_uart_write.o)
 .debug_line    0x0000000000000a74       0xb5 ../microproc_bsp/\libhal_bsp.a(alt_busy_sleep.o)
 .debug_line    0x0000000000000b29       0x4e ../microproc_bsp/\libhal_bsp.a(alt_dcache_flush_all.o)
 .debug_line    0x0000000000000b77       0xee ../microproc_bsp/\libhal_bsp.a(alt_dev.o)
 .debug_line    0x0000000000000c65       0x4e ../microproc_bsp/\libhal_bsp.a(alt_icache_flush_all.o)
 .debug_line    0x0000000000000cb3       0x50 ../microproc_bsp/\libhal_bsp.a(altera_nios2_gen2_irq.o)
 .debug_line    0x0000000000000d03      0x15c c:/altera/16.0/nios2eds/bin/gnu/h-x86_64-mingw32/bin/../lib/gcc/nios2-elf/5.2.0/../../../../../H-x86_64-mingw32/nios2-elf/lib/mno-hw-mul\libsmallc.a(lib_a-strlen.o)
 .debug_line    0x0000000000000e5f      0x105 c:/altera/16.0/nios2eds/bin/gnu/h-x86_64-mingw32/bin/../lib/gcc/nios2-elf/5.2.0/mno-hw-mul\libgcc.a(lib2-divmod.o)

.debug_frame    0x0000000000000000      0x4e0
 *(.debug_frame)
 .debug_frame   0x0000000000000000      0x1c8 obj/default/hello_world_small.o
 .debug_frame   0x00000000000001c8       0x20 c:/altera/16.0/nios2eds/bin/gnu/h-x86_64-mingw32/bin/../lib/gcc/nios2-elf/5.2.0/mno-hw-mul\libgcc.a(lib2-mul.o)
 .debug_frame   0x00000000000001e8       0x2c ../microproc_bsp/\libhal_bsp.a(alt_getchar.o)
 .debug_frame   0x0000000000000214       0x30 ../microproc_bsp/\libhal_bsp.a(alt_load.o)
 .debug_frame   0x0000000000000244       0x2c ../microproc_bsp/\libhal_bsp.a(alt_main.o)
 .debug_frame   0x0000000000000270       0x54 ../microproc_bsp/\libhal_bsp.a(alt_printf.o)
 .debug_frame   0x00000000000002c4       0x30 ../microproc_bsp/\libhal_bsp.a(alt_putchar.o)
 .debug_frame   0x00000000000002f4       0x30 ../microproc_bsp/\libhal_bsp.a(alt_putstr.o)
 .debug_frame   0x0000000000000324       0x20 ../microproc_bsp/\libhal_bsp.a(alt_usleep.o)
 .debug_frame   0x0000000000000344       0x3c ../microproc_bsp/\libhal_bsp.a(alt_sys_init.o)
 .debug_frame   0x0000000000000380       0x20 ../microproc_bsp/\libhal_bsp.a(altera_avalon_jtag_uart_read.o)
 .debug_frame   0x00000000000003a0       0x20 ../microproc_bsp/\libhal_bsp.a(altera_avalon_jtag_uart_write.o)
 .debug_frame   0x00000000000003c0       0x30 ../microproc_bsp/\libhal_bsp.a(alt_busy_sleep.o)
 .debug_frame   0x00000000000003f0       0x20 ../microproc_bsp/\libhal_bsp.a(alt_dcache_flush_all.o)
 .debug_frame   0x0000000000000410       0x20 ../microproc_bsp/\libhal_bsp.a(alt_dev.o)
 .debug_frame   0x0000000000000430       0x20 ../microproc_bsp/\libhal_bsp.a(alt_icache_flush_all.o)
 .debug_frame   0x0000000000000450       0x20 ../microproc_bsp/\libhal_bsp.a(altera_nios2_gen2_irq.o)
 .debug_frame   0x0000000000000470       0x20 c:/altera/16.0/nios2eds/bin/gnu/h-x86_64-mingw32/bin/../lib/gcc/nios2-elf/5.2.0/../../../../../H-x86_64-mingw32/nios2-elf/lib/mno-hw-mul\libsmallc.a(lib_a-strlen.o)
 .debug_frame   0x0000000000000490       0x50 c:/altera/16.0/nios2eds/bin/gnu/h-x86_64-mingw32/bin/../lib/gcc/nios2-elf/5.2.0/mno-hw-mul\libgcc.a(lib2-divmod.o)

.debug_str      0x0000000000000000      0xb25
 *(.debug_str)
 .debug_str     0x0000000000000000      0x1bf obj/default/hello_world_small.o
                                        0x1fd (size before relaxing)
 .debug_str     0x00000000000001bf      0x148 c:/altera/16.0/nios2eds/bin/gnu/h-x86_64-mingw32/bin/../lib/gcc/nios2-elf/5.2.0/mno-hw-mul\libgcc.a(lib2-mul.o)
                                        0x193 (size before relaxing)
 .debug_str     0x0000000000000307      0x173 ../microproc_bsp/\libhal_bsp.a(alt_getchar.o)
                                        0x233 (size before relaxing)
 .debug_str     0x000000000000047a      0x11b ../microproc_bsp/\libhal_bsp.a(alt_load.o)
                                        0x239 (size before relaxing)
 .debug_str     0x0000000000000595       0x5e ../microproc_bsp/\libhal_bsp.a(alt_main.o)
                                        0x1b2 (size before relaxing)
 .debug_str     0x00000000000005f3       0x59 ../microproc_bsp/\libhal_bsp.a(alt_printf.o)
                                        0x103 (size before relaxing)
 .debug_str     0x000000000000064c       0x34 ../microproc_bsp/\libhal_bsp.a(alt_putchar.o)
                                        0x188 (size before relaxing)
 .debug_str     0x0000000000000680       0x1c ../microproc_bsp/\libhal_bsp.a(alt_putstr.o)
                                        0x18d (size before relaxing)
 .debug_str     0x000000000000069c       0x2f ../microproc_bsp/\libhal_bsp.a(alt_usleep.o)
                                        0x154 (size before relaxing)
 .debug_str     0x00000000000006cb       0x86 ../microproc_bsp/\libhal_bsp.a(alt_sys_init.o)
                                        0x221 (size before relaxing)
 .debug_str     0x0000000000000751       0x38 ../microproc_bsp/\libhal_bsp.a(altera_avalon_jtag_uart_read.o)
                                        0x21c (size before relaxing)
 .debug_str     0x0000000000000789       0x32 ../microproc_bsp/\libhal_bsp.a(altera_avalon_jtag_uart_write.o)
                                        0x212 (size before relaxing)
 .debug_str     0x00000000000007bb       0x33 ../microproc_bsp/\libhal_bsp.a(alt_busy_sleep.o)
                                        0x168 (size before relaxing)
 .debug_str     0x00000000000007ee       0x1f ../microproc_bsp/\libhal_bsp.a(alt_dcache_flush_all.o)
                                        0x152 (size before relaxing)
 .debug_str     0x000000000000080d      0x120 ../microproc_bsp/\libhal_bsp.a(alt_dev.o)
                                        0x302 (size before relaxing)
 .debug_str     0x000000000000092d       0x1f ../microproc_bsp/\libhal_bsp.a(alt_icache_flush_all.o)
                                        0x152 (size before relaxing)
 .debug_str     0x000000000000094c       0x20 ../microproc_bsp/\libhal_bsp.a(altera_nios2_gen2_irq.o)
                                        0x159 (size before relaxing)
 .debug_str     0x000000000000096c      0x13a c:/altera/16.0/nios2eds/bin/gnu/h-x86_64-mingw32/bin/../lib/gcc/nios2-elf/5.2.0/../../../../../H-x86_64-mingw32/nios2-elf/lib/mno-hw-mul\libsmallc.a(lib_a-strlen.o)
                                        0x1e5 (size before relaxing)
 .debug_str     0x0000000000000aa6       0x7f c:/altera/16.0/nios2eds/bin/gnu/h-x86_64-mingw32/bin/../lib/gcc/nios2-elf/5.2.0/mno-hw-mul\libgcc.a(lib2-divmod.o)
                                        0x1d2 (size before relaxing)

.debug_loc      0x0000000000000000      0xdaa
 *(.debug_loc)
 .debug_loc     0x0000000000000000      0x409 obj/default/hello_world_small.o
 .debug_loc     0x0000000000000409       0x93 c:/altera/16.0/nios2eds/bin/gnu/h-x86_64-mingw32/bin/../lib/gcc/nios2-elf/5.2.0/mno-hw-mul\libgcc.a(lib2-mul.o)
 .debug_loc     0x000000000000049c      0x1de ../microproc_bsp/\libhal_bsp.a(alt_printf.o)
 .debug_loc     0x000000000000067a       0x2c ../microproc_bsp/\libhal_bsp.a(alt_putchar.o)
 .debug_loc     0x00000000000006a6       0x37 ../microproc_bsp/\libhal_bsp.a(alt_putstr.o)
 .debug_loc     0x00000000000006dd       0x21 ../microproc_bsp/\libhal_bsp.a(alt_usleep.o)
 .debug_loc     0x00000000000006fe       0x21 ../microproc_bsp/\libhal_bsp.a(alt_sys_init.o)
 .debug_loc     0x000000000000071f       0xcd ../microproc_bsp/\libhal_bsp.a(altera_avalon_jtag_uart_read.o)
 .debug_loc     0x00000000000007ec       0x8b ../microproc_bsp/\libhal_bsp.a(altera_avalon_jtag_uart_write.o)
 .debug_loc     0x0000000000000877       0x67 ../microproc_bsp/\libhal_bsp.a(alt_busy_sleep.o)
 .debug_loc     0x00000000000008de       0x1e c:/altera/16.0/nios2eds/bin/gnu/h-x86_64-mingw32/bin/../lib/gcc/nios2-elf/5.2.0/../../../../../H-x86_64-mingw32/nios2-elf/lib/mno-hw-mul\libsmallc.a(lib_a-strlen.o)
 .debug_loc     0x00000000000008fc      0x4ae c:/altera/16.0/nios2eds/bin/gnu/h-x86_64-mingw32/bin/../lib/gcc/nios2-elf/5.2.0/mno-hw-mul\libgcc.a(lib2-divmod.o)

.debug_macinfo
 *(.debug_macinfo)

.debug_weaknames
 *(.debug_weaknames)

.debug_funcnames
 *(.debug_funcnames)

.debug_typenames
 *(.debug_typenames)

.debug_varnames
 *(.debug_varnames)

.debug_alt_sim_info
                0x0000000000000000       0x40
 *(.debug_alt_sim_info)
 .debug_alt_sim_info
                0x0000000000000000       0x10 ../microproc_bsp//obj/HAL/src/crt0.o
 .debug_alt_sim_info
                0x0000000000000010       0x30 ../microproc_bsp/\libhal_bsp.a(alt_busy_sleep.o)
                0x0000000000002000                __alt_data_end = 0x2000
                0x0000000000002000                PROVIDE (__alt_stack_pointer, __alt_data_end)
                [!provide]                        PROVIDE (__alt_stack_limit, __alt_stack_base)
                [!provide]                        PROVIDE (__alt_heap_start, end)
                [!provide]                        PROVIDE (__alt_heap_limit, 0x2000)
OUTPUT(microproc.elf elf32-littlenios2)

.debug_ranges   0x0000000000000000      0x128
 .debug_ranges  0x0000000000000000       0x20 ../microproc_bsp//obj/HAL/src/crt0.o
 .debug_ranges  0x0000000000000020       0x18 obj/default/hello_world_small.o
 .debug_ranges  0x0000000000000038       0x48 ../microproc_bsp/\libhal_bsp.a(alt_load.o)
 .debug_ranges  0x0000000000000080       0x18 ../microproc_bsp/\libhal_bsp.a(alt_printf.o)
 .debug_ranges  0x0000000000000098       0x20 ../microproc_bsp/\libhal_bsp.a(altera_avalon_jtag_uart_read.o)
 .debug_ranges  0x00000000000000b8       0x10 c:/altera/16.0/nios2eds/bin/gnu/h-x86_64-mingw32/bin/../lib/gcc/nios2-elf/5.2.0/../../../../../H-x86_64-mingw32/nios2-elf/lib/mno-hw-mul\libsmallc.a(lib_a-strlen.o)
 .debug_ranges  0x00000000000000c8       0x60 c:/altera/16.0/nios2eds/bin/gnu/h-x86_64-mingw32/bin/../lib/gcc/nios2-elf/5.2.0/mno-hw-mul\libgcc.a(lib2-divmod.o)
