Archive member included to satisfy reference by file (symbol)

../sram_bsp/\libhal_bsp.a(alt_load.o)
                              ../sram_bsp//obj/HAL/src/crt0.o (alt_load)
../sram_bsp/\libhal_bsp.a(alt_main.o)
                              ../sram_bsp//obj/HAL/src/crt0.o (alt_main)
../sram_bsp/\libhal_bsp.a(alt_putstr.o)
                              obj/default/hello_world_small.o (alt_putstr)
../sram_bsp/\libhal_bsp.a(alt_usleep.o)
                              obj/default/hello_world_small.o (usleep)
../sram_bsp/\libhal_bsp.a(alt_sys_init.o)
                              ../sram_bsp/\libhal_bsp.a(alt_putstr.o) (jtag_uart)
../sram_bsp/\libhal_bsp.a(altera_avalon_jtag_uart_write.o)
                              ../sram_bsp/\libhal_bsp.a(alt_putstr.o) (altera_avalon_jtag_uart_write)
../sram_bsp/\libhal_bsp.a(alt_busy_sleep.o)
                              ../sram_bsp/\libhal_bsp.a(alt_usleep.o) (alt_busy_sleep)
../sram_bsp/\libhal_bsp.a(alt_dcache_flush_all.o)
                              ../sram_bsp/\libhal_bsp.a(alt_load.o) (alt_dcache_flush_all)
../sram_bsp/\libhal_bsp.a(alt_icache_flush_all.o)
                              ../sram_bsp/\libhal_bsp.a(alt_load.o) (alt_icache_flush_all)
../sram_bsp/\libhal_bsp.a(altera_nios2_gen2_irq.o)
                              ../sram_bsp/\libhal_bsp.a(alt_sys_init.o) (altera_nios2_gen2_irq_init)
c:/altera/15.1/nios2eds/bin/gnu/h-x86_64-mingw32/bin/../lib/gcc/nios2-elf/4.9.2/../../../../../H-x86_64-mingw32/nios2-elf/lib/mno-hw-mul\libsmallc.a(lib_a-strlen.o)
                              ../sram_bsp/\libhal_bsp.a(alt_putstr.o) (strlen)
c:/altera/15.1/nios2eds/bin/gnu/h-x86_64-mingw32/bin/../lib/gcc/nios2-elf/4.9.2/mno-hw-mul\libgcc.a(lib2-divmod.o)
                              ../sram_bsp/\libhal_bsp.a(alt_busy_sleep.o) (__udivsi3)
c:/altera/15.1/nios2eds/bin/gnu/h-x86_64-mingw32/bin/../lib/gcc/nios2-elf/4.9.2/mno-hw-mul\libgcc.a(lib2-mul.o)
                              ../sram_bsp/\libhal_bsp.a(alt_busy_sleep.o) (__mulsi3)

Memory Configuration

Name             Origin             Length             Attributes
reset            0x0000000000001000 0x0000000000000020
onchip_memory    0x0000000000001020 0x0000000000000fe0
*default*        0x0000000000000000 0xffffffffffffffff

Linker script and memory map

LOAD ../sram_bsp//obj/HAL/src/crt0.o
LOAD obj/default/hello_world_small.o
LOAD c:/altera/15.1/nios2eds/bin/gnu/h-x86_64-mingw32/bin/../lib/gcc/nios2-elf/4.9.2/../../../../../H-x86_64-mingw32/nios2-elf/lib/mno-hw-mul\libstdc++.a
LOAD c:/altera/15.1/nios2eds/bin/gnu/h-x86_64-mingw32/bin/../lib/gcc/nios2-elf/4.9.2/../../../../../H-x86_64-mingw32/nios2-elf/lib/mno-hw-mul\libm.a
LOAD c:/altera/15.1/nios2eds/bin/gnu/h-x86_64-mingw32/bin/../lib/gcc/nios2-elf/4.9.2/mno-hw-mul\libgcc.a
START GROUP
LOAD c:/altera/15.1/nios2eds/bin/gnu/h-x86_64-mingw32/bin/../lib/gcc/nios2-elf/4.9.2/../../../../../H-x86_64-mingw32/nios2-elf/lib/mno-hw-mul\libsmallc.a
LOAD c:/altera/15.1/nios2eds/bin/gnu/h-x86_64-mingw32/bin/../lib/gcc/nios2-elf/4.9.2/mno-hw-mul\libgcc.a
LOAD ../sram_bsp/\libhal_bsp.a
LOAD c:/altera/15.1/nios2eds/bin/gnu/h-x86_64-mingw32/bin/../lib/gcc/nios2-elf/4.9.2/../../../../../H-x86_64-mingw32/nios2-elf/lib/mno-hw-mul\libm.a
END GROUP
LOAD c:/altera/15.1/nios2eds/bin/gnu/h-x86_64-mingw32/bin/../lib/gcc/nios2-elf/4.9.2/mno-hw-mul\libgcc.a
                0x0000000000001000                __alt_mem_onchip_memory = 0x1000

.entry          0x0000000000001000       0x20
 *(.entry)
 .entry         0x0000000000001000       0x20 ../sram_bsp//obj/HAL/src/crt0.o
                0x0000000000001000                __reset
                0x000000000000100c                _exit

.exceptions     0x0000000000001020        0x0
                0x0000000000001020                PROVIDE (__ram_exceptions_start, ABSOLUTE (.))
                0x0000000000001020                . = ALIGN (0x20)
 *(.irq)
 *(.exceptions.entry.label)
 *(.exceptions.entry.user)
 *(.exceptions.entry.ecc_fatal)
 *(.exceptions.entry)
 *(.exceptions.irqtest.user)
 *(.exceptions.irqtest)
 *(.exceptions.irqhandler.user)
 *(.exceptions.irqhandler)
 *(.exceptions.irqreturn.user)
 *(.exceptions.irqreturn)
 *(.exceptions.notirq.label)
 *(.exceptions.notirq.user)
 *(.exceptions.notirq)
 *(.exceptions.soft.user)
 *(.exceptions.soft)
 *(.exceptions.unknown.user)
 *(.exceptions.unknown)
 *(.exceptions.exit.label)
 *(.exceptions.exit.user)
 *(.exceptions.exit)
 *(.exceptions)
                0x0000000000001020                PROVIDE (__ram_exceptions_end, ABSOLUTE (.))
                0x0000000000001020                PROVIDE (__flash_exceptions_start, LOADADDR (.exceptions))

.text           0x0000000000001020      0x6b8
                0x0000000000001020                PROVIDE (stext, ABSOLUTE (.))
 *(.interp)
 *(.hash)
 *(.dynsym)
 *(.dynstr)
 *(.gnu.version)
 *(.gnu.version_d)
 *(.gnu.version_r)
 *(.rel.init)
 *(.rela.init)
 *(.rel.text .rel.text.* .rel.gnu.linkonce.t.*)
 *(.rela.text .rela.text.* .rela.gnu.linkonce.t.*)
 *(.rel.fini)
 *(.rela.fini)
 *(.rel.rodata .rel.rodata.* .rel.gnu.linkonce.r.*)
 *(.rela.rodata .rela.rodata.* .rela.gnu.linkonce.r.*)
 *(.rel.data .rel.data.* .rel.gnu.linkonce.d.*)
 *(.rela.data .rela.data.* .rela.gnu.linkonce.d.*)
 *(.rel.tdata .rel.tdata.* .rel.gnu.linkonce.td.*)
 *(.rela.tdata .rela.tdata.* .rela.gnu.linkonce.td.*)
 *(.rel.tbss .rel.tbss.* .rel.gnu.linkonce.tb.*)
 *(.rela.tbss .rela.tbss.* .rela.gnu.linkonce.tb.*)
 *(.rel.ctors)
 *(.rela.ctors)
 *(.rel.dtors)
 *(.rela.dtors)
 *(.rel.got)
 *(.rela.got)
 *(.rel.sdata .rel.sdata.* .rel.gnu.linkonce.s.*)
 *(.rela.sdata .rela.sdata.* .rela.gnu.linkonce.s.*)
 *(.rel.sbss .rel.sbss.* .rel.gnu.linkonce.sb.*)
 *(.rela.sbss .rela.sbss.* .rela.gnu.linkonce.sb.*)
 *(.rel.sdata2 .rel.sdata2.* .rel.gnu.linkonce.s2.*)
 *(.rela.sdata2 .rela.sdata2.* .rela.gnu.linkonce.s2.*)
 *(.rel.sbss2 .rel.sbss2.* .rel.gnu.linkonce.sb2.*)
 *(.rela.sbss2 .rela.sbss2.* .rela.gnu.linkonce.sb2.*)
 *(.rel.bss .rel.bss.* .rel.gnu.linkonce.b.*)
 *(.rela.bss .rela.bss.* .rela.gnu.linkonce.b.*)
 *(.rel.plt)
 *(.rela.plt)
 *(.rel.dyn)
 *(.init)
 *(.plt)
 *(.text .stub .text.* .gnu.linkonce.t.*)
 .text          0x0000000000001020       0x3c ../sram_bsp//obj/HAL/src/crt0.o
                0x0000000000001020                _start
 .text          0x000000000000105c        0x0 obj/default/hello_world_small.o
 .text.startup  0x000000000000105c       0xd0 obj/default/hello_world_small.o
                0x000000000000105c                main
 .text          0x000000000000112c       0xe4 ../sram_bsp/\libhal_bsp.a(alt_load.o)
                0x0000000000001190                alt_load
 .text          0x0000000000001210       0x4c ../sram_bsp/\libhal_bsp.a(alt_main.o)
                0x0000000000001210                alt_main
 .text          0x000000000000125c       0x48 ../sram_bsp/\libhal_bsp.a(alt_putstr.o)
                0x000000000000125c                alt_putstr
 .text          0x00000000000012a4       0x30 ../sram_bsp/\libhal_bsp.a(alt_usleep.o)
                0x00000000000012a4                usleep
 .text          0x00000000000012d4       0x50 ../sram_bsp/\libhal_bsp.a(alt_sys_init.o)
                0x00000000000012d4                alt_irq_init
                0x0000000000001308                alt_sys_init
 .text          0x0000000000001324       0x94 ../sram_bsp/\libhal_bsp.a(altera_avalon_jtag_uart_write.o)
                0x0000000000001324                altera_avalon_jtag_uart_write
 .text          0x00000000000013b8      0x158 ../sram_bsp/\libhal_bsp.a(alt_busy_sleep.o)
                0x00000000000013b8                alt_busy_sleep
 .text          0x0000000000001510       0x1c ../sram_bsp/\libhal_bsp.a(alt_dcache_flush_all.o)
                0x0000000000001510                alt_dcache_flush_all
 .text          0x000000000000152c       0x1c ../sram_bsp/\libhal_bsp.a(alt_icache_flush_all.o)
                0x000000000000152c                alt_icache_flush_all
 .text          0x0000000000001548       0x20 ../sram_bsp/\libhal_bsp.a(altera_nios2_gen2_irq.o)
                0x0000000000001548                altera_nios2_gen2_irq_init
 .text          0x0000000000001568        0x0 c:/altera/15.1/nios2eds/bin/gnu/h-x86_64-mingw32/bin/../lib/gcc/nios2-elf/4.9.2/../../../../../H-x86_64-mingw32/nios2-elf/lib/mno-hw-mul\libsmallc.a(lib_a-strlen.o)
 .text.strlen   0x0000000000001568       0x1c c:/altera/15.1/nios2eds/bin/gnu/h-x86_64-mingw32/bin/../lib/gcc/nios2-elf/4.9.2/../../../../../H-x86_64-mingw32/nios2-elf/lib/mno-hw-mul\libsmallc.a(lib_a-strlen.o)
                0x0000000000001568                strlen
 .text          0x0000000000001584      0x12c c:/altera/15.1/nios2eds/bin/gnu/h-x86_64-mingw32/bin/../lib/gcc/nios2-elf/4.9.2/mno-hw-mul\libgcc.a(lib2-divmod.o)
                0x00000000000015f0                __divsi3
                0x0000000000001644                __modsi3
                0x00000000000016a0                __udivsi3
                0x00000000000016a8                __umodsi3
 .text          0x00000000000016b0       0x28 c:/altera/15.1/nios2eds/bin/gnu/h-x86_64-mingw32/bin/../lib/gcc/nios2-elf/4.9.2/mno-hw-mul\libgcc.a(lib2-mul.o)
                0x00000000000016b0                __mulsi3
 *(.gnu.warning.*)
 *(.fini)
                0x00000000000016d8                PROVIDE (__etext, ABSOLUTE (.))
                0x00000000000016d8                PROVIDE (_etext, ABSOLUTE (.))
                0x00000000000016d8                PROVIDE (etext, ABSOLUTE (.))
 *(.eh_frame_hdr)
                0x00000000000016d8                . = ALIGN (0x4)
                0x00000000000016d8                PROVIDE (__preinit_array_start, ABSOLUTE (.))
 *(.preinit_array)
                0x00000000000016d8                PROVIDE (__preinit_array_end, ABSOLUTE (.))
                0x00000000000016d8                PROVIDE (__init_array_start, ABSOLUTE (.))
 *(.init_array)
                0x00000000000016d8                PROVIDE (__init_array_end, ABSOLUTE (.))
                0x00000000000016d8                PROVIDE (__fini_array_start, ABSOLUTE (.))
 *(.fini_array)
                0x00000000000016d8                PROVIDE (__fini_array_end, ABSOLUTE (.))
 *(.eh_frame)
 *(.gcc_except_table .gcc_except_table.*)
 *(.dynamic)
                0x00000000000016d8                PROVIDE (__CTOR_LIST__, ABSOLUTE (.))
 *(.ctors)
 *(SORT(.ctors.*))
                0x00000000000016d8                PROVIDE (__CTOR_END__, ABSOLUTE (.))
                0x00000000000016d8                PROVIDE (__DTOR_LIST__, ABSOLUTE (.))
 *(.dtors)
 *(SORT(.dtors.*))
                0x00000000000016d8                PROVIDE (__DTOR_END__, ABSOLUTE (.))
 *(.jcr)
                0x00000000000016d8                . = ALIGN (0x4)

.rodata         0x00000000000016d8       0x18
                0x00000000000016d8                PROVIDE (__ram_rodata_start, ABSOLUTE (.))
                0x00000000000016d8                . = ALIGN (0x4)
 *(.rodata .rodata.* .gnu.linkonce.r.*)
 .rodata.str1.4
                0x00000000000016d8       0x18 obj/default/hello_world_small.o
 *(.rodata1)
                0x00000000000016f0                . = ALIGN (0x4)
                0x00000000000016f0                PROVIDE (__ram_rodata_end, ABSOLUTE (.))
                0x00000000000016d8                PROVIDE (__flash_rodata_start, LOADADDR (.rodata))

.rwdata         0x00000000000016f0        0x4 load address 0x00000000000016f4
                0x00000000000016f0                PROVIDE (__ram_rwdata_start, ABSOLUTE (.))
                0x00000000000016f0                . = ALIGN (0x4)
 *(.got.plt)
 *(.got)
 *(.data1)
 *(.data .data.* .gnu.linkonce.d.*)
 .data          0x00000000000016f0        0x0 ../sram_bsp//obj/HAL/src/crt0.o
 .data          0x00000000000016f0        0x0 obj/default/hello_world_small.o
 .data          0x00000000000016f0        0x0 ../sram_bsp/\libhal_bsp.a(alt_load.o)
 .data          0x00000000000016f0        0x0 ../sram_bsp/\libhal_bsp.a(alt_main.o)
 .data          0x00000000000016f0        0x0 ../sram_bsp/\libhal_bsp.a(alt_putstr.o)
 .data          0x00000000000016f0        0x0 ../sram_bsp/\libhal_bsp.a(alt_usleep.o)
 .data          0x00000000000016f0        0x0 ../sram_bsp/\libhal_bsp.a(alt_sys_init.o)
 .data          0x00000000000016f0        0x0 ../sram_bsp/\libhal_bsp.a(altera_avalon_jtag_uart_write.o)
 .data          0x00000000000016f0        0x0 ../sram_bsp/\libhal_bsp.a(alt_busy_sleep.o)
 .data          0x00000000000016f0        0x0 ../sram_bsp/\libhal_bsp.a(alt_dcache_flush_all.o)
 .data          0x00000000000016f0        0x0 ../sram_bsp/\libhal_bsp.a(alt_icache_flush_all.o)
 .data          0x00000000000016f0        0x0 ../sram_bsp/\libhal_bsp.a(altera_nios2_gen2_irq.o)
 .data          0x00000000000016f0        0x0 c:/altera/15.1/nios2eds/bin/gnu/h-x86_64-mingw32/bin/../lib/gcc/nios2-elf/4.9.2/../../../../../H-x86_64-mingw32/nios2-elf/lib/mno-hw-mul\libsmallc.a(lib_a-strlen.o)
 .data          0x00000000000016f0        0x0 c:/altera/15.1/nios2eds/bin/gnu/h-x86_64-mingw32/bin/../lib/gcc/nios2-elf/4.9.2/mno-hw-mul\libgcc.a(lib2-divmod.o)
 .data          0x00000000000016f0        0x0 c:/altera/15.1/nios2eds/bin/gnu/h-x86_64-mingw32/bin/../lib/gcc/nios2-elf/4.9.2/mno-hw-mul\libgcc.a(lib2-mul.o)
                0x00000000000096f0                _gp = ABSOLUTE ((. + 0x8000))
                0x00000000000096f0                PROVIDE (gp, _gp)
 *(.rwdata .rwdata.*)
 *(.sdata .sdata.* .gnu.linkonce.s.*)
 .sdata         0x00000000000016f0        0x4 ../sram_bsp/\libhal_bsp.a(alt_sys_init.o)
                0x00000000000016f0                jtag_uart
 *(.sdata2 .sdata2.* .gnu.linkonce.s2.*)
                0x00000000000016f4                . = ALIGN (0x4)
                0x00000000000016f4                _edata = ABSOLUTE (.)
                0x00000000000016f4                PROVIDE (edata, ABSOLUTE (.))
                0x00000000000016f4                PROVIDE (__ram_rwdata_end, ABSOLUTE (.))
                0x00000000000016f4                PROVIDE (__flash_rwdata_start, LOADADDR (.rwdata))

.bss            0x00000000000016f8        0xc
                0x00000000000016f8                __bss_start = ABSOLUTE (.)
                0x00000000000016f8                PROVIDE (__sbss_start, ABSOLUTE (.))
                0x00000000000016f8                PROVIDE (___sbss_start, ABSOLUTE (.))
 *(.dynsbss)
 *(.sbss .sbss.* .gnu.linkonce.sb.*)
 .sbss          0x00000000000016f8        0xc ../sram_bsp/\libhal_bsp.a(alt_main.o)
                0x00000000000016f8                alt_argc
                0x00000000000016fc                alt_argv
                0x0000000000001700                alt_envp
 *(.sbss2 .sbss2.* .gnu.linkonce.sb2.*)
 *(.scommon)
                0x0000000000001704                PROVIDE (__sbss_end, ABSOLUTE (.))
                0x0000000000001704                PROVIDE (___sbss_end, ABSOLUTE (.))
 *(.dynbss)
 *(.bss .bss.* .gnu.linkonce.b.*)
 .bss           0x0000000000001704        0x0 ../sram_bsp//obj/HAL/src/crt0.o
 .bss           0x0000000000001704        0x0 obj/default/hello_world_small.o
 .bss           0x0000000000001704        0x0 ../sram_bsp/\libhal_bsp.a(alt_load.o)
 .bss           0x0000000000001704        0x0 ../sram_bsp/\libhal_bsp.a(alt_main.o)
 .bss           0x0000000000001704        0x0 ../sram_bsp/\libhal_bsp.a(alt_putstr.o)
 .bss           0x0000000000001704        0x0 ../sram_bsp/\libhal_bsp.a(alt_usleep.o)
 .bss           0x0000000000001704        0x0 ../sram_bsp/\libhal_bsp.a(alt_sys_init.o)
 .bss           0x0000000000001704        0x0 ../sram_bsp/\libhal_bsp.a(altera_avalon_jtag_uart_write.o)
 .bss           0x0000000000001704        0x0 ../sram_bsp/\libhal_bsp.a(alt_busy_sleep.o)
 .bss           0x0000000000001704        0x0 ../sram_bsp/\libhal_bsp.a(alt_dcache_flush_all.o)
 .bss           0x0000000000001704        0x0 ../sram_bsp/\libhal_bsp.a(alt_icache_flush_all.o)
 .bss           0x0000000000001704        0x0 ../sram_bsp/\libhal_bsp.a(altera_nios2_gen2_irq.o)
 .bss           0x0000000000001704        0x0 c:/altera/15.1/nios2eds/bin/gnu/h-x86_64-mingw32/bin/../lib/gcc/nios2-elf/4.9.2/../../../../../H-x86_64-mingw32/nios2-elf/lib/mno-hw-mul\libsmallc.a(lib_a-strlen.o)
 .bss           0x0000000000001704        0x0 c:/altera/15.1/nios2eds/bin/gnu/h-x86_64-mingw32/bin/../lib/gcc/nios2-elf/4.9.2/mno-hw-mul\libgcc.a(lib2-divmod.o)
 .bss           0x0000000000001704        0x0 c:/altera/15.1/nios2eds/bin/gnu/h-x86_64-mingw32/bin/../lib/gcc/nios2-elf/4.9.2/mno-hw-mul\libgcc.a(lib2-mul.o)
 *(COMMON)
                0x0000000000001704                . = ALIGN (0x4)
                0x0000000000001704                __bss_end = ABSOLUTE (.)

.onchip_memory  0x0000000000001704        0x0
                0x0000000000001704                PROVIDE (_alt_partition_onchip_memory_start, ABSOLUTE (.))
 *(.onchip_memory .onchip_memory. onchip_memory.*)
                0x0000000000001704                . = ALIGN (0x4)
                0x0000000000001704                PROVIDE (_alt_partition_onchip_memory_end, ABSOLUTE (.))
                0x0000000000001704                _end = ABSOLUTE (.)
                0x0000000000001704                end = ABSOLUTE (.)
                0x0000000000001704                __alt_stack_base = ABSOLUTE (.)
                0x0000000000001704                PROVIDE (_alt_partition_onchip_memory_load_addr, LOADADDR (.onchip_memory))

.stab
 *(.stab)

.stabstr
 *(.stabstr)

.stab.excl
 *(.stab.excl)

.stab.exclstr
 *(.stab.exclstr)

.stab.index
 *(.stab.index)

.stab.indexstr
 *(.stab.indexstr)

.comment        0x0000000000000000       0x23
 *(.comment)
 .comment       0x0000000000000000       0x23 obj/default/hello_world_small.o
                                         0x24 (size before relaxing)
 .comment       0x0000000000000000       0x24 ../sram_bsp/\libhal_bsp.a(alt_load.o)
 .comment       0x0000000000000000       0x24 ../sram_bsp/\libhal_bsp.a(alt_main.o)
 .comment       0x0000000000000000       0x24 ../sram_bsp/\libhal_bsp.a(alt_putstr.o)
 .comment       0x0000000000000000       0x24 ../sram_bsp/\libhal_bsp.a(alt_usleep.o)
 .comment       0x0000000000000000       0x24 ../sram_bsp/\libhal_bsp.a(alt_sys_init.o)
 .comment       0x0000000000000000       0x24 ../sram_bsp/\libhal_bsp.a(altera_avalon_jtag_uart_write.o)
 .comment       0x0000000000000000       0x24 ../sram_bsp/\libhal_bsp.a(alt_busy_sleep.o)
 .comment       0x0000000000000000       0x24 ../sram_bsp/\libhal_bsp.a(alt_dcache_flush_all.o)
 .comment       0x0000000000000000       0x24 ../sram_bsp/\libhal_bsp.a(alt_icache_flush_all.o)
 .comment       0x0000000000000000       0x24 ../sram_bsp/\libhal_bsp.a(altera_nios2_gen2_irq.o)
 .comment       0x0000000000000000       0x24 c:/altera/15.1/nios2eds/bin/gnu/h-x86_64-mingw32/bin/../lib/gcc/nios2-elf/4.9.2/../../../../../H-x86_64-mingw32/nios2-elf/lib/mno-hw-mul\libsmallc.a(lib_a-strlen.o)
 .comment       0x0000000000000000       0x24 c:/altera/15.1/nios2eds/bin/gnu/h-x86_64-mingw32/bin/../lib/gcc/nios2-elf/4.9.2/mno-hw-mul\libgcc.a(lib2-divmod.o)
 .comment       0x0000000000000000       0x24 c:/altera/15.1/nios2eds/bin/gnu/h-x86_64-mingw32/bin/../lib/gcc/nios2-elf/4.9.2/mno-hw-mul\libgcc.a(lib2-mul.o)

.debug
 *(.debug)

.line
 *(.line)

.debug_srcinfo
 *(.debug_srcinfo)

.debug_sfnames
 *(.debug_sfnames)

.debug_aranges  0x0000000000000000      0x1e8
 *(.debug_aranges)
 .debug_aranges
                0x0000000000000000       0x28 ../sram_bsp//obj/HAL/src/crt0.o
 .debug_aranges
                0x0000000000000028       0x20 obj/default/hello_world_small.o
 .debug_aranges
                0x0000000000000048       0x20 ../sram_bsp/\libhal_bsp.a(alt_load.o)
 .debug_aranges
                0x0000000000000068       0x20 ../sram_bsp/\libhal_bsp.a(alt_main.o)
 .debug_aranges
                0x0000000000000088       0x20 ../sram_bsp/\libhal_bsp.a(alt_putstr.o)
 .debug_aranges
                0x00000000000000a8       0x20 ../sram_bsp/\libhal_bsp.a(alt_usleep.o)
 .debug_aranges
                0x00000000000000c8       0x20 ../sram_bsp/\libhal_bsp.a(alt_sys_init.o)
 .debug_aranges
                0x00000000000000e8       0x20 ../sram_bsp/\libhal_bsp.a(altera_avalon_jtag_uart_write.o)
 .debug_aranges
                0x0000000000000108       0x20 ../sram_bsp/\libhal_bsp.a(alt_busy_sleep.o)
 .debug_aranges
                0x0000000000000128       0x20 ../sram_bsp/\libhal_bsp.a(alt_dcache_flush_all.o)
 .debug_aranges
                0x0000000000000148       0x20 ../sram_bsp/\libhal_bsp.a(alt_icache_flush_all.o)
 .debug_aranges
                0x0000000000000168       0x20 ../sram_bsp/\libhal_bsp.a(altera_nios2_gen2_irq.o)
 .debug_aranges
                0x0000000000000188       0x20 c:/altera/15.1/nios2eds/bin/gnu/h-x86_64-mingw32/bin/../lib/gcc/nios2-elf/4.9.2/../../../../../H-x86_64-mingw32/nios2-elf/lib/mno-hw-mul\libsmallc.a(lib_a-strlen.o)
 .debug_aranges
                0x00000000000001a8       0x20 c:/altera/15.1/nios2eds/bin/gnu/h-x86_64-mingw32/bin/../lib/gcc/nios2-elf/4.9.2/mno-hw-mul\libgcc.a(lib2-divmod.o)
 .debug_aranges
                0x00000000000001c8       0x20 c:/altera/15.1/nios2eds/bin/gnu/h-x86_64-mingw32/bin/../lib/gcc/nios2-elf/4.9.2/mno-hw-mul\libgcc.a(lib2-mul.o)

.debug_pubnames
 *(.debug_pubnames)

.debug_info     0x0000000000000000      0xe73
 *(.debug_info .gnu.linkonce.wi.*)
 .debug_info    0x0000000000000000       0x66 ../sram_bsp//obj/HAL/src/crt0.o
 .debug_info    0x0000000000000066      0x10f obj/default/hello_world_small.o
 .debug_info    0x0000000000000175      0x13e ../sram_bsp/\libhal_bsp.a(alt_load.o)
 .debug_info    0x00000000000002b3      0x117 ../sram_bsp/\libhal_bsp.a(alt_main.o)
 .debug_info    0x00000000000003ca       0xee ../sram_bsp/\libhal_bsp.a(alt_putstr.o)
 .debug_info    0x00000000000004b8       0xa9 ../sram_bsp/\libhal_bsp.a(alt_usleep.o)
 .debug_info    0x0000000000000561      0x169 ../sram_bsp/\libhal_bsp.a(alt_sys_init.o)
 .debug_info    0x00000000000006ca      0x18e ../sram_bsp/\libhal_bsp.a(altera_avalon_jtag_uart_write.o)
 .debug_info    0x0000000000000858       0xd0 ../sram_bsp/\libhal_bsp.a(alt_busy_sleep.o)
 .debug_info    0x0000000000000928       0x8b ../sram_bsp/\libhal_bsp.a(alt_dcache_flush_all.o)
 .debug_info    0x00000000000009b3       0x8b ../sram_bsp/\libhal_bsp.a(alt_icache_flush_all.o)
 .debug_info    0x0000000000000a3e       0x8b ../sram_bsp/\libhal_bsp.a(altera_nios2_gen2_irq.o)
 .debug_info    0x0000000000000ac9       0xc2 c:/altera/15.1/nios2eds/bin/gnu/h-x86_64-mingw32/bin/../lib/gcc/nios2-elf/4.9.2/../../../../../H-x86_64-mingw32/nios2-elf/lib/mno-hw-mul\libsmallc.a(lib_a-strlen.o)
 .debug_info    0x0000000000000b8b      0x234 c:/altera/15.1/nios2eds/bin/gnu/h-x86_64-mingw32/bin/../lib/gcc/nios2-elf/4.9.2/mno-hw-mul\libgcc.a(lib2-divmod.o)
 .debug_info    0x0000000000000dbf       0xb4 c:/altera/15.1/nios2eds/bin/gnu/h-x86_64-mingw32/bin/../lib/gcc/nios2-elf/4.9.2/mno-hw-mul\libgcc.a(lib2-mul.o)

.debug_abbrev   0x0000000000000000      0x7d3
 *(.debug_abbrev)
 .debug_abbrev  0x0000000000000000       0x12 ../sram_bsp//obj/HAL/src/crt0.o
 .debug_abbrev  0x0000000000000012       0xb5 obj/default/hello_world_small.o
 .debug_abbrev  0x00000000000000c7       0x9f ../sram_bsp/\libhal_bsp.a(alt_load.o)
 .debug_abbrev  0x0000000000000166       0xa9 ../sram_bsp/\libhal_bsp.a(alt_main.o)
 .debug_abbrev  0x000000000000020f       0x99 ../sram_bsp/\libhal_bsp.a(alt_putstr.o)
 .debug_abbrev  0x00000000000002a8       0x60 ../sram_bsp/\libhal_bsp.a(alt_usleep.o)
 .debug_abbrev  0x0000000000000308       0xeb ../sram_bsp/\libhal_bsp.a(alt_sys_init.o)
 .debug_abbrev  0x00000000000003f3       0xd5 ../sram_bsp/\libhal_bsp.a(altera_avalon_jtag_uart_write.o)
 .debug_abbrev  0x00000000000004c8       0x7e ../sram_bsp/\libhal_bsp.a(alt_busy_sleep.o)
 .debug_abbrev  0x0000000000000546       0x42 ../sram_bsp/\libhal_bsp.a(alt_dcache_flush_all.o)
 .debug_abbrev  0x0000000000000588       0x42 ../sram_bsp/\libhal_bsp.a(alt_icache_flush_all.o)
 .debug_abbrev  0x00000000000005ca       0x42 ../sram_bsp/\libhal_bsp.a(altera_nios2_gen2_irq.o)
 .debug_abbrev  0x000000000000060c       0x7f c:/altera/15.1/nios2eds/bin/gnu/h-x86_64-mingw32/bin/../lib/gcc/nios2-elf/4.9.2/../../../../../H-x86_64-mingw32/nios2-elf/lib/mno-hw-mul\libsmallc.a(lib_a-strlen.o)
 .debug_abbrev  0x000000000000068b       0xd9 c:/altera/15.1/nios2eds/bin/gnu/h-x86_64-mingw32/bin/../lib/gcc/nios2-elf/4.9.2/mno-hw-mul\libgcc.a(lib2-divmod.o)
 .debug_abbrev  0x0000000000000764       0x6f c:/altera/15.1/nios2eds/bin/gnu/h-x86_64-mingw32/bin/../lib/gcc/nios2-elf/4.9.2/mno-hw-mul\libgcc.a(lib2-mul.o)

.debug_line     0x0000000000000000      0x936
 *(.debug_line)
 .debug_line    0x0000000000000000       0x66 ../sram_bsp//obj/HAL/src/crt0.o
 .debug_line    0x0000000000000066       0xaa obj/default/hello_world_small.o
 .debug_line    0x0000000000000110       0x8d ../sram_bsp/\libhal_bsp.a(alt_load.o)
 .debug_line    0x000000000000019d       0x99 ../sram_bsp/\libhal_bsp.a(alt_main.o)
 .debug_line    0x0000000000000236       0x48 ../sram_bsp/\libhal_bsp.a(alt_putstr.o)
 .debug_line    0x000000000000027e       0xa5 ../sram_bsp/\libhal_bsp.a(alt_usleep.o)
 .debug_line    0x0000000000000323       0xe9 ../sram_bsp/\libhal_bsp.a(alt_sys_init.o)
 .debug_line    0x000000000000040c       0xf4 ../sram_bsp/\libhal_bsp.a(altera_avalon_jtag_uart_write.o)
 .debug_line    0x0000000000000500       0xa2 ../sram_bsp/\libhal_bsp.a(alt_busy_sleep.o)
 .debug_line    0x00000000000005a2       0x51 ../sram_bsp/\libhal_bsp.a(alt_dcache_flush_all.o)
 .debug_line    0x00000000000005f3       0x4f ../sram_bsp/\libhal_bsp.a(alt_icache_flush_all.o)
 .debug_line    0x0000000000000642       0x51 ../sram_bsp/\libhal_bsp.a(altera_nios2_gen2_irq.o)
 .debug_line    0x0000000000000693      0x15c c:/altera/15.1/nios2eds/bin/gnu/h-x86_64-mingw32/bin/../lib/gcc/nios2-elf/4.9.2/../../../../../H-x86_64-mingw32/nios2-elf/lib/mno-hw-mul\libsmallc.a(lib_a-strlen.o)
 .debug_line    0x00000000000007ef       0xc7 c:/altera/15.1/nios2eds/bin/gnu/h-x86_64-mingw32/bin/../lib/gcc/nios2-elf/4.9.2/mno-hw-mul\libgcc.a(lib2-divmod.o)
 .debug_line    0x00000000000008b6       0x80 c:/altera/15.1/nios2eds/bin/gnu/h-x86_64-mingw32/bin/../lib/gcc/nios2-elf/4.9.2/mno-hw-mul\libgcc.a(lib2-mul.o)

.debug_frame    0x0000000000000000      0x370
 *(.debug_frame)
 .debug_frame   0x0000000000000000       0x3c obj/default/hello_world_small.o
 .debug_frame   0x000000000000003c       0x5c ../sram_bsp/\libhal_bsp.a(alt_load.o)
 .debug_frame   0x0000000000000098       0x38 ../sram_bsp/\libhal_bsp.a(alt_main.o)
 .debug_frame   0x00000000000000d0       0x38 ../sram_bsp/\libhal_bsp.a(alt_putstr.o)
 .debug_frame   0x0000000000000108       0x38 ../sram_bsp/\libhal_bsp.a(alt_usleep.o)
 .debug_frame   0x0000000000000140       0x5c ../sram_bsp/\libhal_bsp.a(alt_sys_init.o)
 .debug_frame   0x000000000000019c       0x34 ../sram_bsp/\libhal_bsp.a(altera_avalon_jtag_uart_write.o)
 .debug_frame   0x00000000000001d0       0x38 ../sram_bsp/\libhal_bsp.a(alt_busy_sleep.o)
 .debug_frame   0x0000000000000208       0x34 ../sram_bsp/\libhal_bsp.a(alt_dcache_flush_all.o)
 .debug_frame   0x000000000000023c       0x34 ../sram_bsp/\libhal_bsp.a(alt_icache_flush_all.o)
 .debug_frame   0x0000000000000270       0x34 ../sram_bsp/\libhal_bsp.a(altera_nios2_gen2_irq.o)
 .debug_frame   0x00000000000002a4       0x20 c:/altera/15.1/nios2eds/bin/gnu/h-x86_64-mingw32/bin/../lib/gcc/nios2-elf/4.9.2/../../../../../H-x86_64-mingw32/nios2-elf/lib/mno-hw-mul\libsmallc.a(lib_a-strlen.o)
 .debug_frame   0x00000000000002c4       0x8c c:/altera/15.1/nios2eds/bin/gnu/h-x86_64-mingw32/bin/../lib/gcc/nios2-elf/4.9.2/mno-hw-mul\libgcc.a(lib2-divmod.o)
 .debug_frame   0x0000000000000350       0x20 c:/altera/15.1/nios2eds/bin/gnu/h-x86_64-mingw32/bin/../lib/gcc/nios2-elf/4.9.2/mno-hw-mul\libgcc.a(lib2-mul.o)

.debug_str      0x0000000000000000      0x7df
 *(.debug_str)
 .debug_str     0x0000000000000000       0xe5 obj/default/hello_world_small.o
                                        0x123 (size before relaxing)
 .debug_str     0x00000000000000e5      0x15b ../sram_bsp/\libhal_bsp.a(alt_load.o)
                                        0x1ed (size before relaxing)
 .debug_str     0x0000000000000240       0x75 ../sram_bsp/\libhal_bsp.a(alt_main.o)
                                        0x171 (size before relaxing)
 .debug_str     0x00000000000002b5       0x5d ../sram_bsp/\libhal_bsp.a(alt_putstr.o)
                                        0x164 (size before relaxing)
 .debug_str     0x0000000000000312       0x20 ../sram_bsp/\libhal_bsp.a(alt_usleep.o)
                                        0x123 (size before relaxing)
 .debug_str     0x0000000000000332       0x85 ../sram_bsp/\libhal_bsp.a(alt_sys_init.o)
                                        0x1e4 (size before relaxing)
 .debug_str     0x00000000000003b7       0x3f ../sram_bsp/\libhal_bsp.a(altera_avalon_jtag_uart_write.o)
                                        0x1f0 (size before relaxing)
 .debug_str     0x00000000000003f6       0x42 ../sram_bsp/\libhal_bsp.a(alt_busy_sleep.o)
                                        0x146 (size before relaxing)
 .debug_str     0x0000000000000438       0x34 ../sram_bsp/\libhal_bsp.a(alt_dcache_flush_all.o)
                                        0x130 (size before relaxing)
 .debug_str     0x000000000000046c       0x34 ../sram_bsp/\libhal_bsp.a(alt_icache_flush_all.o)
                                        0x130 (size before relaxing)
 .debug_str     0x00000000000004a0       0x3b ../sram_bsp/\libhal_bsp.a(altera_nios2_gen2_irq.o)
                                        0x137 (size before relaxing)
 .debug_str     0x00000000000004db      0x13f c:/altera/15.1/nios2eds/bin/gnu/h-x86_64-mingw32/bin/../lib/gcc/nios2-elf/4.9.2/../../../../../H-x86_64-mingw32/nios2-elf/lib/mno-hw-mul\libsmallc.a(lib_a-strlen.o)
                                        0x1d7 (size before relaxing)
 .debug_str     0x000000000000061a      0x185 c:/altera/15.1/nios2eds/bin/gnu/h-x86_64-mingw32/bin/../lib/gcc/nios2-elf/4.9.2/mno-hw-mul\libgcc.a(lib2-divmod.o)
                                        0x1d0 (size before relaxing)
 .debug_str     0x000000000000079f       0x40 c:/altera/15.1/nios2eds/bin/gnu/h-x86_64-mingw32/bin/../lib/gcc/nios2-elf/4.9.2/mno-hw-mul\libgcc.a(lib2-mul.o)
                                        0x191 (size before relaxing)

.debug_loc      0x0000000000000000      0x34f
 *(.debug_loc)
 .debug_loc     0x0000000000000000       0x2b obj/default/hello_world_small.o
 .debug_loc     0x000000000000002b       0x1e c:/altera/15.1/nios2eds/bin/gnu/h-x86_64-mingw32/bin/../lib/gcc/nios2-elf/4.9.2/../../../../../H-x86_64-mingw32/nios2-elf/lib/mno-hw-mul\libsmallc.a(lib_a-strlen.o)
 .debug_loc     0x0000000000000049      0x273 c:/altera/15.1/nios2eds/bin/gnu/h-x86_64-mingw32/bin/../lib/gcc/nios2-elf/4.9.2/mno-hw-mul\libgcc.a(lib2-divmod.o)
 .debug_loc     0x00000000000002bc       0x93 c:/altera/15.1/nios2eds/bin/gnu/h-x86_64-mingw32/bin/../lib/gcc/nios2-elf/4.9.2/mno-hw-mul\libgcc.a(lib2-mul.o)

.debug_macinfo
 *(.debug_macinfo)

.debug_weaknames
 *(.debug_weaknames)

.debug_funcnames
 *(.debug_funcnames)

.debug_typenames
 *(.debug_typenames)

.debug_varnames
 *(.debug_varnames)

.debug_alt_sim_info
                0x0000000000000000       0x40
 *(.debug_alt_sim_info)
 .debug_alt_sim_info
                0x0000000000000000       0x10 ../sram_bsp//obj/HAL/src/crt0.o
 .debug_alt_sim_info
                0x0000000000000010       0x30 ../sram_bsp/\libhal_bsp.a(alt_busy_sleep.o)
                0x0000000000002000                __alt_data_end = 0x2000
                0x0000000000002000                PROVIDE (__alt_stack_pointer, __alt_data_end)
                0x0000000000001704                PROVIDE (__alt_stack_limit, __alt_stack_base)
                0x0000000000001704                PROVIDE (__alt_heap_start, end)
                0x0000000000002000                PROVIDE (__alt_heap_limit, 0x2000)
OUTPUT(sram.elf elf32-littlenios2)

.debug_ranges   0x0000000000000000       0x58
 .debug_ranges  0x0000000000000000       0x20 ../sram_bsp//obj/HAL/src/crt0.o
 .debug_ranges  0x0000000000000020       0x28 obj/default/hello_world_small.o
 .debug_ranges  0x0000000000000048       0x10 c:/altera/15.1/nios2eds/bin/gnu/h-x86_64-mingw32/bin/../lib/gcc/nios2-elf/4.9.2/../../../../../H-x86_64-mingw32/nios2-elf/lib/mno-hw-mul\libsmallc.a(lib_a-strlen.o)
