Archive member included to satisfy reference by file (symbol)

../hello_word_bsp/\libhal_bsp.a(alt_getchar.o)
                              obj/default/hello_world_small.o (alt_getchar)
../hello_word_bsp/\libhal_bsp.a(alt_load.o)
                              ../hello_word_bsp//obj/HAL/src/crt0.o (alt_load)
../hello_word_bsp/\libhal_bsp.a(alt_main.o)
                              ../hello_word_bsp//obj/HAL/src/crt0.o (alt_main)
../hello_word_bsp/\libhal_bsp.a(alt_putstr.o)
                              obj/default/hello_world_small.o (alt_putstr)
../hello_word_bsp/\libhal_bsp.a(alt_sys_init.o)
                              ../hello_word_bsp/\libhal_bsp.a(alt_getchar.o) (jtag_uart)
../hello_word_bsp/\libhal_bsp.a(altera_avalon_jtag_uart_read.o)
                              ../hello_word_bsp/\libhal_bsp.a(alt_getchar.o) (altera_avalon_jtag_uart_read)
../hello_word_bsp/\libhal_bsp.a(altera_avalon_jtag_uart_write.o)
                              ../hello_word_bsp/\libhal_bsp.a(alt_putstr.o) (altera_avalon_jtag_uart_write)
../hello_word_bsp/\libhal_bsp.a(alt_dcache_flush_all.o)
                              ../hello_word_bsp/\libhal_bsp.a(alt_load.o) (alt_dcache_flush_all)
../hello_word_bsp/\libhal_bsp.a(alt_dev.o)
                              ../hello_word_bsp/\libhal_bsp.a(alt_getchar.o) (alt_fd_list)
../hello_word_bsp/\libhal_bsp.a(alt_icache_flush_all.o)
                              ../hello_word_bsp/\libhal_bsp.a(alt_load.o) (alt_icache_flush_all)
../hello_word_bsp/\libhal_bsp.a(altera_nios2_gen2_irq.o)
                              ../hello_word_bsp/\libhal_bsp.a(alt_sys_init.o) (altera_nios2_gen2_irq_init)
c:/altera/15.1/nios2eds/bin/gnu/h-x86_64-mingw32/bin/../lib/gcc/nios2-elf/4.9.2/../../../../../H-x86_64-mingw32/nios2-elf/lib/mno-hw-mul\libsmallc.a(lib_a-strlen.o)
                              ../hello_word_bsp/\libhal_bsp.a(alt_putstr.o) (strlen)

Memory Configuration

Name             Origin             Length             Attributes
reset            0x0000000000001000 0x0000000000000020
onchip_memory    0x0000000000001020 0x0000000000000fe0
*default*        0x0000000000000000 0xffffffffffffffff

Linker script and memory map

LOAD ../hello_word_bsp//obj/HAL/src/crt0.o
LOAD obj/default/hello_world_small.o
LOAD c:/altera/15.1/nios2eds/bin/gnu/h-x86_64-mingw32/bin/../lib/gcc/nios2-elf/4.9.2/../../../../../H-x86_64-mingw32/nios2-elf/lib/mno-hw-mul\libstdc++.a
LOAD c:/altera/15.1/nios2eds/bin/gnu/h-x86_64-mingw32/bin/../lib/gcc/nios2-elf/4.9.2/../../../../../H-x86_64-mingw32/nios2-elf/lib/mno-hw-mul\libm.a
LOAD c:/altera/15.1/nios2eds/bin/gnu/h-x86_64-mingw32/bin/../lib/gcc/nios2-elf/4.9.2/mno-hw-mul\libgcc.a
START GROUP
LOAD c:/altera/15.1/nios2eds/bin/gnu/h-x86_64-mingw32/bin/../lib/gcc/nios2-elf/4.9.2/../../../../../H-x86_64-mingw32/nios2-elf/lib/mno-hw-mul\libsmallc.a
LOAD c:/altera/15.1/nios2eds/bin/gnu/h-x86_64-mingw32/bin/../lib/gcc/nios2-elf/4.9.2/mno-hw-mul\libgcc.a
LOAD ../hello_word_bsp/\libhal_bsp.a
LOAD c:/altera/15.1/nios2eds/bin/gnu/h-x86_64-mingw32/bin/../lib/gcc/nios2-elf/4.9.2/../../../../../H-x86_64-mingw32/nios2-elf/lib/mno-hw-mul\libm.a
END GROUP
LOAD c:/altera/15.1/nios2eds/bin/gnu/h-x86_64-mingw32/bin/../lib/gcc/nios2-elf/4.9.2/mno-hw-mul\libgcc.a
                0x0000000000001000                __alt_mem_onchip_memory = 0x1000

.entry          0x0000000000001000       0x20
 *(.entry)
 .entry         0x0000000000001000       0x20 ../hello_word_bsp//obj/HAL/src/crt0.o
                0x0000000000001000                __reset
                0x000000000000100c                _exit

.exceptions     0x0000000000001020        0x0
                0x0000000000001020                PROVIDE (__ram_exceptions_start, ABSOLUTE (.))
                0x0000000000001020                . = ALIGN (0x20)
 *(.irq)
 *(.exceptions.entry.label)
 *(.exceptions.entry.user)
 *(.exceptions.entry.ecc_fatal)
 *(.exceptions.entry)
 *(.exceptions.irqtest.user)
 *(.exceptions.irqtest)
 *(.exceptions.irqhandler.user)
 *(.exceptions.irqhandler)
 *(.exceptions.irqreturn.user)
 *(.exceptions.irqreturn)
 *(.exceptions.notirq.label)
 *(.exceptions.notirq.user)
 *(.exceptions.notirq)
 *(.exceptions.soft.user)
 *(.exceptions.soft)
 *(.exceptions.unknown.user)
 *(.exceptions.unknown)
 *(.exceptions.exit.label)
 *(.exceptions.exit.user)
 *(.exceptions.exit)
 *(.exceptions)
                0x0000000000001020                PROVIDE (__ram_exceptions_end, ABSOLUTE (.))
                0x0000000000001020                PROVIDE (__flash_exceptions_start, LOADADDR (.exceptions))

.text           0x0000000000001020      0x4f8
                0x0000000000001020                PROVIDE (stext, ABSOLUTE (.))
 *(.interp)
 *(.hash)
 *(.dynsym)
 *(.dynstr)
 *(.gnu.version)
 *(.gnu.version_d)
 *(.gnu.version_r)
 *(.rel.init)
 *(.rela.init)
 *(.rel.text .rel.text.* .rel.gnu.linkonce.t.*)
 *(.rela.text .rela.text.* .rela.gnu.linkonce.t.*)
 *(.rel.fini)
 *(.rela.fini)
 *(.rel.rodata .rel.rodata.* .rel.gnu.linkonce.r.*)
 *(.rela.rodata .rela.rodata.* .rela.gnu.linkonce.r.*)
 *(.rel.data .rel.data.* .rel.gnu.linkonce.d.*)
 *(.rela.data .rela.data.* .rela.gnu.linkonce.d.*)
 *(.rel.tdata .rel.tdata.* .rel.gnu.linkonce.td.*)
 *(.rela.tdata .rela.tdata.* .rela.gnu.linkonce.td.*)
 *(.rel.tbss .rel.tbss.* .rel.gnu.linkonce.tb.*)
 *(.rela.tbss .rela.tbss.* .rela.gnu.linkonce.tb.*)
 *(.rel.ctors)
 *(.rela.ctors)
 *(.rel.dtors)
 *(.rela.dtors)
 *(.rel.got)
 *(.rela.got)
 *(.rel.sdata .rel.sdata.* .rel.gnu.linkonce.s.*)
 *(.rela.sdata .rela.sdata.* .rela.gnu.linkonce.s.*)
 *(.rel.sbss .rel.sbss.* .rel.gnu.linkonce.sb.*)
 *(.rela.sbss .rela.sbss.* .rela.gnu.linkonce.sb.*)
 *(.rel.sdata2 .rel.sdata2.* .rel.gnu.linkonce.s2.*)
 *(.rela.sdata2 .rela.sdata2.* .rela.gnu.linkonce.s2.*)
 *(.rel.sbss2 .rel.sbss2.* .rel.gnu.linkonce.sb2.*)
 *(.rela.sbss2 .rela.sbss2.* .rela.gnu.linkonce.sb2.*)
 *(.rel.bss .rel.bss.* .rel.gnu.linkonce.b.*)
 *(.rela.bss .rela.bss.* .rela.gnu.linkonce.b.*)
 *(.rel.plt)
 *(.rela.plt)
 *(.rel.dyn)
 *(.init)
 *(.plt)
 *(.text .stub .text.* .gnu.linkonce.t.*)
 .text          0x0000000000001020       0x3c ../hello_word_bsp//obj/HAL/src/crt0.o
                0x0000000000001020                _start
 .text          0x000000000000105c        0x0 obj/default/hello_world_small.o
 .text.startup  0x000000000000105c       0x78 obj/default/hello_world_small.o
                0x000000000000105c                main
 .text          0x00000000000010d4       0x64 ../hello_word_bsp/\libhal_bsp.a(alt_getchar.o)
                0x00000000000010d4                alt_getchar
 .text          0x0000000000001138       0xe4 ../hello_word_bsp/\libhal_bsp.a(alt_load.o)
                0x000000000000119c                alt_load
 .text          0x000000000000121c       0x4c ../hello_word_bsp/\libhal_bsp.a(alt_main.o)
                0x000000000000121c                alt_main
 .text          0x0000000000001268       0x48 ../hello_word_bsp/\libhal_bsp.a(alt_putstr.o)
                0x0000000000001268                alt_putstr
 .text          0x00000000000012b0       0x50 ../hello_word_bsp/\libhal_bsp.a(alt_sys_init.o)
                0x00000000000012b0                alt_irq_init
                0x00000000000012e4                alt_sys_init
 .text          0x0000000000001300       0xe4 ../hello_word_bsp/\libhal_bsp.a(altera_avalon_jtag_uart_read.o)
                0x0000000000001300                altera_avalon_jtag_uart_read
 .text          0x00000000000013e4       0x94 ../hello_word_bsp/\libhal_bsp.a(altera_avalon_jtag_uart_write.o)
                0x00000000000013e4                altera_avalon_jtag_uart_write
 .text          0x0000000000001478       0x1c ../hello_word_bsp/\libhal_bsp.a(alt_dcache_flush_all.o)
                0x0000000000001478                alt_dcache_flush_all
 .text          0x0000000000001494       0x2c ../hello_word_bsp/\libhal_bsp.a(alt_dev.o)
 .text          0x00000000000014c0       0x1c ../hello_word_bsp/\libhal_bsp.a(alt_icache_flush_all.o)
                0x00000000000014c0                alt_icache_flush_all
 .text          0x00000000000014dc       0x20 ../hello_word_bsp/\libhal_bsp.a(altera_nios2_gen2_irq.o)
                0x00000000000014dc                altera_nios2_gen2_irq_init
 .text          0x00000000000014fc        0x0 c:/altera/15.1/nios2eds/bin/gnu/h-x86_64-mingw32/bin/../lib/gcc/nios2-elf/4.9.2/../../../../../H-x86_64-mingw32/nios2-elf/lib/mno-hw-mul\libsmallc.a(lib_a-strlen.o)
 .text.strlen   0x00000000000014fc       0x1c c:/altera/15.1/nios2eds/bin/gnu/h-x86_64-mingw32/bin/../lib/gcc/nios2-elf/4.9.2/../../../../../H-x86_64-mingw32/nios2-elf/lib/mno-hw-mul\libsmallc.a(lib_a-strlen.o)
                0x00000000000014fc                strlen
 *(.gnu.warning.*)
 *(.fini)
                0x0000000000001518                PROVIDE (__etext, ABSOLUTE (.))
                0x0000000000001518                PROVIDE (_etext, ABSOLUTE (.))
                0x0000000000001518                PROVIDE (etext, ABSOLUTE (.))
 *(.eh_frame_hdr)
                0x0000000000001518                . = ALIGN (0x4)
                0x0000000000001518                PROVIDE (__preinit_array_start, ABSOLUTE (.))
 *(.preinit_array)
                0x0000000000001518                PROVIDE (__preinit_array_end, ABSOLUTE (.))
                0x0000000000001518                PROVIDE (__init_array_start, ABSOLUTE (.))
 *(.init_array)
                0x0000000000001518                PROVIDE (__init_array_end, ABSOLUTE (.))
                0x0000000000001518                PROVIDE (__fini_array_start, ABSOLUTE (.))
 *(.fini_array)
                0x0000000000001518                PROVIDE (__fini_array_end, ABSOLUTE (.))
 *(.eh_frame)
 *(.gcc_except_table .gcc_except_table.*)
 *(.dynamic)
                0x0000000000001518                PROVIDE (__CTOR_LIST__, ABSOLUTE (.))
 *(.ctors)
 *(SORT(.ctors.*))
                0x0000000000001518                PROVIDE (__CTOR_END__, ABSOLUTE (.))
                0x0000000000001518                PROVIDE (__DTOR_LIST__, ABSOLUTE (.))
 *(.dtors)
 *(SORT(.dtors.*))
                0x0000000000001518                PROVIDE (__DTOR_END__, ABSOLUTE (.))
 *(.jcr)
                0x0000000000001518                . = ALIGN (0x4)

.rodata         0x0000000000001518       0x24
                0x0000000000001518                PROVIDE (__ram_rodata_start, ABSOLUTE (.))
                0x0000000000001518                . = ALIGN (0x4)
 *(.rodata .rodata.* .gnu.linkonce.r.*)
 .rodata.str1.4
                0x0000000000001518       0x18 obj/default/hello_world_small.o
 .rodata        0x0000000000001530        0xc ../hello_word_bsp/\libhal_bsp.a(alt_dev.o)
 *(.rodata1)
                0x000000000000153c                . = ALIGN (0x4)
                0x000000000000153c                PROVIDE (__ram_rodata_end, ABSOLUTE (.))
                0x0000000000001518                PROVIDE (__flash_rodata_start, LOADADDR (.rodata))

.rwdata         0x000000000000153c       0x70 load address 0x00000000000015ac
                0x000000000000153c                PROVIDE (__ram_rwdata_start, ABSOLUTE (.))
                0x000000000000153c                . = ALIGN (0x4)
 *(.got.plt)
 *(.got)
 *(.data1)
 *(.data .data.* .gnu.linkonce.d.*)
 .data          0x000000000000153c        0x0 ../hello_word_bsp//obj/HAL/src/crt0.o
 .data          0x000000000000153c        0x0 obj/default/hello_world_small.o
 .data          0x000000000000153c        0x0 ../hello_word_bsp/\libhal_bsp.a(alt_getchar.o)
 .data          0x000000000000153c        0x0 ../hello_word_bsp/\libhal_bsp.a(alt_load.o)
 .data          0x000000000000153c        0x0 ../hello_word_bsp/\libhal_bsp.a(alt_main.o)
 .data          0x000000000000153c        0x0 ../hello_word_bsp/\libhal_bsp.a(alt_putstr.o)
 .data          0x000000000000153c        0x0 ../hello_word_bsp/\libhal_bsp.a(alt_sys_init.o)
 .data          0x000000000000153c        0x0 ../hello_word_bsp/\libhal_bsp.a(altera_avalon_jtag_uart_read.o)
 .data          0x000000000000153c        0x0 ../hello_word_bsp/\libhal_bsp.a(altera_avalon_jtag_uart_write.o)
 .data          0x000000000000153c        0x0 ../hello_word_bsp/\libhal_bsp.a(alt_dcache_flush_all.o)
 .data          0x000000000000153c       0x58 ../hello_word_bsp/\libhal_bsp.a(alt_dev.o)
                0x000000000000153c                alt_dev_null
                0x0000000000001564                alt_fd_list
 .data          0x0000000000001594        0x0 ../hello_word_bsp/\libhal_bsp.a(alt_icache_flush_all.o)
 .data          0x0000000000001594        0x0 ../hello_word_bsp/\libhal_bsp.a(altera_nios2_gen2_irq.o)
 .data          0x0000000000001594        0x0 c:/altera/15.1/nios2eds/bin/gnu/h-x86_64-mingw32/bin/../lib/gcc/nios2-elf/4.9.2/../../../../../H-x86_64-mingw32/nios2-elf/lib/mno-hw-mul\libsmallc.a(lib_a-strlen.o)
                0x0000000000009594                _gp = ABSOLUTE ((. + 0x8000))
                0x0000000000009594                PROVIDE (gp, _gp)
 *(.rwdata .rwdata.*)
 *(.sdata .sdata.* .gnu.linkonce.s.*)
 .sdata         0x0000000000001594        0x4 ../hello_word_bsp/\libhal_bsp.a(alt_sys_init.o)
                0x0000000000001594                jtag_uart
 .sdata         0x0000000000001598       0x14 ../hello_word_bsp/\libhal_bsp.a(alt_dev.o)
                0x0000000000001598                alt_fs_list
                0x00000000000015a0                alt_dev_list
                0x00000000000015a8                alt_max_fd
 *(.sdata2 .sdata2.* .gnu.linkonce.s2.*)
                0x00000000000015ac                . = ALIGN (0x4)
                0x00000000000015ac                _edata = ABSOLUTE (.)
                0x00000000000015ac                PROVIDE (edata, ABSOLUTE (.))
                0x00000000000015ac                PROVIDE (__ram_rwdata_end, ABSOLUTE (.))
                0x00000000000015ac                PROVIDE (__flash_rwdata_start, LOADADDR (.rwdata))

.bss            0x000000000000161c        0xc
                0x000000000000161c                __bss_start = ABSOLUTE (.)
                0x000000000000161c                PROVIDE (__sbss_start, ABSOLUTE (.))
                0x000000000000161c                PROVIDE (___sbss_start, ABSOLUTE (.))
 *(.dynsbss)
 *(.sbss .sbss.* .gnu.linkonce.sb.*)
 .sbss          0x000000000000161c        0xc ../hello_word_bsp/\libhal_bsp.a(alt_main.o)
                0x000000000000161c                alt_argc
                0x0000000000001620                alt_argv
                0x0000000000001624                alt_envp
 *(.sbss2 .sbss2.* .gnu.linkonce.sb2.*)
 *(.scommon)
                0x0000000000001628                PROVIDE (__sbss_end, ABSOLUTE (.))
                0x0000000000001628                PROVIDE (___sbss_end, ABSOLUTE (.))
 *(.dynbss)
 *(.bss .bss.* .gnu.linkonce.b.*)
 .bss           0x0000000000001628        0x0 ../hello_word_bsp//obj/HAL/src/crt0.o
 .bss           0x0000000000001628        0x0 obj/default/hello_world_small.o
 .bss           0x0000000000001628        0x0 ../hello_word_bsp/\libhal_bsp.a(alt_getchar.o)
 .bss           0x0000000000001628        0x0 ../hello_word_bsp/\libhal_bsp.a(alt_load.o)
 .bss           0x0000000000001628        0x0 ../hello_word_bsp/\libhal_bsp.a(alt_main.o)
 .bss           0x0000000000001628        0x0 ../hello_word_bsp/\libhal_bsp.a(alt_putstr.o)
 .bss           0x0000000000001628        0x0 ../hello_word_bsp/\libhal_bsp.a(alt_sys_init.o)
 .bss           0x0000000000001628        0x0 ../hello_word_bsp/\libhal_bsp.a(altera_avalon_jtag_uart_read.o)
 .bss           0x0000000000001628        0x0 ../hello_word_bsp/\libhal_bsp.a(altera_avalon_jtag_uart_write.o)
 .bss           0x0000000000001628        0x0 ../hello_word_bsp/\libhal_bsp.a(alt_dcache_flush_all.o)
 .bss           0x0000000000001628        0x0 ../hello_word_bsp/\libhal_bsp.a(alt_dev.o)
 .bss           0x0000000000001628        0x0 ../hello_word_bsp/\libhal_bsp.a(alt_icache_flush_all.o)
 .bss           0x0000000000001628        0x0 ../hello_word_bsp/\libhal_bsp.a(altera_nios2_gen2_irq.o)
 .bss           0x0000000000001628        0x0 c:/altera/15.1/nios2eds/bin/gnu/h-x86_64-mingw32/bin/../lib/gcc/nios2-elf/4.9.2/../../../../../H-x86_64-mingw32/nios2-elf/lib/mno-hw-mul\libsmallc.a(lib_a-strlen.o)
 *(COMMON)
                0x0000000000001628                . = ALIGN (0x4)
                0x0000000000001628                __bss_end = ABSOLUTE (.)

.onchip_memory  0x0000000000001628        0x0
                0x0000000000001628                PROVIDE (_alt_partition_onchip_memory_start, ABSOLUTE (.))
 *(.onchip_memory .onchip_memory. onchip_memory.*)
                0x0000000000001628                . = ALIGN (0x4)
                0x0000000000001628                PROVIDE (_alt_partition_onchip_memory_end, ABSOLUTE (.))
                0x0000000000001628                _end = ABSOLUTE (.)
                0x0000000000001628                end = ABSOLUTE (.)
                0x0000000000001628                __alt_stack_base = ABSOLUTE (.)
                0x0000000000001628                PROVIDE (_alt_partition_onchip_memory_load_addr, LOADADDR (.onchip_memory))

.stab
 *(.stab)

.stabstr
 *(.stabstr)

.stab.excl
 *(.stab.excl)

.stab.exclstr
 *(.stab.exclstr)

.stab.index
 *(.stab.index)

.stab.indexstr
 *(.stab.indexstr)

.comment        0x0000000000000000       0x23
 *(.comment)
 .comment       0x0000000000000000       0x23 obj/default/hello_world_small.o
                                         0x24 (size before relaxing)
 .comment       0x0000000000000000       0x24 ../hello_word_bsp/\libhal_bsp.a(alt_getchar.o)
 .comment       0x0000000000000000       0x24 ../hello_word_bsp/\libhal_bsp.a(alt_load.o)
 .comment       0x0000000000000000       0x24 ../hello_word_bsp/\libhal_bsp.a(alt_main.o)
 .comment       0x0000000000000000       0x24 ../hello_word_bsp/\libhal_bsp.a(alt_putstr.o)
 .comment       0x0000000000000000       0x24 ../hello_word_bsp/\libhal_bsp.a(alt_sys_init.o)
 .comment       0x0000000000000000       0x24 ../hello_word_bsp/\libhal_bsp.a(altera_avalon_jtag_uart_read.o)
 .comment       0x0000000000000000       0x24 ../hello_word_bsp/\libhal_bsp.a(altera_avalon_jtag_uart_write.o)
 .comment       0x0000000000000000       0x24 ../hello_word_bsp/\libhal_bsp.a(alt_dcache_flush_all.o)
 .comment       0x0000000000000000       0x24 ../hello_word_bsp/\libhal_bsp.a(alt_dev.o)
 .comment       0x0000000000000000       0x24 ../hello_word_bsp/\libhal_bsp.a(alt_icache_flush_all.o)
 .comment       0x0000000000000000       0x24 ../hello_word_bsp/\libhal_bsp.a(altera_nios2_gen2_irq.o)
 .comment       0x0000000000000000       0x24 c:/altera/15.1/nios2eds/bin/gnu/h-x86_64-mingw32/bin/../lib/gcc/nios2-elf/4.9.2/../../../../../H-x86_64-mingw32/nios2-elf/lib/mno-hw-mul\libsmallc.a(lib_a-strlen.o)

.debug
 *(.debug)

.line
 *(.line)

.debug_srcinfo
 *(.debug_srcinfo)

.debug_sfnames
 *(.debug_sfnames)

.debug_aranges  0x0000000000000000      0x1c8
 *(.debug_aranges)
 .debug_aranges
                0x0000000000000000       0x28 ../hello_word_bsp//obj/HAL/src/crt0.o
 .debug_aranges
                0x0000000000000028       0x20 obj/default/hello_world_small.o
 .debug_aranges
                0x0000000000000048       0x20 ../hello_word_bsp/\libhal_bsp.a(alt_getchar.o)
 .debug_aranges
                0x0000000000000068       0x20 ../hello_word_bsp/\libhal_bsp.a(alt_load.o)
 .debug_aranges
                0x0000000000000088       0x20 ../hello_word_bsp/\libhal_bsp.a(alt_main.o)
 .debug_aranges
                0x00000000000000a8       0x20 ../hello_word_bsp/\libhal_bsp.a(alt_putstr.o)
 .debug_aranges
                0x00000000000000c8       0x20 ../hello_word_bsp/\libhal_bsp.a(alt_sys_init.o)
 .debug_aranges
                0x00000000000000e8       0x20 ../hello_word_bsp/\libhal_bsp.a(altera_avalon_jtag_uart_read.o)
 .debug_aranges
                0x0000000000000108       0x20 ../hello_word_bsp/\libhal_bsp.a(altera_avalon_jtag_uart_write.o)
 .debug_aranges
                0x0000000000000128       0x20 ../hello_word_bsp/\libhal_bsp.a(alt_dcache_flush_all.o)
 .debug_aranges
                0x0000000000000148       0x20 ../hello_word_bsp/\libhal_bsp.a(alt_dev.o)
 .debug_aranges
                0x0000000000000168       0x20 ../hello_word_bsp/\libhal_bsp.a(alt_icache_flush_all.o)
 .debug_aranges
                0x0000000000000188       0x20 ../hello_word_bsp/\libhal_bsp.a(altera_nios2_gen2_irq.o)
 .debug_aranges
                0x00000000000001a8       0x20 c:/altera/15.1/nios2eds/bin/gnu/h-x86_64-mingw32/bin/../lib/gcc/nios2-elf/4.9.2/../../../../../H-x86_64-mingw32/nios2-elf/lib/mno-hw-mul\libsmallc.a(lib_a-strlen.o)

.debug_pubnames
 *(.debug_pubnames)

.debug_info     0x0000000000000000     0x1343
 *(.debug_info .gnu.linkonce.wi.*)
 .debug_info    0x0000000000000000       0x6e ../hello_word_bsp//obj/HAL/src/crt0.o
 .debug_info    0x000000000000006e       0xee obj/default/hello_world_small.o
 .debug_info    0x000000000000015c      0x306 ../hello_word_bsp/\libhal_bsp.a(alt_getchar.o)
 .debug_info    0x0000000000000462      0x13e ../hello_word_bsp/\libhal_bsp.a(alt_load.o)
 .debug_info    0x00000000000005a0      0x117 ../hello_word_bsp/\libhal_bsp.a(alt_main.o)
 .debug_info    0x00000000000006b7       0xee ../hello_word_bsp/\libhal_bsp.a(alt_putstr.o)
 .debug_info    0x00000000000007a5      0x169 ../hello_word_bsp/\libhal_bsp.a(alt_sys_init.o)
 .debug_info    0x000000000000090e      0x1af ../hello_word_bsp/\libhal_bsp.a(altera_avalon_jtag_uart_read.o)
 .debug_info    0x0000000000000abd      0x18e ../hello_word_bsp/\libhal_bsp.a(altera_avalon_jtag_uart_write.o)
 .debug_info    0x0000000000000c4b       0x8b ../hello_word_bsp/\libhal_bsp.a(alt_dcache_flush_all.o)
 .debug_info    0x0000000000000cd6      0x495 ../hello_word_bsp/\libhal_bsp.a(alt_dev.o)
 .debug_info    0x000000000000116b       0x8b ../hello_word_bsp/\libhal_bsp.a(alt_icache_flush_all.o)
 .debug_info    0x00000000000011f6       0x8b ../hello_word_bsp/\libhal_bsp.a(altera_nios2_gen2_irq.o)
 .debug_info    0x0000000000001281       0xc2 c:/altera/15.1/nios2eds/bin/gnu/h-x86_64-mingw32/bin/../lib/gcc/nios2-elf/4.9.2/../../../../../H-x86_64-mingw32/nios2-elf/lib/mno-hw-mul\libsmallc.a(lib_a-strlen.o)

.debug_abbrev   0x0000000000000000      0x856
 *(.debug_abbrev)
 .debug_abbrev  0x0000000000000000       0x12 ../hello_word_bsp//obj/HAL/src/crt0.o
 .debug_abbrev  0x0000000000000012       0xb9 obj/default/hello_world_small.o
 .debug_abbrev  0x00000000000000cb       0xf5 ../hello_word_bsp/\libhal_bsp.a(alt_getchar.o)
 .debug_abbrev  0x00000000000001c0       0x9f ../hello_word_bsp/\libhal_bsp.a(alt_load.o)
 .debug_abbrev  0x000000000000025f       0xa9 ../hello_word_bsp/\libhal_bsp.a(alt_main.o)
 .debug_abbrev  0x0000000000000308       0x99 ../hello_word_bsp/\libhal_bsp.a(alt_putstr.o)
 .debug_abbrev  0x00000000000003a1       0xeb ../hello_word_bsp/\libhal_bsp.a(alt_sys_init.o)
 .debug_abbrev  0x000000000000048c       0xd7 ../hello_word_bsp/\libhal_bsp.a(altera_avalon_jtag_uart_read.o)
 .debug_abbrev  0x0000000000000563       0xd5 ../hello_word_bsp/\libhal_bsp.a(altera_avalon_jtag_uart_write.o)
 .debug_abbrev  0x0000000000000638       0x42 ../hello_word_bsp/\libhal_bsp.a(alt_dcache_flush_all.o)
 .debug_abbrev  0x000000000000067a       0xd9 ../hello_word_bsp/\libhal_bsp.a(alt_dev.o)
 .debug_abbrev  0x0000000000000753       0x42 ../hello_word_bsp/\libhal_bsp.a(alt_icache_flush_all.o)
 .debug_abbrev  0x0000000000000795       0x42 ../hello_word_bsp/\libhal_bsp.a(altera_nios2_gen2_irq.o)
 .debug_abbrev  0x00000000000007d7       0x7f c:/altera/15.1/nios2eds/bin/gnu/h-x86_64-mingw32/bin/../lib/gcc/nios2-elf/4.9.2/../../../../../H-x86_64-mingw32/nios2-elf/lib/mno-hw-mul\libsmallc.a(lib_a-strlen.o)

.debug_line     0x0000000000000000      0x91b
 *(.debug_line)
 .debug_line    0x0000000000000000       0x66 ../hello_word_bsp//obj/HAL/src/crt0.o
 .debug_line    0x0000000000000066       0x7d obj/default/hello_world_small.o
 .debug_line    0x00000000000000e3       0xb1 ../hello_word_bsp/\libhal_bsp.a(alt_getchar.o)
 .debug_line    0x0000000000000194       0x8d ../hello_word_bsp/\libhal_bsp.a(alt_load.o)
 .debug_line    0x0000000000000221       0x99 ../hello_word_bsp/\libhal_bsp.a(alt_main.o)
 .debug_line    0x00000000000002ba       0x48 ../hello_word_bsp/\libhal_bsp.a(alt_putstr.o)
 .debug_line    0x0000000000000302       0xe9 ../hello_word_bsp/\libhal_bsp.a(alt_sys_init.o)
 .debug_line    0x00000000000003eb       0xff ../hello_word_bsp/\libhal_bsp.a(altera_avalon_jtag_uart_read.o)
 .debug_line    0x00000000000004ea       0xf4 ../hello_word_bsp/\libhal_bsp.a(altera_avalon_jtag_uart_write.o)
 .debug_line    0x00000000000005de       0x51 ../hello_word_bsp/\libhal_bsp.a(alt_dcache_flush_all.o)
 .debug_line    0x000000000000062f       0xf0 ../hello_word_bsp/\libhal_bsp.a(alt_dev.o)
 .debug_line    0x000000000000071f       0x4f ../hello_word_bsp/\libhal_bsp.a(alt_icache_flush_all.o)
 .debug_line    0x000000000000076e       0x51 ../hello_word_bsp/\libhal_bsp.a(altera_nios2_gen2_irq.o)
 .debug_line    0x00000000000007bf      0x15c c:/altera/15.1/nios2eds/bin/gnu/h-x86_64-mingw32/bin/../lib/gcc/nios2-elf/4.9.2/../../../../../H-x86_64-mingw32/nios2-elf/lib/mno-hw-mul\libsmallc.a(lib_a-strlen.o)

.debug_frame    0x0000000000000000      0x2e4
 *(.debug_frame)
 .debug_frame   0x0000000000000000       0x2c obj/default/hello_world_small.o
 .debug_frame   0x000000000000002c       0x38 ../hello_word_bsp/\libhal_bsp.a(alt_getchar.o)
 .debug_frame   0x0000000000000064       0x5c ../hello_word_bsp/\libhal_bsp.a(alt_load.o)
 .debug_frame   0x00000000000000c0       0x38 ../hello_word_bsp/\libhal_bsp.a(alt_main.o)
 .debug_frame   0x00000000000000f8       0x38 ../hello_word_bsp/\libhal_bsp.a(alt_putstr.o)
 .debug_frame   0x0000000000000130       0x5c ../hello_word_bsp/\libhal_bsp.a(alt_sys_init.o)
 .debug_frame   0x000000000000018c       0x34 ../hello_word_bsp/\libhal_bsp.a(altera_avalon_jtag_uart_read.o)
 .debug_frame   0x00000000000001c0       0x34 ../hello_word_bsp/\libhal_bsp.a(altera_avalon_jtag_uart_write.o)
 .debug_frame   0x00000000000001f4       0x34 ../hello_word_bsp/\libhal_bsp.a(alt_dcache_flush_all.o)
 .debug_frame   0x0000000000000228       0x34 ../hello_word_bsp/\libhal_bsp.a(alt_dev.o)
 .debug_frame   0x000000000000025c       0x34 ../hello_word_bsp/\libhal_bsp.a(alt_icache_flush_all.o)
 .debug_frame   0x0000000000000290       0x34 ../hello_word_bsp/\libhal_bsp.a(altera_nios2_gen2_irq.o)
 .debug_frame   0x00000000000002c4       0x20 c:/altera/15.1/nios2eds/bin/gnu/h-x86_64-mingw32/bin/../lib/gcc/nios2-elf/4.9.2/../../../../../H-x86_64-mingw32/nios2-elf/lib/mno-hw-mul\libsmallc.a(lib_a-strlen.o)

.debug_str      0x0000000000000000      0x7b5
 *(.debug_str)
 .debug_str     0x0000000000000000       0xf2 obj/default/hello_world_small.o
                                        0x130 (size before relaxing)
 .debug_str     0x00000000000000f2      0x165 ../hello_word_bsp/\libhal_bsp.a(alt_getchar.o)
                                        0x219 (size before relaxing)
 .debug_str     0x0000000000000257       0xf1 ../hello_word_bsp/\libhal_bsp.a(alt_load.o)
                                        0x1f5 (size before relaxing)
 .debug_str     0x0000000000000348       0x44 ../hello_word_bsp/\libhal_bsp.a(alt_main.o)
                                        0x179 (size before relaxing)
 .debug_str     0x000000000000038c       0x33 ../hello_word_bsp/\libhal_bsp.a(alt_putstr.o)
                                        0x16c (size before relaxing)
 .debug_str     0x00000000000003bf       0x85 ../hello_word_bsp/\libhal_bsp.a(alt_sys_init.o)
                                        0x1ec (size before relaxing)
 .debug_str     0x0000000000000444       0x3d ../hello_word_bsp/\libhal_bsp.a(altera_avalon_jtag_uart_read.o)
                                        0x202 (size before relaxing)
 .debug_str     0x0000000000000481       0x32 ../hello_word_bsp/\libhal_bsp.a(altera_avalon_jtag_uart_write.o)
                                        0x1f8 (size before relaxing)
 .debug_str     0x00000000000004b3       0x34 ../hello_word_bsp/\libhal_bsp.a(alt_dcache_flush_all.o)
                                        0x138 (size before relaxing)
 .debug_str     0x00000000000004e7      0x120 ../hello_word_bsp/\libhal_bsp.a(alt_dev.o)
                                        0x2e8 (size before relaxing)
 .debug_str     0x0000000000000607       0x34 ../hello_word_bsp/\libhal_bsp.a(alt_icache_flush_all.o)
                                        0x138 (size before relaxing)
 .debug_str     0x000000000000063b       0x3b ../hello_word_bsp/\libhal_bsp.a(altera_nios2_gen2_irq.o)
                                        0x13f (size before relaxing)
 .debug_str     0x0000000000000676      0x13f c:/altera/15.1/nios2eds/bin/gnu/h-x86_64-mingw32/bin/../lib/gcc/nios2-elf/4.9.2/../../../../../H-x86_64-mingw32/nios2-elf/lib/mno-hw-mul\libsmallc.a(lib_a-strlen.o)
                                        0x1d7 (size before relaxing)

.debug_loc      0x0000000000000000       0x31
 *(.debug_loc)
 .debug_loc     0x0000000000000000       0x13 obj/default/hello_world_small.o
 .debug_loc     0x0000000000000013       0x1e c:/altera/15.1/nios2eds/bin/gnu/h-x86_64-mingw32/bin/../lib/gcc/nios2-elf/4.9.2/../../../../../H-x86_64-mingw32/nios2-elf/lib/mno-hw-mul\libsmallc.a(lib_a-strlen.o)

.debug_macinfo
 *(.debug_macinfo)

.debug_weaknames
 *(.debug_weaknames)

.debug_funcnames
 *(.debug_funcnames)

.debug_typenames
 *(.debug_typenames)

.debug_varnames
 *(.debug_varnames)

.debug_alt_sim_info
                0x0000000000000000       0x10
 *(.debug_alt_sim_info)
 .debug_alt_sim_info
                0x0000000000000000       0x10 ../hello_word_bsp//obj/HAL/src/crt0.o
                0x0000000000002000                __alt_data_end = 0x2000
                0x0000000000002000                PROVIDE (__alt_stack_pointer, __alt_data_end)
                0x0000000000001628                PROVIDE (__alt_stack_limit, __alt_stack_base)
                0x0000000000001628                PROVIDE (__alt_heap_start, end)
                0x0000000000002000                PROVIDE (__alt_heap_limit, 0x2000)
OUTPUT(hello_word.elf elf32-littlenios2)

.debug_ranges   0x0000000000000000       0x40
 .debug_ranges  0x0000000000000000       0x20 ../hello_word_bsp//obj/HAL/src/crt0.o
 .debug_ranges  0x0000000000000020       0x10 obj/default/hello_world_small.o
 .debug_ranges  0x0000000000000030       0x10 c:/altera/15.1/nios2eds/bin/gnu/h-x86_64-mingw32/bin/../lib/gcc/nios2-elf/4.9.2/../../../../../H-x86_64-mingw32/nios2-elf/lib/mno-hw-mul\libsmallc.a(lib_a-strlen.o)
