Archive member included to satisfy reference by file (symbol)

../microproc_bsp/\libhal_bsp.a(alt_load.o)
                              ../microproc_bsp//obj/HAL/src/crt0.o (alt_load)
../microproc_bsp/\libhal_bsp.a(alt_main.o)
                              ../microproc_bsp//obj/HAL/src/crt0.o (alt_main)
../microproc_bsp/\libhal_bsp.a(alt_putchar.o)
                              obj/default/hello_world_small.o (alt_putchar)
../microproc_bsp/\libhal_bsp.a(alt_putstr.o)
                              obj/default/hello_world_small.o (alt_putstr)
../microproc_bsp/\libhal_bsp.a(alt_sys_init.o)
                              ../microproc_bsp/\libhal_bsp.a(alt_putchar.o) (jtag_uart)
../microproc_bsp/\libhal_bsp.a(altera_avalon_jtag_uart_write.o)
                              ../microproc_bsp/\libhal_bsp.a(alt_putchar.o) (altera_avalon_jtag_uart_write)
../microproc_bsp/\libhal_bsp.a(alt_dcache_flush_all.o)
                              ../microproc_bsp/\libhal_bsp.a(alt_load.o) (alt_dcache_flush_all)
../microproc_bsp/\libhal_bsp.a(alt_icache_flush_all.o)
                              ../microproc_bsp/\libhal_bsp.a(alt_load.o) (alt_icache_flush_all)
../microproc_bsp/\libhal_bsp.a(altera_nios2_gen2_irq.o)
                              ../microproc_bsp/\libhal_bsp.a(alt_sys_init.o) (altera_nios2_gen2_irq_init)
c:/altera/15.1/nios2eds/bin/gnu/h-x86_64-mingw32/bin/../lib/gcc/nios2-elf/4.9.2/../../../../../H-x86_64-mingw32/nios2-elf/lib/mno-hw-mul\libsmallc.a(lib_a-strlen.o)
                              ../microproc_bsp/\libhal_bsp.a(alt_putstr.o) (strlen)

Memory Configuration

Name             Origin             Length             Attributes
reset            0x0000000000001000 0x0000000000000020
onchip_memory    0x0000000000001020 0x0000000000000fe0
*default*        0x0000000000000000 0xffffffffffffffff

Linker script and memory map

LOAD ../microproc_bsp//obj/HAL/src/crt0.o
LOAD obj/default/hello_world_small.o
LOAD c:/altera/15.1/nios2eds/bin/gnu/h-x86_64-mingw32/bin/../lib/gcc/nios2-elf/4.9.2/../../../../../H-x86_64-mingw32/nios2-elf/lib/mno-hw-mul\libstdc++.a
LOAD c:/altera/15.1/nios2eds/bin/gnu/h-x86_64-mingw32/bin/../lib/gcc/nios2-elf/4.9.2/../../../../../H-x86_64-mingw32/nios2-elf/lib/mno-hw-mul\libm.a
LOAD c:/altera/15.1/nios2eds/bin/gnu/h-x86_64-mingw32/bin/../lib/gcc/nios2-elf/4.9.2/mno-hw-mul\libgcc.a
START GROUP
LOAD c:/altera/15.1/nios2eds/bin/gnu/h-x86_64-mingw32/bin/../lib/gcc/nios2-elf/4.9.2/../../../../../H-x86_64-mingw32/nios2-elf/lib/mno-hw-mul\libsmallc.a
LOAD c:/altera/15.1/nios2eds/bin/gnu/h-x86_64-mingw32/bin/../lib/gcc/nios2-elf/4.9.2/mno-hw-mul\libgcc.a
LOAD ../microproc_bsp/\libhal_bsp.a
LOAD c:/altera/15.1/nios2eds/bin/gnu/h-x86_64-mingw32/bin/../lib/gcc/nios2-elf/4.9.2/../../../../../H-x86_64-mingw32/nios2-elf/lib/mno-hw-mul\libm.a
END GROUP
LOAD c:/altera/15.1/nios2eds/bin/gnu/h-x86_64-mingw32/bin/../lib/gcc/nios2-elf/4.9.2/mno-hw-mul\libgcc.a
                0x0000000000001000                __alt_mem_onchip_memory = 0x1000

.entry          0x0000000000001000       0x20
 *(.entry)
 .entry         0x0000000000001000       0x20 ../microproc_bsp//obj/HAL/src/crt0.o
                0x0000000000001000                __reset
                0x000000000000100c                _exit

.exceptions     0x0000000000001020        0x0
                0x0000000000001020                PROVIDE (__ram_exceptions_start, ABSOLUTE (.))
                0x0000000000001020                . = ALIGN (0x20)
 *(.irq)
 *(.exceptions.entry.label)
 *(.exceptions.entry.user)
 *(.exceptions.entry.ecc_fatal)
 *(.exceptions.entry)
 *(.exceptions.irqtest.user)
 *(.exceptions.irqtest)
 *(.exceptions.irqhandler.user)
 *(.exceptions.irqhandler)
 *(.exceptions.irqreturn.user)
 *(.exceptions.irqreturn)
 *(.exceptions.notirq.label)
 *(.exceptions.notirq.user)
 *(.exceptions.notirq)
 *(.exceptions.soft.user)
 *(.exceptions.soft)
 *(.exceptions.unknown.user)
 *(.exceptions.unknown)
 *(.exceptions.exit.label)
 *(.exceptions.exit.user)
 *(.exceptions.exit)
 *(.exceptions)
                0x0000000000001020                PROVIDE (__ram_exceptions_end, ABSOLUTE (.))
                0x0000000000001020                PROVIDE (__flash_exceptions_start, LOADADDR (.exceptions))

.text           0x0000000000001020      0x3bc
                0x0000000000001020                PROVIDE (stext, ABSOLUTE (.))
 *(.interp)
 *(.hash)
 *(.dynsym)
 *(.dynstr)
 *(.gnu.version)
 *(.gnu.version_d)
 *(.gnu.version_r)
 *(.rel.init)
 *(.rela.init)
 *(.rel.text .rel.text.* .rel.gnu.linkonce.t.*)
 *(.rela.text .rela.text.* .rela.gnu.linkonce.t.*)
 *(.rel.fini)
 *(.rela.fini)
 *(.rel.rodata .rel.rodata.* .rel.gnu.linkonce.r.*)
 *(.rela.rodata .rela.rodata.* .rela.gnu.linkonce.r.*)
 *(.rel.data .rel.data.* .rel.gnu.linkonce.d.*)
 *(.rela.data .rela.data.* .rela.gnu.linkonce.d.*)
 *(.rel.tdata .rel.tdata.* .rel.gnu.linkonce.td.*)
 *(.rela.tdata .rela.tdata.* .rela.gnu.linkonce.td.*)
 *(.rel.tbss .rel.tbss.* .rel.gnu.linkonce.tb.*)
 *(.rela.tbss .rela.tbss.* .rela.gnu.linkonce.tb.*)
 *(.rel.ctors)
 *(.rela.ctors)
 *(.rel.dtors)
 *(.rela.dtors)
 *(.rel.got)
 *(.rela.got)
 *(.rel.sdata .rel.sdata.* .rel.gnu.linkonce.s.*)
 *(.rela.sdata .rela.sdata.* .rela.gnu.linkonce.s.*)
 *(.rel.sbss .rel.sbss.* .rel.gnu.linkonce.sb.*)
 *(.rela.sbss .rela.sbss.* .rela.gnu.linkonce.sb.*)
 *(.rel.sdata2 .rel.sdata2.* .rel.gnu.linkonce.s2.*)
 *(.rela.sdata2 .rela.sdata2.* .rela.gnu.linkonce.s2.*)
 *(.rel.sbss2 .rel.sbss2.* .rel.gnu.linkonce.sb2.*)
 *(.rela.sbss2 .rela.sbss2.* .rela.gnu.linkonce.sb2.*)
 *(.rel.bss .rel.bss.* .rel.gnu.linkonce.b.*)
 *(.rela.bss .rela.bss.* .rela.gnu.linkonce.b.*)
 *(.rel.plt)
 *(.rela.plt)
 *(.rel.dyn)
 *(.init)
 *(.plt)
 *(.text .stub .text.* .gnu.linkonce.t.*)
 .text          0x0000000000001020       0x3c ../microproc_bsp//obj/HAL/src/crt0.o
                0x0000000000001020                _start
 .text          0x000000000000105c       0x54 obj/default/hello_world_small.o
                0x000000000000105c                main
 .text          0x00000000000010b0       0xe4 ../microproc_bsp/\libhal_bsp.a(alt_load.o)
                0x0000000000001114                alt_load
 .text          0x0000000000001194       0x4c ../microproc_bsp/\libhal_bsp.a(alt_main.o)
                0x0000000000001194                alt_main
 .text          0x00000000000011e0       0x5c ../microproc_bsp/\libhal_bsp.a(alt_putchar.o)
                0x00000000000011e0                alt_putchar
 .text          0x000000000000123c       0x48 ../microproc_bsp/\libhal_bsp.a(alt_putstr.o)
                0x000000000000123c                alt_putstr
 .text          0x0000000000001284       0x50 ../microproc_bsp/\libhal_bsp.a(alt_sys_init.o)
                0x0000000000001284                alt_irq_init
                0x00000000000012b8                alt_sys_init
 .text          0x00000000000012d4       0x94 ../microproc_bsp/\libhal_bsp.a(altera_avalon_jtag_uart_write.o)
                0x00000000000012d4                altera_avalon_jtag_uart_write
 .text          0x0000000000001368       0x1c ../microproc_bsp/\libhal_bsp.a(alt_dcache_flush_all.o)
                0x0000000000001368                alt_dcache_flush_all
 .text          0x0000000000001384       0x1c ../microproc_bsp/\libhal_bsp.a(alt_icache_flush_all.o)
                0x0000000000001384                alt_icache_flush_all
 .text          0x00000000000013a0       0x20 ../microproc_bsp/\libhal_bsp.a(altera_nios2_gen2_irq.o)
                0x00000000000013a0                altera_nios2_gen2_irq_init
 .text          0x00000000000013c0        0x0 c:/altera/15.1/nios2eds/bin/gnu/h-x86_64-mingw32/bin/../lib/gcc/nios2-elf/4.9.2/../../../../../H-x86_64-mingw32/nios2-elf/lib/mno-hw-mul\libsmallc.a(lib_a-strlen.o)
 .text.strlen   0x00000000000013c0       0x1c c:/altera/15.1/nios2eds/bin/gnu/h-x86_64-mingw32/bin/../lib/gcc/nios2-elf/4.9.2/../../../../../H-x86_64-mingw32/nios2-elf/lib/mno-hw-mul\libsmallc.a(lib_a-strlen.o)
                0x00000000000013c0                strlen
 *(.gnu.warning.*)
 *(.fini)
                0x00000000000013dc                PROVIDE (__etext, ABSOLUTE (.))
                0x00000000000013dc                PROVIDE (_etext, ABSOLUTE (.))
                0x00000000000013dc                PROVIDE (etext, ABSOLUTE (.))
 *(.eh_frame_hdr)
                0x00000000000013dc                . = ALIGN (0x4)
                0x00000000000013dc                PROVIDE (__preinit_array_start, ABSOLUTE (.))
 *(.preinit_array)
                0x00000000000013dc                PROVIDE (__preinit_array_end, ABSOLUTE (.))
                0x00000000000013dc                PROVIDE (__init_array_start, ABSOLUTE (.))
 *(.init_array)
                0x00000000000013dc                PROVIDE (__init_array_end, ABSOLUTE (.))
                0x00000000000013dc                PROVIDE (__fini_array_start, ABSOLUTE (.))
 *(.fini_array)
                0x00000000000013dc                PROVIDE (__fini_array_end, ABSOLUTE (.))
 *(.eh_frame)
 *(.gcc_except_table .gcc_except_table.*)
 *(.dynamic)
                0x00000000000013dc                PROVIDE (__CTOR_LIST__, ABSOLUTE (.))
 *(.ctors)
 *(SORT(.ctors.*))
                0x00000000000013dc                PROVIDE (__CTOR_END__, ABSOLUTE (.))
                0x00000000000013dc                PROVIDE (__DTOR_LIST__, ABSOLUTE (.))
 *(.dtors)
 *(SORT(.dtors.*))
                0x00000000000013dc                PROVIDE (__DTOR_END__, ABSOLUTE (.))
 *(.jcr)
                0x00000000000013dc                . = ALIGN (0x4)

.rodata         0x00000000000013dc       0x18
                0x00000000000013dc                PROVIDE (__ram_rodata_start, ABSOLUTE (.))
                0x00000000000013dc                . = ALIGN (0x4)
 *(.rodata .rodata.* .gnu.linkonce.r.*)
 .rodata        0x00000000000013dc       0x18 obj/default/hello_world_small.o
 *(.rodata1)
                0x00000000000013f4                . = ALIGN (0x4)
                0x00000000000013f4                PROVIDE (__ram_rodata_end, ABSOLUTE (.))
                0x00000000000013dc                PROVIDE (__flash_rodata_start, LOADADDR (.rodata))

.rwdata         0x00000000000013f4        0x4 load address 0x00000000000013f8
                0x00000000000013f4                PROVIDE (__ram_rwdata_start, ABSOLUTE (.))
                0x00000000000013f4                . = ALIGN (0x4)
 *(.got.plt)
 *(.got)
 *(.data1)
 *(.data .data.* .gnu.linkonce.d.*)
 .data          0x00000000000013f4        0x0 ../microproc_bsp//obj/HAL/src/crt0.o
 .data          0x00000000000013f4        0x0 obj/default/hello_world_small.o
 .data          0x00000000000013f4        0x0 ../microproc_bsp/\libhal_bsp.a(alt_load.o)
 .data          0x00000000000013f4        0x0 ../microproc_bsp/\libhal_bsp.a(alt_main.o)
 .data          0x00000000000013f4        0x0 ../microproc_bsp/\libhal_bsp.a(alt_putchar.o)
 .data          0x00000000000013f4        0x0 ../microproc_bsp/\libhal_bsp.a(alt_putstr.o)
 .data          0x00000000000013f4        0x0 ../microproc_bsp/\libhal_bsp.a(alt_sys_init.o)
 .data          0x00000000000013f4        0x0 ../microproc_bsp/\libhal_bsp.a(altera_avalon_jtag_uart_write.o)
 .data          0x00000000000013f4        0x0 ../microproc_bsp/\libhal_bsp.a(alt_dcache_flush_all.o)
 .data          0x00000000000013f4        0x0 ../microproc_bsp/\libhal_bsp.a(alt_icache_flush_all.o)
 .data          0x00000000000013f4        0x0 ../microproc_bsp/\libhal_bsp.a(altera_nios2_gen2_irq.o)
 .data          0x00000000000013f4        0x0 c:/altera/15.1/nios2eds/bin/gnu/h-x86_64-mingw32/bin/../lib/gcc/nios2-elf/4.9.2/../../../../../H-x86_64-mingw32/nios2-elf/lib/mno-hw-mul\libsmallc.a(lib_a-strlen.o)
                0x00000000000093f4                _gp = ABSOLUTE ((. + 0x8000))
                0x00000000000093f4                PROVIDE (gp, _gp)
 *(.rwdata .rwdata.*)
 *(.sdata .sdata.* .gnu.linkonce.s.*)
 .sdata         0x00000000000013f4        0x4 ../microproc_bsp/\libhal_bsp.a(alt_sys_init.o)
                0x00000000000013f4                jtag_uart
 *(.sdata2 .sdata2.* .gnu.linkonce.s2.*)
                0x00000000000013f8                . = ALIGN (0x4)
                0x00000000000013f8                _edata = ABSOLUTE (.)
                0x00000000000013f8                PROVIDE (edata, ABSOLUTE (.))
                0x00000000000013f8                PROVIDE (__ram_rwdata_end, ABSOLUTE (.))
                0x00000000000013f8                PROVIDE (__flash_rwdata_start, LOADADDR (.rwdata))

.bss            0x00000000000013fc        0xc
                0x00000000000013fc                __bss_start = ABSOLUTE (.)
                0x00000000000013fc                PROVIDE (__sbss_start, ABSOLUTE (.))
                0x00000000000013fc                PROVIDE (___sbss_start, ABSOLUTE (.))
 *(.dynsbss)
 *(.sbss .sbss.* .gnu.linkonce.sb.*)
 .sbss          0x00000000000013fc        0xc ../microproc_bsp/\libhal_bsp.a(alt_main.o)
                0x00000000000013fc                alt_argc
                0x0000000000001400                alt_argv
                0x0000000000001404                alt_envp
 *(.sbss2 .sbss2.* .gnu.linkonce.sb2.*)
 *(.scommon)
                0x0000000000001408                PROVIDE (__sbss_end, ABSOLUTE (.))
                0x0000000000001408                PROVIDE (___sbss_end, ABSOLUTE (.))
 *(.dynbss)
 *(.bss .bss.* .gnu.linkonce.b.*)
 .bss           0x0000000000001408        0x0 ../microproc_bsp//obj/HAL/src/crt0.o
 .bss           0x0000000000001408        0x0 obj/default/hello_world_small.o
 .bss           0x0000000000001408        0x0 ../microproc_bsp/\libhal_bsp.a(alt_load.o)
 .bss           0x0000000000001408        0x0 ../microproc_bsp/\libhal_bsp.a(alt_main.o)
 .bss           0x0000000000001408        0x0 ../microproc_bsp/\libhal_bsp.a(alt_putchar.o)
 .bss           0x0000000000001408        0x0 ../microproc_bsp/\libhal_bsp.a(alt_putstr.o)
 .bss           0x0000000000001408        0x0 ../microproc_bsp/\libhal_bsp.a(alt_sys_init.o)
 .bss           0x0000000000001408        0x0 ../microproc_bsp/\libhal_bsp.a(altera_avalon_jtag_uart_write.o)
 .bss           0x0000000000001408        0x0 ../microproc_bsp/\libhal_bsp.a(alt_dcache_flush_all.o)
 .bss           0x0000000000001408        0x0 ../microproc_bsp/\libhal_bsp.a(alt_icache_flush_all.o)
 .bss           0x0000000000001408        0x0 ../microproc_bsp/\libhal_bsp.a(altera_nios2_gen2_irq.o)
 .bss           0x0000000000001408        0x0 c:/altera/15.1/nios2eds/bin/gnu/h-x86_64-mingw32/bin/../lib/gcc/nios2-elf/4.9.2/../../../../../H-x86_64-mingw32/nios2-elf/lib/mno-hw-mul\libsmallc.a(lib_a-strlen.o)
 *(COMMON)
                0x0000000000001408                . = ALIGN (0x4)
                0x0000000000001408                __bss_end = ABSOLUTE (.)

.onchip_memory  0x0000000000001408        0x0
                0x0000000000001408                PROVIDE (_alt_partition_onchip_memory_start, ABSOLUTE (.))
 *(.onchip_memory .onchip_memory. onchip_memory.*)
                0x0000000000001408                . = ALIGN (0x4)
                0x0000000000001408                PROVIDE (_alt_partition_onchip_memory_end, ABSOLUTE (.))
                0x0000000000001408                _end = ABSOLUTE (.)
                0x0000000000001408                end = ABSOLUTE (.)
                0x0000000000001408                __alt_stack_base = ABSOLUTE (.)
                0x0000000000001408                PROVIDE (_alt_partition_onchip_memory_load_addr, LOADADDR (.onchip_memory))

.stab
 *(.stab)

.stabstr
 *(.stabstr)

.stab.excl
 *(.stab.excl)

.stab.exclstr
 *(.stab.exclstr)

.stab.index
 *(.stab.index)

.stab.indexstr
 *(.stab.indexstr)

.comment        0x0000000000000000       0x23
 *(.comment)
 .comment       0x0000000000000000       0x23 obj/default/hello_world_small.o
                                         0x24 (size before relaxing)
 .comment       0x0000000000000000       0x24 ../microproc_bsp/\libhal_bsp.a(alt_load.o)
 .comment       0x0000000000000000       0x24 ../microproc_bsp/\libhal_bsp.a(alt_main.o)
 .comment       0x0000000000000000       0x24 ../microproc_bsp/\libhal_bsp.a(alt_putchar.o)
 .comment       0x0000000000000000       0x24 ../microproc_bsp/\libhal_bsp.a(alt_putstr.o)
 .comment       0x0000000000000000       0x24 ../microproc_bsp/\libhal_bsp.a(alt_sys_init.o)
 .comment       0x0000000000000000       0x24 ../microproc_bsp/\libhal_bsp.a(altera_avalon_jtag_uart_write.o)
 .comment       0x0000000000000000       0x24 ../microproc_bsp/\libhal_bsp.a(alt_dcache_flush_all.o)
 .comment       0x0000000000000000       0x24 ../microproc_bsp/\libhal_bsp.a(alt_icache_flush_all.o)
 .comment       0x0000000000000000       0x24 ../microproc_bsp/\libhal_bsp.a(altera_nios2_gen2_irq.o)
 .comment       0x0000000000000000       0x24 c:/altera/15.1/nios2eds/bin/gnu/h-x86_64-mingw32/bin/../lib/gcc/nios2-elf/4.9.2/../../../../../H-x86_64-mingw32/nios2-elf/lib/mno-hw-mul\libsmallc.a(lib_a-strlen.o)

.debug
 *(.debug)

.line
 *(.line)

.debug_srcinfo
 *(.debug_srcinfo)

.debug_sfnames
 *(.debug_sfnames)

.debug_aranges  0x0000000000000000      0x188
 *(.debug_aranges)
 .debug_aranges
                0x0000000000000000       0x28 ../microproc_bsp//obj/HAL/src/crt0.o
 .debug_aranges
                0x0000000000000028       0x20 obj/default/hello_world_small.o
 .debug_aranges
                0x0000000000000048       0x20 ../microproc_bsp/\libhal_bsp.a(alt_load.o)
 .debug_aranges
                0x0000000000000068       0x20 ../microproc_bsp/\libhal_bsp.a(alt_main.o)
 .debug_aranges
                0x0000000000000088       0x20 ../microproc_bsp/\libhal_bsp.a(alt_putchar.o)
 .debug_aranges
                0x00000000000000a8       0x20 ../microproc_bsp/\libhal_bsp.a(alt_putstr.o)
 .debug_aranges
                0x00000000000000c8       0x20 ../microproc_bsp/\libhal_bsp.a(alt_sys_init.o)
 .debug_aranges
                0x00000000000000e8       0x20 ../microproc_bsp/\libhal_bsp.a(altera_avalon_jtag_uart_write.o)
 .debug_aranges
                0x0000000000000108       0x20 ../microproc_bsp/\libhal_bsp.a(alt_dcache_flush_all.o)
 .debug_aranges
                0x0000000000000128       0x20 ../microproc_bsp/\libhal_bsp.a(alt_icache_flush_all.o)
 .debug_aranges
                0x0000000000000148       0x20 ../microproc_bsp/\libhal_bsp.a(altera_nios2_gen2_irq.o)
 .debug_aranges
                0x0000000000000168       0x20 c:/altera/15.1/nios2eds/bin/gnu/h-x86_64-mingw32/bin/../lib/gcc/nios2-elf/4.9.2/../../../../../H-x86_64-mingw32/nios2-elf/lib/mno-hw-mul\libsmallc.a(lib_a-strlen.o)

.debug_pubnames
 *(.debug_pubnames)

.debug_info     0x0000000000000000      0xa42
 *(.debug_info .gnu.linkonce.wi.*)
 .debug_info    0x0000000000000000       0x66 ../microproc_bsp//obj/HAL/src/crt0.o
 .debug_info    0x0000000000000066       0x42 obj/default/hello_world_small.o
 .debug_info    0x00000000000000a8      0x13e ../microproc_bsp/\libhal_bsp.a(alt_load.o)
 .debug_info    0x00000000000001e6      0x117 ../microproc_bsp/\libhal_bsp.a(alt_main.o)
 .debug_info    0x00000000000002fd       0xfd ../microproc_bsp/\libhal_bsp.a(alt_putchar.o)
 .debug_info    0x00000000000003fa       0xee ../microproc_bsp/\libhal_bsp.a(alt_putstr.o)
 .debug_info    0x00000000000004e8      0x169 ../microproc_bsp/\libhal_bsp.a(alt_sys_init.o)
 .debug_info    0x0000000000000651      0x18e ../microproc_bsp/\libhal_bsp.a(altera_avalon_jtag_uart_write.o)
 .debug_info    0x00000000000007df       0x8b ../microproc_bsp/\libhal_bsp.a(alt_dcache_flush_all.o)
 .debug_info    0x000000000000086a       0x8b ../microproc_bsp/\libhal_bsp.a(alt_icache_flush_all.o)
 .debug_info    0x00000000000008f5       0x8b ../microproc_bsp/\libhal_bsp.a(altera_nios2_gen2_irq.o)
 .debug_info    0x0000000000000980       0xc2 c:/altera/15.1/nios2eds/bin/gnu/h-x86_64-mingw32/bin/../lib/gcc/nios2-elf/4.9.2/../../../../../H-x86_64-mingw32/nios2-elf/lib/mno-hw-mul\libsmallc.a(lib_a-strlen.o)

.debug_abbrev   0x0000000000000000      0x5d9
 *(.debug_abbrev)
 .debug_abbrev  0x0000000000000000       0x12 ../microproc_bsp//obj/HAL/src/crt0.o
 .debug_abbrev  0x0000000000000012       0x37 obj/default/hello_world_small.o
 .debug_abbrev  0x0000000000000049       0x9f ../microproc_bsp/\libhal_bsp.a(alt_load.o)
 .debug_abbrev  0x00000000000000e8       0xa9 ../microproc_bsp/\libhal_bsp.a(alt_main.o)
 .debug_abbrev  0x0000000000000191       0xaa ../microproc_bsp/\libhal_bsp.a(alt_putchar.o)
 .debug_abbrev  0x000000000000023b       0x99 ../microproc_bsp/\libhal_bsp.a(alt_putstr.o)
 .debug_abbrev  0x00000000000002d4       0xeb ../microproc_bsp/\libhal_bsp.a(alt_sys_init.o)
 .debug_abbrev  0x00000000000003bf       0xd5 ../microproc_bsp/\libhal_bsp.a(altera_avalon_jtag_uart_write.o)
 .debug_abbrev  0x0000000000000494       0x42 ../microproc_bsp/\libhal_bsp.a(alt_dcache_flush_all.o)
 .debug_abbrev  0x00000000000004d6       0x42 ../microproc_bsp/\libhal_bsp.a(alt_icache_flush_all.o)
 .debug_abbrev  0x0000000000000518       0x42 ../microproc_bsp/\libhal_bsp.a(altera_nios2_gen2_irq.o)
 .debug_abbrev  0x000000000000055a       0x7f c:/altera/15.1/nios2eds/bin/gnu/h-x86_64-mingw32/bin/../lib/gcc/nios2-elf/4.9.2/../../../../../H-x86_64-mingw32/nios2-elf/lib/mno-hw-mul\libsmallc.a(lib_a-strlen.o)

.debug_line     0x0000000000000000      0x698
 *(.debug_line)
 .debug_line    0x0000000000000000       0x66 ../microproc_bsp//obj/HAL/src/crt0.o
 .debug_line    0x0000000000000066       0x4a obj/default/hello_world_small.o
 .debug_line    0x00000000000000b0       0x8d ../microproc_bsp/\libhal_bsp.a(alt_load.o)
 .debug_line    0x000000000000013d       0x99 ../microproc_bsp/\libhal_bsp.a(alt_main.o)
 .debug_line    0x00000000000001d6       0x50 ../microproc_bsp/\libhal_bsp.a(alt_putchar.o)
 .debug_line    0x0000000000000226       0x48 ../microproc_bsp/\libhal_bsp.a(alt_putstr.o)
 .debug_line    0x000000000000026e       0xe9 ../microproc_bsp/\libhal_bsp.a(alt_sys_init.o)
 .debug_line    0x0000000000000357       0xf4 ../microproc_bsp/\libhal_bsp.a(altera_avalon_jtag_uart_write.o)
 .debug_line    0x000000000000044b       0x51 ../microproc_bsp/\libhal_bsp.a(alt_dcache_flush_all.o)
 .debug_line    0x000000000000049c       0x4f ../microproc_bsp/\libhal_bsp.a(alt_icache_flush_all.o)
 .debug_line    0x00000000000004eb       0x51 ../microproc_bsp/\libhal_bsp.a(altera_nios2_gen2_irq.o)
 .debug_line    0x000000000000053c      0x15c c:/altera/15.1/nios2eds/bin/gnu/h-x86_64-mingw32/bin/../lib/gcc/nios2-elf/4.9.2/../../../../../H-x86_64-mingw32/nios2-elf/lib/mno-hw-mul\libsmallc.a(lib_a-strlen.o)

.debug_frame    0x0000000000000000      0x27c
 *(.debug_frame)
 .debug_frame   0x0000000000000000       0x2c obj/default/hello_world_small.o
 .debug_frame   0x000000000000002c       0x5c ../microproc_bsp/\libhal_bsp.a(alt_load.o)
 .debug_frame   0x0000000000000088       0x38 ../microproc_bsp/\libhal_bsp.a(alt_main.o)
 .debug_frame   0x00000000000000c0       0x38 ../microproc_bsp/\libhal_bsp.a(alt_putchar.o)
 .debug_frame   0x00000000000000f8       0x38 ../microproc_bsp/\libhal_bsp.a(alt_putstr.o)
 .debug_frame   0x0000000000000130       0x5c ../microproc_bsp/\libhal_bsp.a(alt_sys_init.o)
 .debug_frame   0x000000000000018c       0x34 ../microproc_bsp/\libhal_bsp.a(altera_avalon_jtag_uart_write.o)
 .debug_frame   0x00000000000001c0       0x34 ../microproc_bsp/\libhal_bsp.a(alt_dcache_flush_all.o)
 .debug_frame   0x00000000000001f4       0x34 ../microproc_bsp/\libhal_bsp.a(alt_icache_flush_all.o)
 .debug_frame   0x0000000000000228       0x34 ../microproc_bsp/\libhal_bsp.a(altera_nios2_gen2_irq.o)
 .debug_frame   0x000000000000025c       0x20 c:/altera/15.1/nios2eds/bin/gnu/h-x86_64-mingw32/bin/../lib/gcc/nios2-elf/4.9.2/../../../../../H-x86_64-mingw32/nios2-elf/lib/mno-hw-mul\libsmallc.a(lib_a-strlen.o)

.debug_str      0x0000000000000000      0x59b
 *(.debug_str)
 .debug_str     0x0000000000000000       0x7a obj/default/hello_world_small.o
                                         0x7f (size before relaxing)
 .debug_str     0x000000000000007a      0x17c ../microproc_bsp/\libhal_bsp.a(alt_load.o)
                                        0x1ed (size before relaxing)
 .debug_str     0x00000000000001f6       0x75 ../microproc_bsp/\libhal_bsp.a(alt_main.o)
                                        0x171 (size before relaxing)
 .debug_str     0x000000000000026b       0x6a ../microproc_bsp/\libhal_bsp.a(alt_putchar.o)
                                        0x166 (size before relaxing)
 .debug_str     0x00000000000002d5       0x20 ../microproc_bsp/\libhal_bsp.a(alt_putstr.o)
                                        0x164 (size before relaxing)
 .debug_str     0x00000000000002f5       0x85 ../microproc_bsp/\libhal_bsp.a(alt_sys_init.o)
                                        0x1e4 (size before relaxing)
 .debug_str     0x000000000000037a       0x3f ../microproc_bsp/\libhal_bsp.a(altera_avalon_jtag_uart_write.o)
                                        0x1f0 (size before relaxing)
 .debug_str     0x00000000000003b9       0x34 ../microproc_bsp/\libhal_bsp.a(alt_dcache_flush_all.o)
                                        0x130 (size before relaxing)
 .debug_str     0x00000000000003ed       0x34 ../microproc_bsp/\libhal_bsp.a(alt_icache_flush_all.o)
                                        0x130 (size before relaxing)
 .debug_str     0x0000000000000421       0x3b ../microproc_bsp/\libhal_bsp.a(altera_nios2_gen2_irq.o)
                                        0x137 (size before relaxing)
 .debug_str     0x000000000000045c      0x13f c:/altera/15.1/nios2eds/bin/gnu/h-x86_64-mingw32/bin/../lib/gcc/nios2-elf/4.9.2/../../../../../H-x86_64-mingw32/nios2-elf/lib/mno-hw-mul\libsmallc.a(lib_a-strlen.o)
                                        0x1d7 (size before relaxing)

.debug_loc      0x0000000000000000       0x1e
 *(.debug_loc)
 .debug_loc     0x0000000000000000       0x1e c:/altera/15.1/nios2eds/bin/gnu/h-x86_64-mingw32/bin/../lib/gcc/nios2-elf/4.9.2/../../../../../H-x86_64-mingw32/nios2-elf/lib/mno-hw-mul\libsmallc.a(lib_a-strlen.o)

.debug_macinfo
 *(.debug_macinfo)

.debug_weaknames
 *(.debug_weaknames)

.debug_funcnames
 *(.debug_funcnames)

.debug_typenames
 *(.debug_typenames)

.debug_varnames
 *(.debug_varnames)

.debug_alt_sim_info
                0x0000000000000000       0x10
 *(.debug_alt_sim_info)
 .debug_alt_sim_info
                0x0000000000000000       0x10 ../microproc_bsp//obj/HAL/src/crt0.o
                0x0000000000002000                __alt_data_end = 0x2000
                0x0000000000002000                PROVIDE (__alt_stack_pointer, __alt_data_end)
                0x0000000000001408                PROVIDE (__alt_stack_limit, __alt_stack_base)
                0x0000000000001408                PROVIDE (__alt_heap_start, end)
                0x0000000000002000                PROVIDE (__alt_heap_limit, 0x2000)
OUTPUT(microproc.elf elf32-littlenios2)

.debug_ranges   0x0000000000000000       0x30
 .debug_ranges  0x0000000000000000       0x20 ../microproc_bsp//obj/HAL/src/crt0.o
 .debug_ranges  0x0000000000000020       0x10 c:/altera/15.1/nios2eds/bin/gnu/h-x86_64-mingw32/bin/../lib/gcc/nios2-elf/4.9.2/../../../../../H-x86_64-mingw32/nios2-elf/lib/mno-hw-mul\libsmallc.a(lib_a-strlen.o)
