Archive member included to satisfy reference by file (symbol)

../transmit_bsp/\libhal_bsp.a(alt_getchar.o)
                              obj/default/hello_world_small.o (alt_getchar)
../transmit_bsp/\libhal_bsp.a(alt_load.o)
                              ../transmit_bsp//obj/HAL/src/crt0.o (alt_load)
../transmit_bsp/\libhal_bsp.a(alt_main.o)
                              ../transmit_bsp//obj/HAL/src/crt0.o (alt_main)
../transmit_bsp/\libhal_bsp.a(alt_usleep.o)
                              obj/default/hello_world_small.o (usleep)
../transmit_bsp/\libhal_bsp.a(alt_sys_init.o)
                              ../transmit_bsp/\libhal_bsp.a(alt_getchar.o) (jtag_uart)
../transmit_bsp/\libhal_bsp.a(altera_avalon_jtag_uart_read.o)
                              ../transmit_bsp/\libhal_bsp.a(alt_getchar.o) (altera_avalon_jtag_uart_read)
../transmit_bsp/\libhal_bsp.a(alt_busy_sleep.o)
                              ../transmit_bsp/\libhal_bsp.a(alt_usleep.o) (alt_busy_sleep)
../transmit_bsp/\libhal_bsp.a(alt_dcache_flush_all.o)
                              ../transmit_bsp/\libhal_bsp.a(alt_load.o) (alt_dcache_flush_all)
../transmit_bsp/\libhal_bsp.a(alt_dev.o)
                              ../transmit_bsp/\libhal_bsp.a(alt_getchar.o) (alt_fd_list)
../transmit_bsp/\libhal_bsp.a(alt_icache_flush_all.o)
                              ../transmit_bsp/\libhal_bsp.a(alt_load.o) (alt_icache_flush_all)
../transmit_bsp/\libhal_bsp.a(altera_nios2_gen2_irq.o)
                              ../transmit_bsp/\libhal_bsp.a(alt_sys_init.o) (altera_nios2_gen2_irq_init)
c:/altera/15.1/nios2eds/bin/gnu/h-x86_64-mingw32/bin/../lib/gcc/nios2-elf/4.9.2/mno-hw-mul\libgcc.a(lib2-divmod.o)
                              ../transmit_bsp/\libhal_bsp.a(alt_busy_sleep.o) (__udivsi3)
c:/altera/15.1/nios2eds/bin/gnu/h-x86_64-mingw32/bin/../lib/gcc/nios2-elf/4.9.2/mno-hw-mul\libgcc.a(lib2-mul.o)
                              ../transmit_bsp/\libhal_bsp.a(alt_busy_sleep.o) (__mulsi3)

Memory Configuration

Name             Origin             Length             Attributes
reset            0x0000000000001000 0x0000000000000020
onchip_memory    0x0000000000001020 0x0000000000000fe0
*default*        0x0000000000000000 0xffffffffffffffff

Linker script and memory map

LOAD ../transmit_bsp//obj/HAL/src/crt0.o
LOAD obj/default/hello_world_small.o
LOAD c:/altera/15.1/nios2eds/bin/gnu/h-x86_64-mingw32/bin/../lib/gcc/nios2-elf/4.9.2/../../../../../H-x86_64-mingw32/nios2-elf/lib/mno-hw-mul\libstdc++.a
LOAD c:/altera/15.1/nios2eds/bin/gnu/h-x86_64-mingw32/bin/../lib/gcc/nios2-elf/4.9.2/../../../../../H-x86_64-mingw32/nios2-elf/lib/mno-hw-mul\libm.a
LOAD c:/altera/15.1/nios2eds/bin/gnu/h-x86_64-mingw32/bin/../lib/gcc/nios2-elf/4.9.2/mno-hw-mul\libgcc.a
START GROUP
LOAD c:/altera/15.1/nios2eds/bin/gnu/h-x86_64-mingw32/bin/../lib/gcc/nios2-elf/4.9.2/../../../../../H-x86_64-mingw32/nios2-elf/lib/mno-hw-mul\libsmallc.a
LOAD c:/altera/15.1/nios2eds/bin/gnu/h-x86_64-mingw32/bin/../lib/gcc/nios2-elf/4.9.2/mno-hw-mul\libgcc.a
LOAD ../transmit_bsp/\libhal_bsp.a
LOAD c:/altera/15.1/nios2eds/bin/gnu/h-x86_64-mingw32/bin/../lib/gcc/nios2-elf/4.9.2/../../../../../H-x86_64-mingw32/nios2-elf/lib/mno-hw-mul\libm.a
END GROUP
LOAD c:/altera/15.1/nios2eds/bin/gnu/h-x86_64-mingw32/bin/../lib/gcc/nios2-elf/4.9.2/mno-hw-mul\libgcc.a
                0x0000000000001000                __alt_mem_onchip_memory = 0x1000

.entry          0x0000000000001000       0x20
 *(.entry)
 .entry         0x0000000000001000       0x20 ../transmit_bsp//obj/HAL/src/crt0.o
                0x0000000000001000                __reset
                0x000000000000100c                _exit

.exceptions     0x0000000000001020        0x0
                0x0000000000001020                PROVIDE (__ram_exceptions_start, ABSOLUTE (.))
                0x0000000000001020                . = ALIGN (0x20)
 *(.irq)
 *(.exceptions.entry.label)
 *(.exceptions.entry.user)
 *(.exceptions.entry.ecc_fatal)
 *(.exceptions.entry)
 *(.exceptions.irqtest.user)
 *(.exceptions.irqtest)
 *(.exceptions.irqhandler.user)
 *(.exceptions.irqhandler)
 *(.exceptions.irqreturn.user)
 *(.exceptions.irqreturn)
 *(.exceptions.notirq.label)
 *(.exceptions.notirq.user)
 *(.exceptions.notirq)
 *(.exceptions.soft.user)
 *(.exceptions.soft)
 *(.exceptions.unknown.user)
 *(.exceptions.unknown)
 *(.exceptions.exit.label)
 *(.exceptions.exit.user)
 *(.exceptions.exit)
 *(.exceptions)
                0x0000000000001020                PROVIDE (__ram_exceptions_end, ABSOLUTE (.))
                0x0000000000001020                PROVIDE (__flash_exceptions_start, LOADADDR (.exceptions))

.text           0x0000000000001020      0x704
                0x0000000000001020                PROVIDE (stext, ABSOLUTE (.))
 *(.interp)
 *(.hash)
 *(.dynsym)
 *(.dynstr)
 *(.gnu.version)
 *(.gnu.version_d)
 *(.gnu.version_r)
 *(.rel.init)
 *(.rela.init)
 *(.rel.text .rel.text.* .rel.gnu.linkonce.t.*)
 *(.rela.text .rela.text.* .rela.gnu.linkonce.t.*)
 *(.rel.fini)
 *(.rela.fini)
 *(.rel.rodata .rel.rodata.* .rel.gnu.linkonce.r.*)
 *(.rela.rodata .rela.rodata.* .rela.gnu.linkonce.r.*)
 *(.rel.data .rel.data.* .rel.gnu.linkonce.d.*)
 *(.rela.data .rela.data.* .rela.gnu.linkonce.d.*)
 *(.rel.tdata .rel.tdata.* .rel.gnu.linkonce.td.*)
 *(.rela.tdata .rela.tdata.* .rela.gnu.linkonce.td.*)
 *(.rel.tbss .rel.tbss.* .rel.gnu.linkonce.tb.*)
 *(.rela.tbss .rela.tbss.* .rela.gnu.linkonce.tb.*)
 *(.rel.ctors)
 *(.rela.ctors)
 *(.rel.dtors)
 *(.rela.dtors)
 *(.rel.got)
 *(.rela.got)
 *(.rel.sdata .rel.sdata.* .rel.gnu.linkonce.s.*)
 *(.rela.sdata .rela.sdata.* .rela.gnu.linkonce.s.*)
 *(.rel.sbss .rel.sbss.* .rel.gnu.linkonce.sb.*)
 *(.rela.sbss .rela.sbss.* .rela.gnu.linkonce.sb.*)
 *(.rel.sdata2 .rel.sdata2.* .rel.gnu.linkonce.s2.*)
 *(.rela.sdata2 .rela.sdata2.* .rela.gnu.linkonce.s2.*)
 *(.rel.sbss2 .rel.sbss2.* .rel.gnu.linkonce.sb2.*)
 *(.rela.sbss2 .rela.sbss2.* .rela.gnu.linkonce.sb2.*)
 *(.rel.bss .rel.bss.* .rel.gnu.linkonce.b.*)
 *(.rela.bss .rela.bss.* .rela.gnu.linkonce.b.*)
 *(.rel.plt)
 *(.rela.plt)
 *(.rel.dyn)
 *(.init)
 *(.plt)
 *(.text .stub .text.* .gnu.linkonce.t.*)
 .text          0x0000000000001020       0x3c ../transmit_bsp//obj/HAL/src/crt0.o
                0x0000000000001020                _start
 .text          0x000000000000105c        0x0 obj/default/hello_world_small.o
 .text.startup  0x000000000000105c       0xa0 obj/default/hello_world_small.o
                0x000000000000105c                main
 .text          0x00000000000010fc       0x64 ../transmit_bsp/\libhal_bsp.a(alt_getchar.o)
                0x00000000000010fc                alt_getchar
 .text          0x0000000000001160       0xe4 ../transmit_bsp/\libhal_bsp.a(alt_load.o)
                0x00000000000011c4                alt_load
 .text          0x0000000000001244       0x4c ../transmit_bsp/\libhal_bsp.a(alt_main.o)
                0x0000000000001244                alt_main
 .text          0x0000000000001290       0x30 ../transmit_bsp/\libhal_bsp.a(alt_usleep.o)
                0x0000000000001290                usleep
 .text          0x00000000000012c0       0x50 ../transmit_bsp/\libhal_bsp.a(alt_sys_init.o)
                0x00000000000012c0                alt_irq_init
                0x00000000000012f4                alt_sys_init
 .text          0x0000000000001310       0xe4 ../transmit_bsp/\libhal_bsp.a(altera_avalon_jtag_uart_read.o)
                0x0000000000001310                altera_avalon_jtag_uart_read
 .text          0x00000000000013f4      0x158 ../transmit_bsp/\libhal_bsp.a(alt_busy_sleep.o)
                0x00000000000013f4                alt_busy_sleep
 .text          0x000000000000154c       0x1c ../transmit_bsp/\libhal_bsp.a(alt_dcache_flush_all.o)
                0x000000000000154c                alt_dcache_flush_all
 .text          0x0000000000001568       0x2c ../transmit_bsp/\libhal_bsp.a(alt_dev.o)
 .text          0x0000000000001594       0x1c ../transmit_bsp/\libhal_bsp.a(alt_icache_flush_all.o)
                0x0000000000001594                alt_icache_flush_all
 .text          0x00000000000015b0       0x20 ../transmit_bsp/\libhal_bsp.a(altera_nios2_gen2_irq.o)
                0x00000000000015b0                altera_nios2_gen2_irq_init
 .text          0x00000000000015d0      0x12c c:/altera/15.1/nios2eds/bin/gnu/h-x86_64-mingw32/bin/../lib/gcc/nios2-elf/4.9.2/mno-hw-mul\libgcc.a(lib2-divmod.o)
                0x000000000000163c                __divsi3
                0x0000000000001690                __modsi3
                0x00000000000016ec                __udivsi3
                0x00000000000016f4                __umodsi3
 .text          0x00000000000016fc       0x28 c:/altera/15.1/nios2eds/bin/gnu/h-x86_64-mingw32/bin/../lib/gcc/nios2-elf/4.9.2/mno-hw-mul\libgcc.a(lib2-mul.o)
                0x00000000000016fc                __mulsi3
 *(.gnu.warning.*)
 *(.fini)
                0x0000000000001724                PROVIDE (__etext, ABSOLUTE (.))
                0x0000000000001724                PROVIDE (_etext, ABSOLUTE (.))
                0x0000000000001724                PROVIDE (etext, ABSOLUTE (.))
 *(.eh_frame_hdr)
                0x0000000000001724                . = ALIGN (0x4)
                0x0000000000001724                PROVIDE (__preinit_array_start, ABSOLUTE (.))
 *(.preinit_array)
                0x0000000000001724                PROVIDE (__preinit_array_end, ABSOLUTE (.))
                0x0000000000001724                PROVIDE (__init_array_start, ABSOLUTE (.))
 *(.init_array)
                0x0000000000001724                PROVIDE (__init_array_end, ABSOLUTE (.))
                0x0000000000001724                PROVIDE (__fini_array_start, ABSOLUTE (.))
 *(.fini_array)
                0x0000000000001724                PROVIDE (__fini_array_end, ABSOLUTE (.))
 *(.eh_frame)
 *(.gcc_except_table .gcc_except_table.*)
 *(.dynamic)
                0x0000000000001724                PROVIDE (__CTOR_LIST__, ABSOLUTE (.))
 *(.ctors)
 *(SORT(.ctors.*))
                0x0000000000001724                PROVIDE (__CTOR_END__, ABSOLUTE (.))
                0x0000000000001724                PROVIDE (__DTOR_LIST__, ABSOLUTE (.))
 *(.dtors)
 *(SORT(.dtors.*))
                0x0000000000001724                PROVIDE (__DTOR_END__, ABSOLUTE (.))
 *(.jcr)
                0x0000000000001724                . = ALIGN (0x4)

.rodata         0x0000000000001724        0xc
                0x0000000000001724                PROVIDE (__ram_rodata_start, ABSOLUTE (.))
                0x0000000000001724                . = ALIGN (0x4)
 *(.rodata .rodata.* .gnu.linkonce.r.*)
 .rodata        0x0000000000001724        0xc ../transmit_bsp/\libhal_bsp.a(alt_dev.o)
 *(.rodata1)
                0x0000000000001730                . = ALIGN (0x4)
                0x0000000000001730                PROVIDE (__ram_rodata_end, ABSOLUTE (.))
                0x0000000000001724                PROVIDE (__flash_rodata_start, LOADADDR (.rodata))

.rwdata         0x0000000000001730       0x70 load address 0x00000000000017a0
                0x0000000000001730                PROVIDE (__ram_rwdata_start, ABSOLUTE (.))
                0x0000000000001730                . = ALIGN (0x4)
 *(.got.plt)
 *(.got)
 *(.data1)
 *(.data .data.* .gnu.linkonce.d.*)
 .data          0x0000000000001730        0x0 ../transmit_bsp//obj/HAL/src/crt0.o
 .data          0x0000000000001730        0x0 obj/default/hello_world_small.o
 .data          0x0000000000001730        0x0 ../transmit_bsp/\libhal_bsp.a(alt_getchar.o)
 .data          0x0000000000001730        0x0 ../transmit_bsp/\libhal_bsp.a(alt_load.o)
 .data          0x0000000000001730        0x0 ../transmit_bsp/\libhal_bsp.a(alt_main.o)
 .data          0x0000000000001730        0x0 ../transmit_bsp/\libhal_bsp.a(alt_usleep.o)
 .data          0x0000000000001730        0x0 ../transmit_bsp/\libhal_bsp.a(alt_sys_init.o)
 .data          0x0000000000001730        0x0 ../transmit_bsp/\libhal_bsp.a(altera_avalon_jtag_uart_read.o)
 .data          0x0000000000001730        0x0 ../transmit_bsp/\libhal_bsp.a(alt_busy_sleep.o)
 .data          0x0000000000001730        0x0 ../transmit_bsp/\libhal_bsp.a(alt_dcache_flush_all.o)
 .data          0x0000000000001730       0x58 ../transmit_bsp/\libhal_bsp.a(alt_dev.o)
                0x0000000000001730                alt_dev_null
                0x0000000000001758                alt_fd_list
 .data          0x0000000000001788        0x0 ../transmit_bsp/\libhal_bsp.a(alt_icache_flush_all.o)
 .data          0x0000000000001788        0x0 ../transmit_bsp/\libhal_bsp.a(altera_nios2_gen2_irq.o)
 .data          0x0000000000001788        0x0 c:/altera/15.1/nios2eds/bin/gnu/h-x86_64-mingw32/bin/../lib/gcc/nios2-elf/4.9.2/mno-hw-mul\libgcc.a(lib2-divmod.o)
 .data          0x0000000000001788        0x0 c:/altera/15.1/nios2eds/bin/gnu/h-x86_64-mingw32/bin/../lib/gcc/nios2-elf/4.9.2/mno-hw-mul\libgcc.a(lib2-mul.o)
                0x0000000000009788                _gp = ABSOLUTE ((. + 0x8000))
                0x0000000000009788                PROVIDE (gp, _gp)
 *(.rwdata .rwdata.*)
 *(.sdata .sdata.* .gnu.linkonce.s.*)
 .sdata         0x0000000000001788        0x4 ../transmit_bsp/\libhal_bsp.a(alt_sys_init.o)
                0x0000000000001788                jtag_uart
 .sdata         0x000000000000178c       0x14 ../transmit_bsp/\libhal_bsp.a(alt_dev.o)
                0x000000000000178c                alt_fs_list
                0x0000000000001794                alt_dev_list
                0x000000000000179c                alt_max_fd
 *(.sdata2 .sdata2.* .gnu.linkonce.s2.*)
                0x00000000000017a0                . = ALIGN (0x4)
                0x00000000000017a0                _edata = ABSOLUTE (.)
                0x00000000000017a0                PROVIDE (edata, ABSOLUTE (.))
                0x00000000000017a0                PROVIDE (__ram_rwdata_end, ABSOLUTE (.))
                0x00000000000017a0                PROVIDE (__flash_rwdata_start, LOADADDR (.rwdata))

.bss            0x0000000000001810        0xc
                0x0000000000001810                __bss_start = ABSOLUTE (.)
                0x0000000000001810                PROVIDE (__sbss_start, ABSOLUTE (.))
                0x0000000000001810                PROVIDE (___sbss_start, ABSOLUTE (.))
 *(.dynsbss)
 *(.sbss .sbss.* .gnu.linkonce.sb.*)
 .sbss          0x0000000000001810        0xc ../transmit_bsp/\libhal_bsp.a(alt_main.o)
                0x0000000000001810                alt_argc
                0x0000000000001814                alt_argv
                0x0000000000001818                alt_envp
 *(.sbss2 .sbss2.* .gnu.linkonce.sb2.*)
 *(.scommon)
                0x000000000000181c                PROVIDE (__sbss_end, ABSOLUTE (.))
                0x000000000000181c                PROVIDE (___sbss_end, ABSOLUTE (.))
 *(.dynbss)
 *(.bss .bss.* .gnu.linkonce.b.*)
 .bss           0x000000000000181c        0x0 ../transmit_bsp//obj/HAL/src/crt0.o
 .bss           0x000000000000181c        0x0 obj/default/hello_world_small.o
 .bss           0x000000000000181c        0x0 ../transmit_bsp/\libhal_bsp.a(alt_getchar.o)
 .bss           0x000000000000181c        0x0 ../transmit_bsp/\libhal_bsp.a(alt_load.o)
 .bss           0x000000000000181c        0x0 ../transmit_bsp/\libhal_bsp.a(alt_main.o)
 .bss           0x000000000000181c        0x0 ../transmit_bsp/\libhal_bsp.a(alt_usleep.o)
 .bss           0x000000000000181c        0x0 ../transmit_bsp/\libhal_bsp.a(alt_sys_init.o)
 .bss           0x000000000000181c        0x0 ../transmit_bsp/\libhal_bsp.a(altera_avalon_jtag_uart_read.o)
 .bss           0x000000000000181c        0x0 ../transmit_bsp/\libhal_bsp.a(alt_busy_sleep.o)
 .bss           0x000000000000181c        0x0 ../transmit_bsp/\libhal_bsp.a(alt_dcache_flush_all.o)
 .bss           0x000000000000181c        0x0 ../transmit_bsp/\libhal_bsp.a(alt_dev.o)
 .bss           0x000000000000181c        0x0 ../transmit_bsp/\libhal_bsp.a(alt_icache_flush_all.o)
 .bss           0x000000000000181c        0x0 ../transmit_bsp/\libhal_bsp.a(altera_nios2_gen2_irq.o)
 .bss           0x000000000000181c        0x0 c:/altera/15.1/nios2eds/bin/gnu/h-x86_64-mingw32/bin/../lib/gcc/nios2-elf/4.9.2/mno-hw-mul\libgcc.a(lib2-divmod.o)
 .bss           0x000000000000181c        0x0 c:/altera/15.1/nios2eds/bin/gnu/h-x86_64-mingw32/bin/../lib/gcc/nios2-elf/4.9.2/mno-hw-mul\libgcc.a(lib2-mul.o)
 *(COMMON)
                0x000000000000181c                . = ALIGN (0x4)
                0x000000000000181c                __bss_end = ABSOLUTE (.)

.onchip_memory  0x000000000000181c        0x0
                0x000000000000181c                PROVIDE (_alt_partition_onchip_memory_start, ABSOLUTE (.))
 *(.onchip_memory .onchip_memory. onchip_memory.*)
                0x000000000000181c                . = ALIGN (0x4)
                0x000000000000181c                PROVIDE (_alt_partition_onchip_memory_end, ABSOLUTE (.))
                0x000000000000181c                _end = ABSOLUTE (.)
                0x000000000000181c                end = ABSOLUTE (.)
                0x000000000000181c                __alt_stack_base = ABSOLUTE (.)
                0x000000000000181c                PROVIDE (_alt_partition_onchip_memory_load_addr, LOADADDR (.onchip_memory))

.stab
 *(.stab)

.stabstr
 *(.stabstr)

.stab.excl
 *(.stab.excl)

.stab.exclstr
 *(.stab.exclstr)

.stab.index
 *(.stab.index)

.stab.indexstr
 *(.stab.indexstr)

.comment        0x0000000000000000       0x23
 *(.comment)
 .comment       0x0000000000000000       0x23 obj/default/hello_world_small.o
                                         0x24 (size before relaxing)
 .comment       0x0000000000000000       0x24 ../transmit_bsp/\libhal_bsp.a(alt_getchar.o)
 .comment       0x0000000000000000       0x24 ../transmit_bsp/\libhal_bsp.a(alt_load.o)
 .comment       0x0000000000000000       0x24 ../transmit_bsp/\libhal_bsp.a(alt_main.o)
 .comment       0x0000000000000000       0x24 ../transmit_bsp/\libhal_bsp.a(alt_usleep.o)
 .comment       0x0000000000000000       0x24 ../transmit_bsp/\libhal_bsp.a(alt_sys_init.o)
 .comment       0x0000000000000000       0x24 ../transmit_bsp/\libhal_bsp.a(altera_avalon_jtag_uart_read.o)
 .comment       0x0000000000000000       0x24 ../transmit_bsp/\libhal_bsp.a(alt_busy_sleep.o)
 .comment       0x0000000000000000       0x24 ../transmit_bsp/\libhal_bsp.a(alt_dcache_flush_all.o)
 .comment       0x0000000000000000       0x24 ../transmit_bsp/\libhal_bsp.a(alt_dev.o)
 .comment       0x0000000000000000       0x24 ../transmit_bsp/\libhal_bsp.a(alt_icache_flush_all.o)
 .comment       0x0000000000000000       0x24 ../transmit_bsp/\libhal_bsp.a(altera_nios2_gen2_irq.o)
 .comment       0x0000000000000000       0x24 c:/altera/15.1/nios2eds/bin/gnu/h-x86_64-mingw32/bin/../lib/gcc/nios2-elf/4.9.2/mno-hw-mul\libgcc.a(lib2-divmod.o)
 .comment       0x0000000000000000       0x24 c:/altera/15.1/nios2eds/bin/gnu/h-x86_64-mingw32/bin/../lib/gcc/nios2-elf/4.9.2/mno-hw-mul\libgcc.a(lib2-mul.o)

.debug
 *(.debug)

.line
 *(.line)

.debug_srcinfo
 *(.debug_srcinfo)

.debug_sfnames
 *(.debug_sfnames)

.debug_aranges  0x0000000000000000      0x1e8
 *(.debug_aranges)
 .debug_aranges
                0x0000000000000000       0x28 ../transmit_bsp//obj/HAL/src/crt0.o
 .debug_aranges
                0x0000000000000028       0x20 obj/default/hello_world_small.o
 .debug_aranges
                0x0000000000000048       0x20 ../transmit_bsp/\libhal_bsp.a(alt_getchar.o)
 .debug_aranges
                0x0000000000000068       0x20 ../transmit_bsp/\libhal_bsp.a(alt_load.o)
 .debug_aranges
                0x0000000000000088       0x20 ../transmit_bsp/\libhal_bsp.a(alt_main.o)
 .debug_aranges
                0x00000000000000a8       0x20 ../transmit_bsp/\libhal_bsp.a(alt_usleep.o)
 .debug_aranges
                0x00000000000000c8       0x20 ../transmit_bsp/\libhal_bsp.a(alt_sys_init.o)
 .debug_aranges
                0x00000000000000e8       0x20 ../transmit_bsp/\libhal_bsp.a(altera_avalon_jtag_uart_read.o)
 .debug_aranges
                0x0000000000000108       0x20 ../transmit_bsp/\libhal_bsp.a(alt_busy_sleep.o)
 .debug_aranges
                0x0000000000000128       0x20 ../transmit_bsp/\libhal_bsp.a(alt_dcache_flush_all.o)
 .debug_aranges
                0x0000000000000148       0x20 ../transmit_bsp/\libhal_bsp.a(alt_dev.o)
 .debug_aranges
                0x0000000000000168       0x20 ../transmit_bsp/\libhal_bsp.a(alt_icache_flush_all.o)
 .debug_aranges
                0x0000000000000188       0x20 ../transmit_bsp/\libhal_bsp.a(altera_nios2_gen2_irq.o)
 .debug_aranges
                0x00000000000001a8       0x20 c:/altera/15.1/nios2eds/bin/gnu/h-x86_64-mingw32/bin/../lib/gcc/nios2-elf/4.9.2/mno-hw-mul\libgcc.a(lib2-divmod.o)
 .debug_aranges
                0x00000000000001c8       0x20 c:/altera/15.1/nios2eds/bin/gnu/h-x86_64-mingw32/bin/../lib/gcc/nios2-elf/4.9.2/mno-hw-mul\libgcc.a(lib2-mul.o)

.debug_pubnames
 *(.debug_pubnames)

.debug_info     0x0000000000000000     0x148c
 *(.debug_info .gnu.linkonce.wi.*)
 .debug_info    0x0000000000000000       0x65 ../transmit_bsp//obj/HAL/src/crt0.o
 .debug_info    0x0000000000000065      0x11d obj/default/hello_world_small.o
 .debug_info    0x0000000000000182      0x306 ../transmit_bsp/\libhal_bsp.a(alt_getchar.o)
 .debug_info    0x0000000000000488      0x13e ../transmit_bsp/\libhal_bsp.a(alt_load.o)
 .debug_info    0x00000000000005c6      0x117 ../transmit_bsp/\libhal_bsp.a(alt_main.o)
 .debug_info    0x00000000000006dd       0xa9 ../transmit_bsp/\libhal_bsp.a(alt_usleep.o)
 .debug_info    0x0000000000000786      0x169 ../transmit_bsp/\libhal_bsp.a(alt_sys_init.o)
 .debug_info    0x00000000000008ef      0x1af ../transmit_bsp/\libhal_bsp.a(altera_avalon_jtag_uart_read.o)
 .debug_info    0x0000000000000a9e       0xd0 ../transmit_bsp/\libhal_bsp.a(alt_busy_sleep.o)
 .debug_info    0x0000000000000b6e       0x8b ../transmit_bsp/\libhal_bsp.a(alt_dcache_flush_all.o)
 .debug_info    0x0000000000000bf9      0x495 ../transmit_bsp/\libhal_bsp.a(alt_dev.o)
 .debug_info    0x000000000000108e       0x8b ../transmit_bsp/\libhal_bsp.a(alt_icache_flush_all.o)
 .debug_info    0x0000000000001119       0x8b ../transmit_bsp/\libhal_bsp.a(altera_nios2_gen2_irq.o)
 .debug_info    0x00000000000011a4      0x234 c:/altera/15.1/nios2eds/bin/gnu/h-x86_64-mingw32/bin/../lib/gcc/nios2-elf/4.9.2/mno-hw-mul\libgcc.a(lib2-divmod.o)
 .debug_info    0x00000000000013d8       0xb4 c:/altera/15.1/nios2eds/bin/gnu/h-x86_64-mingw32/bin/../lib/gcc/nios2-elf/4.9.2/mno-hw-mul\libgcc.a(lib2-mul.o)

.debug_abbrev   0x0000000000000000      0x881
 *(.debug_abbrev)
 .debug_abbrev  0x0000000000000000       0x12 ../transmit_bsp//obj/HAL/src/crt0.o
 .debug_abbrev  0x0000000000000012       0xab obj/default/hello_world_small.o
 .debug_abbrev  0x00000000000000bd       0xf5 ../transmit_bsp/\libhal_bsp.a(alt_getchar.o)
 .debug_abbrev  0x00000000000001b2       0x9f ../transmit_bsp/\libhal_bsp.a(alt_load.o)
 .debug_abbrev  0x0000000000000251       0xa9 ../transmit_bsp/\libhal_bsp.a(alt_main.o)
 .debug_abbrev  0x00000000000002fa       0x60 ../transmit_bsp/\libhal_bsp.a(alt_usleep.o)
 .debug_abbrev  0x000000000000035a       0xeb ../transmit_bsp/\libhal_bsp.a(alt_sys_init.o)
 .debug_abbrev  0x0000000000000445       0xd7 ../transmit_bsp/\libhal_bsp.a(altera_avalon_jtag_uart_read.o)
 .debug_abbrev  0x000000000000051c       0x7e ../transmit_bsp/\libhal_bsp.a(alt_busy_sleep.o)
 .debug_abbrev  0x000000000000059a       0x42 ../transmit_bsp/\libhal_bsp.a(alt_dcache_flush_all.o)
 .debug_abbrev  0x00000000000005dc       0xd9 ../transmit_bsp/\libhal_bsp.a(alt_dev.o)
 .debug_abbrev  0x00000000000006b5       0x42 ../transmit_bsp/\libhal_bsp.a(alt_icache_flush_all.o)
 .debug_abbrev  0x00000000000006f7       0x42 ../transmit_bsp/\libhal_bsp.a(altera_nios2_gen2_irq.o)
 .debug_abbrev  0x0000000000000739       0xd9 c:/altera/15.1/nios2eds/bin/gnu/h-x86_64-mingw32/bin/../lib/gcc/nios2-elf/4.9.2/mno-hw-mul\libgcc.a(lib2-divmod.o)
 .debug_abbrev  0x0000000000000812       0x6f c:/altera/15.1/nios2eds/bin/gnu/h-x86_64-mingw32/bin/../lib/gcc/nios2-elf/4.9.2/mno-hw-mul\libgcc.a(lib2-mul.o)

.debug_line     0x0000000000000000      0x91a
 *(.debug_line)
 .debug_line    0x0000000000000000       0x66 ../transmit_bsp//obj/HAL/src/crt0.o
 .debug_line    0x0000000000000066       0x86 obj/default/hello_world_small.o
 .debug_line    0x00000000000000ec       0xb1 ../transmit_bsp/\libhal_bsp.a(alt_getchar.o)
 .debug_line    0x000000000000019d       0x8d ../transmit_bsp/\libhal_bsp.a(alt_load.o)
 .debug_line    0x000000000000022a       0x99 ../transmit_bsp/\libhal_bsp.a(alt_main.o)
 .debug_line    0x00000000000002c3       0xa5 ../transmit_bsp/\libhal_bsp.a(alt_usleep.o)
 .debug_line    0x0000000000000368       0xe9 ../transmit_bsp/\libhal_bsp.a(alt_sys_init.o)
 .debug_line    0x0000000000000451       0xff ../transmit_bsp/\libhal_bsp.a(altera_avalon_jtag_uart_read.o)
 .debug_line    0x0000000000000550       0xa2 ../transmit_bsp/\libhal_bsp.a(alt_busy_sleep.o)
 .debug_line    0x00000000000005f2       0x51 ../transmit_bsp/\libhal_bsp.a(alt_dcache_flush_all.o)
 .debug_line    0x0000000000000643       0xf0 ../transmit_bsp/\libhal_bsp.a(alt_dev.o)
 .debug_line    0x0000000000000733       0x4f ../transmit_bsp/\libhal_bsp.a(alt_icache_flush_all.o)
 .debug_line    0x0000000000000782       0x51 ../transmit_bsp/\libhal_bsp.a(altera_nios2_gen2_irq.o)
 .debug_line    0x00000000000007d3       0xc7 c:/altera/15.1/nios2eds/bin/gnu/h-x86_64-mingw32/bin/../lib/gcc/nios2-elf/4.9.2/mno-hw-mul\libgcc.a(lib2-divmod.o)
 .debug_line    0x000000000000089a       0x80 c:/altera/15.1/nios2eds/bin/gnu/h-x86_64-mingw32/bin/../lib/gcc/nios2-elf/4.9.2/mno-hw-mul\libgcc.a(lib2-mul.o)

.debug_frame    0x0000000000000000      0x378
 *(.debug_frame)
 .debug_frame   0x0000000000000000       0x30 obj/default/hello_world_small.o
 .debug_frame   0x0000000000000030       0x38 ../transmit_bsp/\libhal_bsp.a(alt_getchar.o)
 .debug_frame   0x0000000000000068       0x5c ../transmit_bsp/\libhal_bsp.a(alt_load.o)
 .debug_frame   0x00000000000000c4       0x38 ../transmit_bsp/\libhal_bsp.a(alt_main.o)
 .debug_frame   0x00000000000000fc       0x38 ../transmit_bsp/\libhal_bsp.a(alt_usleep.o)
 .debug_frame   0x0000000000000134       0x5c ../transmit_bsp/\libhal_bsp.a(alt_sys_init.o)
 .debug_frame   0x0000000000000190       0x34 ../transmit_bsp/\libhal_bsp.a(altera_avalon_jtag_uart_read.o)
 .debug_frame   0x00000000000001c4       0x38 ../transmit_bsp/\libhal_bsp.a(alt_busy_sleep.o)
 .debug_frame   0x00000000000001fc       0x34 ../transmit_bsp/\libhal_bsp.a(alt_dcache_flush_all.o)
 .debug_frame   0x0000000000000230       0x34 ../transmit_bsp/\libhal_bsp.a(alt_dev.o)
 .debug_frame   0x0000000000000264       0x34 ../transmit_bsp/\libhal_bsp.a(alt_icache_flush_all.o)
 .debug_frame   0x0000000000000298       0x34 ../transmit_bsp/\libhal_bsp.a(altera_nios2_gen2_irq.o)
 .debug_frame   0x00000000000002cc       0x8c c:/altera/15.1/nios2eds/bin/gnu/h-x86_64-mingw32/bin/../lib/gcc/nios2-elf/4.9.2/mno-hw-mul\libgcc.a(lib2-divmod.o)
 .debug_frame   0x0000000000000358       0x20 c:/altera/15.1/nios2eds/bin/gnu/h-x86_64-mingw32/bin/../lib/gcc/nios2-elf/4.9.2/mno-hw-mul\libgcc.a(lib2-mul.o)

.debug_str      0x0000000000000000      0x82c
 *(.debug_str)
 .debug_str     0x0000000000000000       0xef obj/default/hello_world_small.o
                                        0x12d (size before relaxing)
 .debug_str     0x00000000000000ef      0x15c ../transmit_bsp/\libhal_bsp.a(alt_getchar.o)
                                        0x210 (size before relaxing)
 .debug_str     0x000000000000024b       0xf1 ../transmit_bsp/\libhal_bsp.a(alt_load.o)
                                        0x1ec (size before relaxing)
 .debug_str     0x000000000000033c       0x44 ../transmit_bsp/\libhal_bsp.a(alt_main.o)
                                        0x170 (size before relaxing)
 .debug_str     0x0000000000000380       0x20 ../transmit_bsp/\libhal_bsp.a(alt_usleep.o)
                                        0x122 (size before relaxing)
 .debug_str     0x00000000000003a0       0x85 ../transmit_bsp/\libhal_bsp.a(alt_sys_init.o)
                                        0x1e3 (size before relaxing)
 .debug_str     0x0000000000000425       0x3d ../transmit_bsp/\libhal_bsp.a(altera_avalon_jtag_uart_read.o)
                                        0x1f9 (size before relaxing)
 .debug_str     0x0000000000000462       0x42 ../transmit_bsp/\libhal_bsp.a(alt_busy_sleep.o)
                                        0x145 (size before relaxing)
 .debug_str     0x00000000000004a4       0x34 ../transmit_bsp/\libhal_bsp.a(alt_dcache_flush_all.o)
                                        0x12f (size before relaxing)
 .debug_str     0x00000000000004d8      0x120 ../transmit_bsp/\libhal_bsp.a(alt_dev.o)
                                        0x2df (size before relaxing)
 .debug_str     0x00000000000005f8       0x34 ../transmit_bsp/\libhal_bsp.a(alt_icache_flush_all.o)
                                        0x12f (size before relaxing)
 .debug_str     0x000000000000062c       0x3b ../transmit_bsp/\libhal_bsp.a(altera_nios2_gen2_irq.o)
                                        0x136 (size before relaxing)
 .debug_str     0x0000000000000667      0x185 c:/altera/15.1/nios2eds/bin/gnu/h-x86_64-mingw32/bin/../lib/gcc/nios2-elf/4.9.2/mno-hw-mul\libgcc.a(lib2-divmod.o)
                                        0x1d0 (size before relaxing)
 .debug_str     0x00000000000007ec       0x40 c:/altera/15.1/nios2eds/bin/gnu/h-x86_64-mingw32/bin/../lib/gcc/nios2-elf/4.9.2/mno-hw-mul\libgcc.a(lib2-mul.o)
                                        0x191 (size before relaxing)

.debug_loc      0x0000000000000000      0x324
 *(.debug_loc)
 .debug_loc     0x0000000000000000       0x1e obj/default/hello_world_small.o
 .debug_loc     0x000000000000001e      0x273 c:/altera/15.1/nios2eds/bin/gnu/h-x86_64-mingw32/bin/../lib/gcc/nios2-elf/4.9.2/mno-hw-mul\libgcc.a(lib2-divmod.o)
 .debug_loc     0x0000000000000291       0x93 c:/altera/15.1/nios2eds/bin/gnu/h-x86_64-mingw32/bin/../lib/gcc/nios2-elf/4.9.2/mno-hw-mul\libgcc.a(lib2-mul.o)

.debug_macinfo
 *(.debug_macinfo)

.debug_weaknames
 *(.debug_weaknames)

.debug_funcnames
 *(.debug_funcnames)

.debug_typenames
 *(.debug_typenames)

.debug_varnames
 *(.debug_varnames)

.debug_alt_sim_info
                0x0000000000000000       0x40
 *(.debug_alt_sim_info)
 .debug_alt_sim_info
                0x0000000000000000       0x10 ../transmit_bsp//obj/HAL/src/crt0.o
 .debug_alt_sim_info
                0x0000000000000010       0x30 ../transmit_bsp/\libhal_bsp.a(alt_busy_sleep.o)
                0x0000000000002000                __alt_data_end = 0x2000
                0x0000000000002000                PROVIDE (__alt_stack_pointer, __alt_data_end)
                0x000000000000181c                PROVIDE (__alt_stack_limit, __alt_stack_base)
                0x000000000000181c                PROVIDE (__alt_heap_start, end)
                0x0000000000002000                PROVIDE (__alt_heap_limit, 0x2000)
OUTPUT(transmit.elf elf32-littlenios2)

.debug_ranges   0x0000000000000000       0x30
 .debug_ranges  0x0000000000000000       0x20 ../transmit_bsp//obj/HAL/src/crt0.o
 .debug_ranges  0x0000000000000020       0x10 obj/default/hello_world_small.o
